Command line invocation:
    /Applications/Xcode.app/Contents/Developer/usr/bin/xcodebuild -scheme YAAM -destination platform=macOS -derivedDataPath build/CleanDerivedData build

Resolve Package Graph

Fetching from https://github.com/mattackerman808/ft8-808 (cached)

Creating working copy of package ‘ft8-808’

Checking out efe779c6bab3c5ee7c359378614debfd14ae1e00 of package ‘ft8-808’


Resolved source packages:
  FT8808: https://github.com/mattackerman808/ft8-808 @ efe779c

2026-09-13 15:55:07.628 xcodebuild[46991:13958987] [MT] IDERunDestination: Supported platforms for the buildables in the current scheme is empty.
--- xcodebuild: WARNING: Using the first of multiple matching destinations:
{ platform:macOS, arch:arm64, id:00006040-0012101A1A28801C, name:My Mac }
{ platform:macOS, arch:x86_64, id:00006040-0012101A1A28801C, name:My Mac }
ComputePackagePrebuildTargetDependencyGraph

Prepare packages

CreateBuildRequest

SendProjectDescription

CreateBuildOperation

ComputeTargetDependencyGraph
note: Building targets in dependency order
note: Target dependency graph (6 targets)
    Target 'YAAM' in project 'YAAM'
        ➜ Explicit dependency on target 'FT8Codec' in project 'FT8808'
        ➜ Explicit dependency on target 'FT8808Engine' in project 'FT8808'
    Target 'FT8808Engine' in project 'FT8808'
        ➜ Explicit dependency on target 'FT8808Engine' in project 'FT8808'
        ➜ Explicit dependency on target 'CFT8' in project 'FT8808'
        ➜ Explicit dependency on target 'FT8Codec' in project 'FT8808'
    Target 'FT8808Engine' in project 'FT8808'
        ➜ Explicit dependency on target 'CFT8' in project 'FT8808'
        ➜ Explicit dependency on target 'FT8Codec' in project 'FT8808'
    Target 'FT8Codec' in project 'FT8808'
        ➜ Explicit dependency on target 'FT8Codec' in project 'FT8808'
        ➜ Explicit dependency on target 'CFT8' in project 'FT8808'
    Target 'FT8Codec' in project 'FT8808'
        ➜ Explicit dependency on target 'CFT8' in project 'FT8808'
    Target 'CFT8' in project 'FT8808' (no dependencies)

GatherProvisioningInputs

CreateBuildDescription

ExecuteExternalTool /Applications/Xcode.app/Contents/Developer/Toolchains/XcodeDefault.xctoolchain/usr/bin/swiftc --version

ExecuteExternalTool /Applications/Xcode.app/Contents/Developer/Toolchains/XcodeDefault.xctoolchain/usr/bin/clang -v -E -dM -arch arm64 -isysroot /Applications/Xcode.app/Contents/Developer/Platforms/MacOSX.platform/Developer/SDKs/MacOSX26.5.sdk -x c -c /dev/null

ExecuteExternalTool /Applications/Xcode.app/Contents/Developer/Toolchains/XcodeDefault.xctoolchain/usr/bin/clang -v -E -dM -isysroot /Applications/Xcode.app/Contents/Developer/Platforms/MacOSX.platform/Developer/SDKs/MacOSX26.5.sdk -x c -c /dev/null

ExecuteExternalTool /Applications/Xcode.app/Contents/Developer/usr/bin/actool --version --output-format xml1

ExecuteExternalTool /Applications/Xcode.app/Contents/Developer/Toolchains/XcodeDefault.xctoolchain/usr/bin/ld -version_details

Build description signature: afe8a18e15d1da2d01082bb559871e28
Build description path: /Users/factoreal/Downloads/yaam/build/CleanDerivedData/Build/Intermediates.noindex/XCBuildData/afe8a18e15d1da2d01082bb559871e28.xcbuilddata
ClangStatCache /Applications/Xcode.app/Contents/Developer/Toolchains/XcodeDefault.xctoolchain/usr/bin/clang-stat-cache /Applications/Xcode.app/Contents/Developer/Platforms/MacOSX.platform/Developer/SDKs/MacOSX26.5.sdk /Users/factoreal/Downloads/yaam/build/CleanDerivedData/SDKStatCaches.noindex/macosx26.5-25F70-e082c4a02f00227109f4ed75e425c832.sdkstatcache
    cd /Users/factoreal/Downloads/yaam/YAAM.xcodeproj
    /Applications/Xcode.app/Contents/Developer/Toolchains/XcodeDefault.xctoolchain/usr/bin/clang-stat-cache /Applications/Xcode.app/Contents/Developer/Platforms/MacOSX.platform/Developer/SDKs/MacOSX26.5.sdk -o /Users/factoreal/Downloads/yaam/build/CleanDerivedData/SDKStatCaches.noindex/macosx26.5-25F70-e082c4a02f00227109f4ed75e425c832.sdkstatcache

CreateBuildDirectory /Users/factoreal/Downloads/yaam/build/CleanDerivedData/Build/Intermediates.noindex
    cd /Users/factoreal/Downloads/yaam/YAAM.xcodeproj
    builtin-create-build-directory /Users/factoreal/Downloads/yaam/build/CleanDerivedData/Build/Intermediates.noindex

CreateBuildDirectory /Users/factoreal/Downloads/yaam/build/CleanDerivedData/Build/Products
    cd /Users/factoreal/Downloads/yaam/YAAM.xcodeproj
    builtin-create-build-directory /Users/factoreal/Downloads/yaam/build/CleanDerivedData/Build/Products

CreateBuildDirectory /Users/factoreal/Downloads/yaam/build/CleanDerivedData/Build/Products/Debug
    cd /Users/factoreal/Downloads/yaam/YAAM.xcodeproj
    builtin-create-build-directory /Users/factoreal/Downloads/yaam/build/CleanDerivedData/Build/Products/Debug

CreateBuildDirectory /Users/factoreal/Downloads/yaam/build/CleanDerivedData/Build/Intermediates.noindex/SwiftExplicitPrecompiledModules
    cd /Users/factoreal/Downloads/yaam/YAAM.xcodeproj
    builtin-create-build-directory /Users/factoreal/Downloads/yaam/build/CleanDerivedData/Build/Intermediates.noindex/SwiftExplicitPrecompiledModules

CreateBuildDirectory /Users/factoreal/Downloads/yaam/build/CleanDerivedData/Build/Intermediates.noindex/ExplicitPrecompiledModules
    cd /Users/factoreal/Downloads/yaam/YAAM.xcodeproj
    builtin-create-build-directory /Users/factoreal/Downloads/yaam/build/CleanDerivedData/Build/Intermediates.noindex/ExplicitPrecompiledModules

CreateBuildDirectory /Users/factoreal/Downloads/yaam/build/CleanDerivedData/Build/Intermediates.noindex/EagerLinkingTBDs/Debug
    cd /Users/factoreal/Downloads/yaam/YAAM.xcodeproj
    builtin-create-build-directory /Users/factoreal/Downloads/yaam/build/CleanDerivedData/Build/Intermediates.noindex/EagerLinkingTBDs/Debug

WriteAuxiliaryFile /Users/factoreal/Downloads/yaam/build/CleanDerivedData/Build/Intermediates.noindex/YAAM.build/Debug/YAAM-9e204e6b454e3d379328f661e50d2b22-VFS/all-product-headers.yaml
    cd /Users/factoreal/Downloads/yaam/YAAM.xcodeproj
    write-file /Users/factoreal/Downloads/yaam/build/CleanDerivedData/Build/Intermediates.noindex/YAAM.build/Debug/YAAM-9e204e6b454e3d379328f661e50d2b22-VFS/all-product-headers.yaml

CreateBuildDirectory /Users/factoreal/Downloads/yaam/build/CleanDerivedData/Build/Products/Debug/PackageFrameworks
    cd /Users/factoreal/Downloads/yaam/YAAM.xcodeproj
    builtin-create-build-directory /Users/factoreal/Downloads/yaam/build/CleanDerivedData/Build/Products/Debug/PackageFrameworks

WriteAuxiliaryFile /Users/factoreal/Downloads/yaam/build/CleanDerivedData/Build/Intermediates.noindex/YAAM.build/Debug/YAAM.build/YAAM.DependencyMetadataFileList (in target 'YAAM' from project 'YAAM')
    cd /Users/factoreal/Downloads/yaam
    write-file /Users/factoreal/Downloads/yaam/build/CleanDerivedData/Build/Intermediates.noindex/YAAM.build/Debug/YAAM.build/YAAM.DependencyMetadataFileList

WriteAuxiliaryFile /Users/factoreal/Downloads/yaam/build/CleanDerivedData/Build/Intermediates.noindex/YAAM.build/Debug/YAAM.build/empty-YAAM.plist (in target 'YAAM' from project 'YAAM')
    cd /Users/factoreal/Downloads/yaam
    write-file /Users/factoreal/Downloads/yaam/build/CleanDerivedData/Build/Intermediates.noindex/YAAM.build/Debug/YAAM.build/empty-YAAM.plist

WriteAuxiliaryFile /Users/factoreal/Downloads/yaam/build/CleanDerivedData/Build/Intermediates.noindex/YAAM.build/Debug/YAAM.build/YAAM-project-headers.hmap (in target 'YAAM' from project 'YAAM')
    cd /Users/factoreal/Downloads/yaam
    write-file /Users/factoreal/Downloads/yaam/build/CleanDerivedData/Build/Intermediates.noindex/YAAM.build/Debug/YAAM.build/YAAM-project-headers.hmap

WriteAuxiliaryFile /Users/factoreal/Downloads/yaam/build/CleanDerivedData/Build/Intermediates.noindex/YAAM.build/Debug/YAAM.build/YAAM.hmap (in target 'YAAM' from project 'YAAM')
    cd /Users/factoreal/Downloads/yaam
    write-file /Users/factoreal/Downloads/yaam/build/CleanDerivedData/Build/Intermediates.noindex/YAAM.build/Debug/YAAM.build/YAAM.hmap

WriteAuxiliaryFile /Users/factoreal/Downloads/yaam/build/CleanDerivedData/Build/Intermediates.noindex/YAAM.build/Debug/YAAM.build/YAAM.DependencyStaticMetadataFileList (in target 'YAAM' from project 'YAAM')
    cd /Users/factoreal/Downloads/yaam
    write-file /Users/factoreal/Downloads/yaam/build/CleanDerivedData/Build/Intermediates.noindex/YAAM.build/Debug/YAAM.build/YAAM.DependencyStaticMetadataFileList

WriteAuxiliaryFile /Users/factoreal/Downloads/yaam/build/CleanDerivedData/Build/Intermediates.noindex/FT8808.build/Debug/FT8Codec.build/FT8Codec.DependencyStaticMetadataFileList (in target 'FT8Codec' from project 'FT8808')
    cd /Users/factoreal/Downloads/yaam/build/CleanDerivedData/SourcePackages/checkouts/ft8-808
    write-file /Users/factoreal/Downloads/yaam/build/CleanDerivedData/Build/Intermediates.noindex/FT8808.build/Debug/FT8Codec.build/FT8Codec.DependencyStaticMetadataFileList

WriteAuxiliaryFile /Users/factoreal/Downloads/yaam/build/CleanDerivedData/Build/Intermediates.noindex/FT8808.build/Debug/FT8Codec.build/FT8Codec.modulemap (in target 'FT8Codec' from project 'FT8808')
    cd /Users/factoreal/Downloads/yaam/build/CleanDerivedData/SourcePackages/checkouts/ft8-808
    write-file /Users/factoreal/Downloads/yaam/build/CleanDerivedData/Build/Intermediates.noindex/FT8808.build/Debug/FT8Codec.build/FT8Codec.modulemap

WriteAuxiliaryFile /Users/factoreal/Downloads/yaam/build/CleanDerivedData/Build/Intermediates.noindex/FT8808.build/Debug/FT8Codec.build/FT8Codec.DependencyMetadataFileList (in target 'FT8Codec' from project 'FT8808')
    cd /Users/factoreal/Downloads/yaam/build/CleanDerivedData/SourcePackages/checkouts/ft8-808
    write-file /Users/factoreal/Downloads/yaam/build/CleanDerivedData/Build/Intermediates.noindex/FT8808.build/Debug/FT8Codec.build/FT8Codec.DependencyMetadataFileList

WriteAuxiliaryFile /Users/factoreal/Downloads/yaam/build/CleanDerivedData/Build/Intermediates.noindex/FT8808.build/Debug/FT8Codec.build/Objects-normal/arm64/FT8Codec-OutputFileMap.json (in target 'FT8Codec' from project 'FT8808')
    cd /Users/factoreal/Downloads/yaam/build/CleanDerivedData/SourcePackages/checkouts/ft8-808
    write-file /Users/factoreal/Downloads/yaam/build/CleanDerivedData/Build/Intermediates.noindex/FT8808.build/Debug/FT8Codec.build/Objects-normal/arm64/FT8Codec-OutputFileMap.json

WriteAuxiliaryFile /Users/factoreal/Downloads/yaam/build/CleanDerivedData/Build/Intermediates.noindex/FT8808.build/Debug/FT8Codec.build/Objects-normal/arm64/FT8Codec.LinkFileList (in target 'FT8Codec' from project 'FT8808')
    cd /Users/factoreal/Downloads/yaam/build/CleanDerivedData/SourcePackages/checkouts/ft8-808
    write-file /Users/factoreal/Downloads/yaam/build/CleanDerivedData/Build/Intermediates.noindex/FT8808.build/Debug/FT8Codec.build/Objects-normal/arm64/FT8Codec.LinkFileList

WriteAuxiliaryFile /Users/factoreal/Downloads/yaam/build/CleanDerivedData/Build/Intermediates.noindex/FT8808.build/Debug/FT8Codec.build/Objects-normal/arm64/FT8Codec_const_extract_protocols.json (in target 'FT8Codec' from project 'FT8808')
    cd /Users/factoreal/Downloads/yaam/build/CleanDerivedData/SourcePackages/checkouts/ft8-808
    write-file /Users/factoreal/Downloads/yaam/build/CleanDerivedData/Build/Intermediates.noindex/FT8808.build/Debug/FT8Codec.build/Objects-normal/arm64/FT8Codec_const_extract_protocols.json

WriteAuxiliaryFile /Users/factoreal/Downloads/yaam/build/CleanDerivedData/Build/Intermediates.noindex/FT8808.build/Debug/FT8Codec.build/Objects-normal/arm64/FT8Codec.SwiftFileList (in target 'FT8Codec' from project 'FT8808')
    cd /Users/factoreal/Downloads/yaam/build/CleanDerivedData/SourcePackages/checkouts/ft8-808
    write-file /Users/factoreal/Downloads/yaam/build/CleanDerivedData/Build/Intermediates.noindex/FT8808.build/Debug/FT8Codec.build/Objects-normal/arm64/FT8Codec.SwiftFileList

WriteAuxiliaryFile /Users/factoreal/Downloads/yaam/build/CleanDerivedData/Build/Intermediates.noindex/FT8808.build/Debug/FT8Codec.build/Objects-normal/arm64/FT8Codec.SwiftConstValuesFileList (in target 'FT8Codec' from project 'FT8808')
    cd /Users/factoreal/Downloads/yaam/build/CleanDerivedData/SourcePackages/checkouts/ft8-808
    write-file /Users/factoreal/Downloads/yaam/build/CleanDerivedData/Build/Intermediates.noindex/FT8808.build/Debug/FT8Codec.build/Objects-normal/arm64/FT8Codec.SwiftConstValuesFileList

WriteAuxiliaryFile /Users/factoreal/Downloads/yaam/build/CleanDerivedData/Build/Intermediates.noindex/YAAM.build/Debug/YAAM.build/YAAM-own-target-headers.hmap (in target 'YAAM' from project 'YAAM')
    cd /Users/factoreal/Downloads/yaam
    write-file /Users/factoreal/Downloads/yaam/build/CleanDerivedData/Build/Intermediates.noindex/YAAM.build/Debug/YAAM.build/YAAM-own-target-headers.hmap

WriteAuxiliaryFile /Users/factoreal/Downloads/yaam/build/CleanDerivedData/Build/Intermediates.noindex/YAAM.build/Debug/YAAM.build/YAAM-generated-files.hmap (in target 'YAAM' from project 'YAAM')
    cd /Users/factoreal/Downloads/yaam
    write-file /Users/factoreal/Downloads/yaam/build/CleanDerivedData/Build/Intermediates.noindex/YAAM.build/Debug/YAAM.build/YAAM-generated-files.hmap

WriteAuxiliaryFile /Users/factoreal/Downloads/yaam/build/CleanDerivedData/Build/Intermediates.noindex/YAAM.build/Debug/YAAM.build/YAAM-all-target-headers.hmap (in target 'YAAM' from project 'YAAM')
    cd /Users/factoreal/Downloads/yaam
    write-file /Users/factoreal/Downloads/yaam/build/CleanDerivedData/Build/Intermediates.noindex/YAAM.build/Debug/YAAM.build/YAAM-all-target-headers.hmap

WriteAuxiliaryFile /Users/factoreal/Downloads/yaam/build/CleanDerivedData/Build/Intermediates.noindex/YAAM.build/Debug/YAAM.build/YAAM-all-non-framework-target-headers.hmap (in target 'YAAM' from project 'YAAM')
    cd /Users/factoreal/Downloads/yaam
    write-file /Users/factoreal/Downloads/yaam/build/CleanDerivedData/Build/Intermediates.noindex/YAAM.build/Debug/YAAM.build/YAAM-all-non-framework-target-headers.hmap

WriteAuxiliaryFile /Users/factoreal/Downloads/yaam/build/CleanDerivedData/Build/Intermediates.noindex/YAAM.build/Debug/YAAM.build/YAAM-DebugDylibPath-normal-arm64.txt (in target 'YAAM' from project 'YAAM')
    cd /Users/factoreal/Downloads/yaam
    write-file /Users/factoreal/Downloads/yaam/build/CleanDerivedData/Build/Intermediates.noindex/YAAM.build/Debug/YAAM.build/YAAM-DebugDylibPath-normal-arm64.txt

WriteAuxiliaryFile /Users/factoreal/Downloads/yaam/build/CleanDerivedData/Build/Intermediates.noindex/YAAM.build/Debug/YAAM.build/YAAM-DebugDylibInstallName-normal-arm64.txt (in target 'YAAM' from project 'YAAM')
    cd /Users/factoreal/Downloads/yaam
    write-file /Users/factoreal/Downloads/yaam/build/CleanDerivedData/Build/Intermediates.noindex/YAAM.build/Debug/YAAM.build/YAAM-DebugDylibInstallName-normal-arm64.txt

WriteAuxiliaryFile /Users/factoreal/Downloads/yaam/build/CleanDerivedData/Build/Intermediates.noindex/YAAM.build/Debug/YAAM.build/Objects-normal/arm64/YAAM.SwiftFileList (in target 'YAAM' from project 'YAAM')
    cd /Users/factoreal/Downloads/yaam
    write-file /Users/factoreal/Downloads/yaam/build/CleanDerivedData/Build/Intermediates.noindex/YAAM.build/Debug/YAAM.build/Objects-normal/arm64/YAAM.SwiftFileList

WriteAuxiliaryFile /Users/factoreal/Downloads/yaam/build/CleanDerivedData/Build/Intermediates.noindex/YAAM.build/Debug/YAAM.build/Objects-normal/arm64/YAAM_const_extract_protocols.json (in target 'YAAM' from project 'YAAM')
    cd /Users/factoreal/Downloads/yaam
    write-file /Users/factoreal/Downloads/yaam/build/CleanDerivedData/Build/Intermediates.noindex/YAAM.build/Debug/YAAM.build/Objects-normal/arm64/YAAM_const_extract_protocols.json

WriteAuxiliaryFile /Users/factoreal/Downloads/yaam/build/CleanDerivedData/Build/Intermediates.noindex/YAAM.build/Debug/YAAM.build/Objects-normal/arm64/YAAM.SwiftConstValuesFileList (in target 'YAAM' from project 'YAAM')
    cd /Users/factoreal/Downloads/yaam
    write-file /Users/factoreal/Downloads/yaam/build/CleanDerivedData/Build/Intermediates.noindex/YAAM.build/Debug/YAAM.build/Objects-normal/arm64/YAAM.SwiftConstValuesFileList

WriteAuxiliaryFile /Users/factoreal/Downloads/yaam/build/CleanDerivedData/Build/Intermediates.noindex/YAAM.build/Debug/YAAM.build/Objects-normal/arm64/YAAM.LinkFileList (in target 'YAAM' from project 'YAAM')
    cd /Users/factoreal/Downloads/yaam
    write-file /Users/factoreal/Downloads/yaam/build/CleanDerivedData/Build/Intermediates.noindex/YAAM.build/Debug/YAAM.build/Objects-normal/arm64/YAAM.LinkFileList

WriteAuxiliaryFile /Users/factoreal/Downloads/yaam/build/CleanDerivedData/Build/Intermediates.noindex/YAAM.build/Debug/YAAM.build/Objects-normal/arm64/YAAM-OutputFileMap.json (in target 'YAAM' from project 'YAAM')
    cd /Users/factoreal/Downloads/yaam
    write-file /Users/factoreal/Downloads/yaam/build/CleanDerivedData/Build/Intermediates.noindex/YAAM.build/Debug/YAAM.build/Objects-normal/arm64/YAAM-OutputFileMap.json

WriteAuxiliaryFile /Users/factoreal/Downloads/yaam/build/CleanDerivedData/Build/Intermediates.noindex/YAAM.build/Debug/YAAM.build/DerivedSources/Entitlements.plist (in target 'YAAM' from project 'YAAM')
    cd /Users/factoreal/Downloads/yaam
    write-file /Users/factoreal/Downloads/yaam/build/CleanDerivedData/Build/Intermediates.noindex/YAAM.build/Debug/YAAM.build/DerivedSources/Entitlements.plist

Copy /Users/factoreal/Downloads/yaam/build/CleanDerivedData/Build/Intermediates.noindex/GeneratedModuleMaps/FT8Codec.modulemap /Users/factoreal/Downloads/yaam/build/CleanDerivedData/Build/Intermediates.noindex/FT8808.build/Debug/FT8Codec.build/FT8Codec.modulemap (in target 'FT8Codec' from project 'FT8808')
    cd /Users/factoreal/Downloads/yaam/build/CleanDerivedData/SourcePackages/checkouts/ft8-808
    builtin-copy -exclude .DS_Store -exclude CVS -exclude .svn -exclude .git -exclude .hg -resolve-src-symlinks /Users/factoreal/Downloads/yaam/build/CleanDerivedData/Build/Intermediates.noindex/FT8808.build/Debug/FT8Codec.build/FT8Codec.modulemap /Users/factoreal/Downloads/yaam/build/CleanDerivedData/Build/Intermediates.noindex/GeneratedModuleMaps

WriteAuxiliaryFile /Users/factoreal/Downloads/yaam/build/CleanDerivedData/Build/Intermediates.noindex/FT8808.build/Debug/FT8808Engine.build/Objects-normal/arm64/FT8808Engine.LinkFileList (in target 'FT8808Engine' from project 'FT8808')
    cd /Users/factoreal/Downloads/yaam/build/CleanDerivedData/SourcePackages/checkouts/ft8-808
    write-file /Users/factoreal/Downloads/yaam/build/CleanDerivedData/Build/Intermediates.noindex/FT8808.build/Debug/FT8808Engine.build/Objects-normal/arm64/FT8808Engine.LinkFileList

WriteAuxiliaryFile /Users/factoreal/Downloads/yaam/build/CleanDerivedData/Build/Intermediates.noindex/FT8808.build/Debug/FT8808Engine.build/Objects-normal/arm64/FT8808Engine.SwiftFileList (in target 'FT8808Engine' from project 'FT8808')
    cd /Users/factoreal/Downloads/yaam/build/CleanDerivedData/SourcePackages/checkouts/ft8-808
    write-file /Users/factoreal/Downloads/yaam/build/CleanDerivedData/Build/Intermediates.noindex/FT8808.build/Debug/FT8808Engine.build/Objects-normal/arm64/FT8808Engine.SwiftFileList

WriteAuxiliaryFile /Users/factoreal/Downloads/yaam/build/CleanDerivedData/Build/Intermediates.noindex/FT8808.build/Debug/FT8808Engine.build/Objects-normal/arm64/FT8808Engine.SwiftConstValuesFileList (in target 'FT8808Engine' from project 'FT8808')
    cd /Users/factoreal/Downloads/yaam/build/CleanDerivedData/SourcePackages/checkouts/ft8-808
    write-file /Users/factoreal/Downloads/yaam/build/CleanDerivedData/Build/Intermediates.noindex/FT8808.build/Debug/FT8808Engine.build/Objects-normal/arm64/FT8808Engine.SwiftConstValuesFileList

WriteAuxiliaryFile /Users/factoreal/Downloads/yaam/build/CleanDerivedData/Build/Intermediates.noindex/FT8808.build/Debug/FT8808Engine.build/Objects-normal/arm64/FT8808Engine_const_extract_protocols.json (in target 'FT8808Engine' from project 'FT8808')
    cd /Users/factoreal/Downloads/yaam/build/CleanDerivedData/SourcePackages/checkouts/ft8-808
    write-file /Users/factoreal/Downloads/yaam/build/CleanDerivedData/Build/Intermediates.noindex/FT8808.build/Debug/FT8808Engine.build/Objects-normal/arm64/FT8808Engine_const_extract_protocols.json

WriteAuxiliaryFile /Users/factoreal/Downloads/yaam/build/CleanDerivedData/Build/Intermediates.noindex/FT8808.build/Debug/FT8808Engine.build/Objects-normal/arm64/FT8808Engine-OutputFileMap.json (in target 'FT8808Engine' from project 'FT8808')
    cd /Users/factoreal/Downloads/yaam/build/CleanDerivedData/SourcePackages/checkouts/ft8-808
    write-file /Users/factoreal/Downloads/yaam/build/CleanDerivedData/Build/Intermediates.noindex/FT8808.build/Debug/FT8808Engine.build/Objects-normal/arm64/FT8808Engine-OutputFileMap.json

WriteAuxiliaryFile /Users/factoreal/Downloads/yaam/build/CleanDerivedData/Build/Intermediates.noindex/FT8808.build/Debug/FT8808Engine.build/FT8808Engine.modulemap (in target 'FT8808Engine' from project 'FT8808')
    cd /Users/factoreal/Downloads/yaam/build/CleanDerivedData/SourcePackages/checkouts/ft8-808
    write-file /Users/factoreal/Downloads/yaam/build/CleanDerivedData/Build/Intermediates.noindex/FT8808.build/Debug/FT8808Engine.build/FT8808Engine.modulemap

WriteAuxiliaryFile /Users/factoreal/Downloads/yaam/build/CleanDerivedData/Build/Intermediates.noindex/FT8808.build/Debug/FT8808Engine.build/FT8808Engine.DependencyStaticMetadataFileList (in target 'FT8808Engine' from project 'FT8808')
    cd /Users/factoreal/Downloads/yaam/build/CleanDerivedData/SourcePackages/checkouts/ft8-808
    write-file /Users/factoreal/Downloads/yaam/build/CleanDerivedData/Build/Intermediates.noindex/FT8808.build/Debug/FT8808Engine.build/FT8808Engine.DependencyStaticMetadataFileList

WriteAuxiliaryFile /Users/factoreal/Downloads/yaam/build/CleanDerivedData/Build/Intermediates.noindex/FT8808.build/Debug/FT8808Engine.build/FT8808Engine.DependencyMetadataFileList (in target 'FT8808Engine' from project 'FT8808')
    cd /Users/factoreal/Downloads/yaam/build/CleanDerivedData/SourcePackages/checkouts/ft8-808
    write-file /Users/factoreal/Downloads/yaam/build/CleanDerivedData/Build/Intermediates.noindex/FT8808.build/Debug/FT8808Engine.build/FT8808Engine.DependencyMetadataFileList

WriteAuxiliaryFile /Users/factoreal/Downloads/yaam/build/CleanDerivedData/Build/Intermediates.noindex/FT8808.build/Debug/CFT8.build/CFT8.DependencyStaticMetadataFileList (in target 'CFT8' from project 'FT8808')
    cd /Users/factoreal/Downloads/yaam/build/CleanDerivedData/SourcePackages/checkouts/ft8-808
    write-file /Users/factoreal/Downloads/yaam/build/CleanDerivedData/Build/Intermediates.noindex/FT8808.build/Debug/CFT8.build/CFT8.DependencyStaticMetadataFileList

WriteAuxiliaryFile /Users/factoreal/Downloads/yaam/build/CleanDerivedData/Build/Intermediates.noindex/FT8808.build/Debug/CFT8.build/CFT8.DependencyMetadataFileList (in target 'CFT8' from project 'FT8808')
    cd /Users/factoreal/Downloads/yaam/build/CleanDerivedData/SourcePackages/checkouts/ft8-808
    write-file /Users/factoreal/Downloads/yaam/build/CleanDerivedData/Build/Intermediates.noindex/FT8808.build/Debug/CFT8.build/CFT8.DependencyMetadataFileList

WriteAuxiliaryFile /Users/factoreal/Downloads/yaam/build/CleanDerivedData/Build/Intermediates.noindex/FT8808.build/Debug/CFT8.build/Objects-normal/arm64/CFT8.LinkFileList (in target 'CFT8' from project 'FT8808')
    cd /Users/factoreal/Downloads/yaam/build/CleanDerivedData/SourcePackages/checkouts/ft8-808
    write-file /Users/factoreal/Downloads/yaam/build/CleanDerivedData/Build/Intermediates.noindex/FT8808.build/Debug/CFT8.build/Objects-normal/arm64/CFT8.LinkFileList

WriteAuxiliaryFile /Users/factoreal/Downloads/yaam/build/CleanDerivedData/Build/Intermediates.noindex/FT8808.build/Debug/CFT8.build/Objects-normal/arm64/7187679823f38a2a940e0043cdf9d637-common-args.resp (in target 'CFT8' from project 'FT8808')
    cd /Users/factoreal/Downloads/yaam/build/CleanDerivedData/SourcePackages/checkouts/ft8-808
    write-file /Users/factoreal/Downloads/yaam/build/CleanDerivedData/Build/Intermediates.noindex/FT8808.build/Debug/CFT8.build/Objects-normal/arm64/7187679823f38a2a940e0043cdf9d637-common-args.resp
-fmodules -gmodules '-fmodules-cache-path=/Users/factoreal/Downloads/yaam/build/CleanDerivedData/ModuleCache.noindex' '-fmodule-name=CFT8' -fpascal-strings -O0 -DSWIFT_PACKAGE '-DDEBUG=1' -g -I/Users/factoreal/Downloads/yaam/build/CleanDerivedData/Build/Products/Debug/include -I/Users/factoreal/Downloads/yaam/build/CleanDerivedData/SourcePackages/checkouts/ft8-808/Sources/CFT8/include -I/Users/factoreal/Downloads/yaam/build/CleanDerivedData/SourcePackages/checkouts/ft8-808/Sources/CFT8 -I/Users/factoreal/Downloads/yaam/build/CleanDerivedData/Build/Intermediates.noindex/FT8808.build/Debug/CFT8.build/DerivedSources-normal/arm64 -I/Users/factoreal/Downloads/yaam/build/CleanDerivedData/Build/Intermediates.noindex/FT8808.build/Debug/CFT8.build/DerivedSources/arm64 -I/Users/factoreal/Downloads/yaam/build/CleanDerivedData/Build/Intermediates.noindex/FT8808.build/Debug/CFT8.build/DerivedSources -F/Users/factoreal/Downloads/yaam/build/CleanDerivedData/Build/Products/Debug -iframework /Applications/Xcode.app/Contents/Developer/Platforms/MacOSX.platform/Developer/Library/Frameworks -DXcode

MkDir /Users/factoreal/Downloads/yaam/build/CleanDerivedData/Build/Products/Debug/YAAM.app/Contents/Resources (in target 'YAAM' from project 'YAAM')
    cd /Users/factoreal/Downloads/yaam
    /bin/mkdir -p /Users/factoreal/Downloads/yaam/build/CleanDerivedData/Build/Products/Debug/YAAM.app/Contents/Resources

MkDir /Users/factoreal/Downloads/yaam/build/CleanDerivedData/Build/Products/Debug/YAAM.app/Contents/MacOS (in target 'YAAM' from project 'YAAM')
    cd /Users/factoreal/Downloads/yaam
    /bin/mkdir -p /Users/factoreal/Downloads/yaam/build/CleanDerivedData/Build/Products/Debug/YAAM.app/Contents/MacOS

MkDir /Users/factoreal/Downloads/yaam/build/CleanDerivedData/Build/Products/Debug/YAAM.app/Contents (in target 'YAAM' from project 'YAAM')
    cd /Users/factoreal/Downloads/yaam
    /bin/mkdir -p /Users/factoreal/Downloads/yaam/build/CleanDerivedData/Build/Products/Debug/YAAM.app/Contents

MkDir /Users/factoreal/Downloads/yaam/build/CleanDerivedData/Build/Products/Debug/YAAM.app (in target 'YAAM' from project 'YAAM')
    cd /Users/factoreal/Downloads/yaam
    /bin/mkdir -p /Users/factoreal/Downloads/yaam/build/CleanDerivedData/Build/Products/Debug/YAAM.app

Copy /Users/factoreal/Downloads/yaam/build/CleanDerivedData/Build/Intermediates.noindex/GeneratedModuleMaps/FT8808Engine.modulemap /Users/factoreal/Downloads/yaam/build/CleanDerivedData/Build/Intermediates.noindex/FT8808.build/Debug/FT8808Engine.build/FT8808Engine.modulemap (in target 'FT8808Engine' from project 'FT8808')
    cd /Users/factoreal/Downloads/yaam/build/CleanDerivedData/SourcePackages/checkouts/ft8-808
    builtin-copy -exclude .DS_Store -exclude CVS -exclude .svn -exclude .git -exclude .hg -resolve-src-symlinks /Users/factoreal/Downloads/yaam/build/CleanDerivedData/Build/Intermediates.noindex/FT8808.build/Debug/FT8808Engine.build/FT8808Engine.modulemap /Users/factoreal/Downloads/yaam/build/CleanDerivedData/Build/Intermediates.noindex/GeneratedModuleMaps

ScanDependencies /Users/factoreal/Downloads/yaam/build/CleanDerivedData/Build/Intermediates.noindex/FT8808.build/Debug/CFT8.build/Objects-normal/arm64/text.o /Users/factoreal/Downloads/yaam/build/CleanDerivedData/SourcePackages/checkouts/ft8-808/Sources/CFT8/ft8/text.c normal arm64 c com.apple.compilers.llvm.clang.1_0.compiler (in target 'CFT8' from project 'FT8808')
    cd /Users/factoreal/Downloads/yaam/YAAM.xcodeproj
    
    Using response file: /Users/factoreal/Downloads/yaam/build/CleanDerivedData/Build/Intermediates.noindex/FT8808.build/Debug/CFT8.build/Objects-normal/arm64/7187679823f38a2a940e0043cdf9d637-common-args.resp
    
    builtin-ScanDependencies -o /Users/factoreal/Downloads/yaam/build/CleanDerivedData/Build/Intermediates.noindex/FT8808.build/Debug/CFT8.build/Objects-normal/arm64/text.o.scan -- /Applications/Xcode.app/Contents/Developer/Toolchains/XcodeDefault.xctoolchain/usr/bin/clang -x c -ivfsstatcache /Users/factoreal/Downloads/yaam/build/CleanDerivedData/SDKStatCaches.noindex/macosx26.5-25F70-e082c4a02f00227109f4ed75e425c832.sdkstatcache -target arm64-apple-macos13.0 -fmessage-length\=0 -fdiagnostics-show-note-include-stack -fmacro-backtrace-limit\=0 -fno-color-diagnostics -fmodules-prune-interval\=86400 -fmodules-prune-after\=345600 -fbuild-session-file\=/Users/factoreal/Downloads/yaam/build/CleanDerivedData/ModuleCache.noindex/Session.modulevalidation -fmodules-validate-once-per-build-session -Wnon-modular-include-in-framework-module -Werror\=non-modular-include-in-framework-module -Wno-trigraphs -Wno-missing-field-initializers -Wno-missing-prototypes -Wno-return-type -Wno-missing-braces -Wparentheses -Wswitch -Wno-unused-function -Wno-unused-label -Wno-unused-parameter -Wno-unused-variable -Wunused-value -Wno-empty-body -Wno-uninitialized -Wno-unknown-pragmas -w -Wno-shadow -Wno-four-char-constants -Wno-conversion -Wno-constant-conversion -Wno-int-conversion -Wno-bool-conversion -Wno-enum-conversion -Wno-float-conversion -Wno-non-literal-null-conversion -Wno-objc-literal-conversion -Wshorten-64-to-32 -Wpointer-sign -Wno-newline-eof -Wno-implicit-fallthrough -isysroot /Applications/Xcode.app/Contents/Developer/Platforms/MacOSX.platform/Developer/SDKs/MacOSX26.5.sdk -fstrict-aliasing -Wdeprecated-declarations -Wno-sign-conversion -Wno-infinite-recursion -Wno-comma -Wno-block-capture-autoreleasing -Wno-strict-prototypes -Wno-semicolon-before-method-body -index-store-path /Users/factoreal/Downloads/yaam/build/CleanDerivedData/Index.noindex/DataStore @/Users/factoreal/Downloads/yaam/build/CleanDerivedData/Build/Intermediates.noindex/FT8808.build/Debug/CFT8.build/Objects-normal/arm64/7187679823f38a2a940e0043cdf9d637-common-args.resp -MMD -MT dependencies -MF /Users/factoreal/Downloads/yaam/build/CleanDerivedData/Build/Intermediates.noindex/FT8808.build/Debug/CFT8.build/Objects-normal/arm64/text.d --serialize-diagnostics /Users/factoreal/Downloads/yaam/build/CleanDerivedData/Build/Intermediates.noindex/FT8808.build/Debug/CFT8.build/Objects-normal/arm64/text.dia -c /Users/factoreal/Downloads/yaam/build/CleanDerivedData/SourcePackages/checkouts/ft8-808/Sources/CFT8/ft8/text.c -o /Users/factoreal/Downloads/yaam/build/CleanDerivedData/Build/Intermediates.noindex/FT8808.build/Debug/CFT8.build/Objects-normal/arm64/text.o -index-unit-output-path /FT8808.build/Debug/CFT8.build/Objects-normal/arm64/text.o

ScanDependencies /Users/factoreal/Downloads/yaam/build/CleanDerivedData/Build/Intermediates.noindex/FT8808.build/Debug/CFT8.build/Objects-normal/arm64/message.o /Users/factoreal/Downloads/yaam/build/CleanDerivedData/SourcePackages/checkouts/ft8-808/Sources/CFT8/ft8/message.c normal arm64 c com.apple.compilers.llvm.clang.1_0.compiler (in target 'CFT8' from project 'FT8808')
    cd /Users/factoreal/Downloads/yaam/YAAM.xcodeproj
    
    Using response file: /Users/factoreal/Downloads/yaam/build/CleanDerivedData/Build/Intermediates.noindex/FT8808.build/Debug/CFT8.build/Objects-normal/arm64/7187679823f38a2a940e0043cdf9d637-common-args.resp
    
    builtin-ScanDependencies -o /Users/factoreal/Downloads/yaam/build/CleanDerivedData/Build/Intermediates.noindex/FT8808.build/Debug/CFT8.build/Objects-normal/arm64/message.o.scan -- /Applications/Xcode.app/Contents/Developer/Toolchains/XcodeDefault.xctoolchain/usr/bin/clang -x c -ivfsstatcache /Users/factoreal/Downloads/yaam/build/CleanDerivedData/SDKStatCaches.noindex/macosx26.5-25F70-e082c4a02f00227109f4ed75e425c832.sdkstatcache -target arm64-apple-macos13.0 -fmessage-length\=0 -fdiagnostics-show-note-include-stack -fmacro-backtrace-limit\=0 -fno-color-diagnostics -fmodules-prune-interval\=86400 -fmodules-prune-after\=345600 -fbuild-session-file\=/Users/factoreal/Downloads/yaam/build/CleanDerivedData/ModuleCache.noindex/Session.modulevalidation -fmodules-validate-once-per-build-session -Wnon-modular-include-in-framework-module -Werror\=non-modular-include-in-framework-module -Wno-trigraphs -Wno-missing-field-initializers -Wno-missing-prototypes -Wno-return-type -Wno-missing-braces -Wparentheses -Wswitch -Wno-unused-function -Wno-unused-label -Wno-unused-parameter -Wno-unused-variable -Wunused-value -Wno-empty-body -Wno-uninitialized -Wno-unknown-pragmas -w -Wno-shadow -Wno-four-char-constants -Wno-conversion -Wno-constant-conversion -Wno-int-conversion -Wno-bool-conversion -Wno-enum-conversion -Wno-float-conversion -Wno-non-literal-null-conversion -Wno-objc-literal-conversion -Wshorten-64-to-32 -Wpointer-sign -Wno-newline-eof -Wno-implicit-fallthrough -isysroot /Applications/Xcode.app/Contents/Developer/Platforms/MacOSX.platform/Developer/SDKs/MacOSX26.5.sdk -fstrict-aliasing -Wdeprecated-declarations -Wno-sign-conversion -Wno-infinite-recursion -Wno-comma -Wno-block-capture-autoreleasing -Wno-strict-prototypes -Wno-semicolon-before-method-body -index-store-path /Users/factoreal/Downloads/yaam/build/CleanDerivedData/Index.noindex/DataStore @/Users/factoreal/Downloads/yaam/build/CleanDerivedData/Build/Intermediates.noindex/FT8808.build/Debug/CFT8.build/Objects-normal/arm64/7187679823f38a2a940e0043cdf9d637-common-args.resp -MMD -MT dependencies -MF /Users/factoreal/Downloads/yaam/build/CleanDerivedData/Build/Intermediates.noindex/FT8808.build/Debug/CFT8.build/Objects-normal/arm64/message.d --serialize-diagnostics /Users/factoreal/Downloads/yaam/build/CleanDerivedData/Build/Intermediates.noindex/FT8808.build/Debug/CFT8.build/Objects-normal/arm64/message.dia -c /Users/factoreal/Downloads/yaam/build/CleanDerivedData/SourcePackages/checkouts/ft8-808/Sources/CFT8/ft8/message.c -o /Users/factoreal/Downloads/yaam/build/CleanDerivedData/Build/Intermediates.noindex/FT8808.build/Debug/CFT8.build/Objects-normal/arm64/message.o -index-unit-output-path /FT8808.build/Debug/CFT8.build/Objects-normal/arm64/message.o

ScanDependencies /Users/factoreal/Downloads/yaam/build/CleanDerivedData/Build/Intermediates.noindex/FT8808.build/Debug/CFT8.build/Objects-normal/arm64/ft8808_shim.o /Users/factoreal/Downloads/yaam/build/CleanDerivedData/SourcePackages/checkouts/ft8-808/Sources/CFT8/shim/ft8808_shim.c normal arm64 c com.apple.compilers.llvm.clang.1_0.compiler (in target 'CFT8' from project 'FT8808')
    cd /Users/factoreal/Downloads/yaam/YAAM.xcodeproj
    
    Using response file: /Users/factoreal/Downloads/yaam/build/CleanDerivedData/Build/Intermediates.noindex/FT8808.build/Debug/CFT8.build/Objects-normal/arm64/7187679823f38a2a940e0043cdf9d637-common-args.resp
    
    builtin-ScanDependencies -o /Users/factoreal/Downloads/yaam/build/CleanDerivedData/Build/Intermediates.noindex/FT8808.build/Debug/CFT8.build/Objects-normal/arm64/ft8808_shim.o.scan -- /Applications/Xcode.app/Contents/Developer/Toolchains/XcodeDefault.xctoolchain/usr/bin/clang -x c -ivfsstatcache /Users/factoreal/Downloads/yaam/build/CleanDerivedData/SDKStatCaches.noindex/macosx26.5-25F70-e082c4a02f00227109f4ed75e425c832.sdkstatcache -target arm64-apple-macos13.0 -fmessage-length\=0 -fdiagnostics-show-note-include-stack -fmacro-backtrace-limit\=0 -fno-color-diagnostics -fmodules-prune-interval\=86400 -fmodules-prune-after\=345600 -fbuild-session-file\=/Users/factoreal/Downloads/yaam/build/CleanDerivedData/ModuleCache.noindex/Session.modulevalidation -fmodules-validate-once-per-build-session -Wnon-modular-include-in-framework-module -Werror\=non-modular-include-in-framework-module -Wno-trigraphs -Wno-missing-field-initializers -Wno-missing-prototypes -Wno-return-type -Wno-missing-braces -Wparentheses -Wswitch -Wno-unused-function -Wno-unused-label -Wno-unused-parameter -Wno-unused-variable -Wunused-value -Wno-empty-body -Wno-uninitialized -Wno-unknown-pragmas -w -Wno-shadow -Wno-four-char-constants -Wno-conversion -Wno-constant-conversion -Wno-int-conversion -Wno-bool-conversion -Wno-enum-conversion -Wno-float-conversion -Wno-non-literal-null-conversion -Wno-objc-literal-conversion -Wshorten-64-to-32 -Wpointer-sign -Wno-newline-eof -Wno-implicit-fallthrough -isysroot /Applications/Xcode.app/Contents/Developer/Platforms/MacOSX.platform/Developer/SDKs/MacOSX26.5.sdk -fstrict-aliasing -Wdeprecated-declarations -Wno-sign-conversion -Wno-infinite-recursion -Wno-comma -Wno-block-capture-autoreleasing -Wno-strict-prototypes -Wno-semicolon-before-method-body -index-store-path /Users/factoreal/Downloads/yaam/build/CleanDerivedData/Index.noindex/DataStore @/Users/factoreal/Downloads/yaam/build/CleanDerivedData/Build/Intermediates.noindex/FT8808.build/Debug/CFT8.build/Objects-normal/arm64/7187679823f38a2a940e0043cdf9d637-common-args.resp -MMD -MT dependencies -MF /Users/factoreal/Downloads/yaam/build/CleanDerivedData/Build/Intermediates.noindex/FT8808.build/Debug/CFT8.build/Objects-normal/arm64/ft8808_shim.d --serialize-diagnostics /Users/factoreal/Downloads/yaam/build/CleanDerivedData/Build/Intermediates.noindex/FT8808.build/Debug/CFT8.build/Objects-normal/arm64/ft8808_shim.dia -c /Users/factoreal/Downloads/yaam/build/CleanDerivedData/SourcePackages/checkouts/ft8-808/Sources/CFT8/shim/ft8808_shim.c -o /Users/factoreal/Downloads/yaam/build/CleanDerivedData/Build/Intermediates.noindex/FT8808.build/Debug/CFT8.build/Objects-normal/arm64/ft8808_shim.o -index-unit-output-path /FT8808.build/Debug/CFT8.build/Objects-normal/arm64/ft8808_shim.o

ScanDependencies /Users/factoreal/Downloads/yaam/build/CleanDerivedData/Build/Intermediates.noindex/FT8808.build/Debug/CFT8.build/Objects-normal/arm64/decode.o /Users/factoreal/Downloads/yaam/build/CleanDerivedData/SourcePackages/checkouts/ft8-808/Sources/CFT8/ft8/decode.c normal arm64 c com.apple.compilers.llvm.clang.1_0.compiler (in target 'CFT8' from project 'FT8808')
    cd /Users/factoreal/Downloads/yaam/YAAM.xcodeproj
    
    Using response file: /Users/factoreal/Downloads/yaam/build/CleanDerivedData/Build/Intermediates.noindex/FT8808.build/Debug/CFT8.build/Objects-normal/arm64/7187679823f38a2a940e0043cdf9d637-common-args.resp
    
    builtin-ScanDependencies -o /Users/factoreal/Downloads/yaam/build/CleanDerivedData/Build/Intermediates.noindex/FT8808.build/Debug/CFT8.build/Objects-normal/arm64/decode.o.scan -- /Applications/Xcode.app/Contents/Developer/Toolchains/XcodeDefault.xctoolchain/usr/bin/clang -x c -ivfsstatcache /Users/factoreal/Downloads/yaam/build/CleanDerivedData/SDKStatCaches.noindex/macosx26.5-25F70-e082c4a02f00227109f4ed75e425c832.sdkstatcache -target arm64-apple-macos13.0 -fmessage-length\=0 -fdiagnostics-show-note-include-stack -fmacro-backtrace-limit\=0 -fno-color-diagnostics -fmodules-prune-interval\=86400 -fmodules-prune-after\=345600 -fbuild-session-file\=/Users/factoreal/Downloads/yaam/build/CleanDerivedData/ModuleCache.noindex/Session.modulevalidation -fmodules-validate-once-per-build-session -Wnon-modular-include-in-framework-module -Werror\=non-modular-include-in-framework-module -Wno-trigraphs -Wno-missing-field-initializers -Wno-missing-prototypes -Wno-return-type -Wno-missing-braces -Wparentheses -Wswitch -Wno-unused-function -Wno-unused-label -Wno-unused-parameter -Wno-unused-variable -Wunused-value -Wno-empty-body -Wno-uninitialized -Wno-unknown-pragmas -w -Wno-shadow -Wno-four-char-constants -Wno-conversion -Wno-constant-conversion -Wno-int-conversion -Wno-bool-conversion -Wno-enum-conversion -Wno-float-conversion -Wno-non-literal-null-conversion -Wno-objc-literal-conversion -Wshorten-64-to-32 -Wpointer-sign -Wno-newline-eof -Wno-implicit-fallthrough -isysroot /Applications/Xcode.app/Contents/Developer/Platforms/MacOSX.platform/Developer/SDKs/MacOSX26.5.sdk -fstrict-aliasing -Wdeprecated-declarations -Wno-sign-conversion -Wno-infinite-recursion -Wno-comma -Wno-block-capture-autoreleasing -Wno-strict-prototypes -Wno-semicolon-before-method-body -index-store-path /Users/factoreal/Downloads/yaam/build/CleanDerivedData/Index.noindex/DataStore @/Users/factoreal/Downloads/yaam/build/CleanDerivedData/Build/Intermediates.noindex/FT8808.build/Debug/CFT8.build/Objects-normal/arm64/7187679823f38a2a940e0043cdf9d637-common-args.resp -MMD -MT dependencies -MF /Users/factoreal/Downloads/yaam/build/CleanDerivedData/Build/Intermediates.noindex/FT8808.build/Debug/CFT8.build/Objects-normal/arm64/decode.d --serialize-diagnostics /Users/factoreal/Downloads/yaam/build/CleanDerivedData/Build/Intermediates.noindex/FT8808.build/Debug/CFT8.build/Objects-normal/arm64/decode.dia -c /Users/factoreal/Downloads/yaam/build/CleanDerivedData/SourcePackages/checkouts/ft8-808/Sources/CFT8/ft8/decode.c -o /Users/factoreal/Downloads/yaam/build/CleanDerivedData/Build/Intermediates.noindex/FT8808.build/Debug/CFT8.build/Objects-normal/arm64/decode.o -index-unit-output-path /FT8808.build/Debug/CFT8.build/Objects-normal/arm64/decode.o

ScanDependencies /Users/factoreal/Downloads/yaam/build/CleanDerivedData/Build/Intermediates.noindex/FT8808.build/Debug/CFT8.build/Objects-normal/arm64/ldpc.o /Users/factoreal/Downloads/yaam/build/CleanDerivedData/SourcePackages/checkouts/ft8-808/Sources/CFT8/ft8/ldpc.c normal arm64 c com.apple.compilers.llvm.clang.1_0.compiler (in target 'CFT8' from project 'FT8808')
    cd /Users/factoreal/Downloads/yaam/YAAM.xcodeproj
    
    Using response file: /Users/factoreal/Downloads/yaam/build/CleanDerivedData/Build/Intermediates.noindex/FT8808.build/Debug/CFT8.build/Objects-normal/arm64/7187679823f38a2a940e0043cdf9d637-common-args.resp
    
    builtin-ScanDependencies -o /Users/factoreal/Downloads/yaam/build/CleanDerivedData/Build/Intermediates.noindex/FT8808.build/Debug/CFT8.build/Objects-normal/arm64/ldpc.o.scan -- /Applications/Xcode.app/Contents/Developer/Toolchains/XcodeDefault.xctoolchain/usr/bin/clang -x c -ivfsstatcache /Users/factoreal/Downloads/yaam/build/CleanDerivedData/SDKStatCaches.noindex/macosx26.5-25F70-e082c4a02f00227109f4ed75e425c832.sdkstatcache -target arm64-apple-macos13.0 -fmessage-length\=0 -fdiagnostics-show-note-include-stack -fmacro-backtrace-limit\=0 -fno-color-diagnostics -fmodules-prune-interval\=86400 -fmodules-prune-after\=345600 -fbuild-session-file\=/Users/factoreal/Downloads/yaam/build/CleanDerivedData/ModuleCache.noindex/Session.modulevalidation -fmodules-validate-once-per-build-session -Wnon-modular-include-in-framework-module -Werror\=non-modular-include-in-framework-module -Wno-trigraphs -Wno-missing-field-initializers -Wno-missing-prototypes -Wno-return-type -Wno-missing-braces -Wparentheses -Wswitch -Wno-unused-function -Wno-unused-label -Wno-unused-parameter -Wno-unused-variable -Wunused-value -Wno-empty-body -Wno-uninitialized -Wno-unknown-pragmas -w -Wno-shadow -Wno-four-char-constants -Wno-conversion -Wno-constant-conversion -Wno-int-conversion -Wno-bool-conversion -Wno-enum-conversion -Wno-float-conversion -Wno-non-literal-null-conversion -Wno-objc-literal-conversion -Wshorten-64-to-32 -Wpointer-sign -Wno-newline-eof -Wno-implicit-fallthrough -isysroot /Applications/Xcode.app/Contents/Developer/Platforms/MacOSX.platform/Developer/SDKs/MacOSX26.5.sdk -fstrict-aliasing -Wdeprecated-declarations -Wno-sign-conversion -Wno-infinite-recursion -Wno-comma -Wno-block-capture-autoreleasing -Wno-strict-prototypes -Wno-semicolon-before-method-body -index-store-path /Users/factoreal/Downloads/yaam/build/CleanDerivedData/Index.noindex/DataStore @/Users/factoreal/Downloads/yaam/build/CleanDerivedData/Build/Intermediates.noindex/FT8808.build/Debug/CFT8.build/Objects-normal/arm64/7187679823f38a2a940e0043cdf9d637-common-args.resp -MMD -MT dependencies -MF /Users/factoreal/Downloads/yaam/build/CleanDerivedData/Build/Intermediates.noindex/FT8808.build/Debug/CFT8.build/Objects-normal/arm64/ldpc.d --serialize-diagnostics /Users/factoreal/Downloads/yaam/build/CleanDerivedData/Build/Intermediates.noindex/FT8808.build/Debug/CFT8.build/Objects-normal/arm64/ldpc.dia -c /Users/factoreal/Downloads/yaam/build/CleanDerivedData/SourcePackages/checkouts/ft8-808/Sources/CFT8/ft8/ldpc.c -o /Users/factoreal/Downloads/yaam/build/CleanDerivedData/Build/Intermediates.noindex/FT8808.build/Debug/CFT8.build/Objects-normal/arm64/ldpc.o -index-unit-output-path /FT8808.build/Debug/CFT8.build/Objects-normal/arm64/ldpc.o

ScanDependencies /Users/factoreal/Downloads/yaam/build/CleanDerivedData/Build/Intermediates.noindex/FT8808.build/Debug/CFT8.build/Objects-normal/arm64/crc.o /Users/factoreal/Downloads/yaam/build/CleanDerivedData/SourcePackages/checkouts/ft8-808/Sources/CFT8/ft8/crc.c normal arm64 c com.apple.compilers.llvm.clang.1_0.compiler (in target 'CFT8' from project 'FT8808')
    cd /Users/factoreal/Downloads/yaam/YAAM.xcodeproj
    
    Using response file: /Users/factoreal/Downloads/yaam/build/CleanDerivedData/Build/Intermediates.noindex/FT8808.build/Debug/CFT8.build/Objects-normal/arm64/7187679823f38a2a940e0043cdf9d637-common-args.resp
    
    builtin-ScanDependencies -o /Users/factoreal/Downloads/yaam/build/CleanDerivedData/Build/Intermediates.noindex/FT8808.build/Debug/CFT8.build/Objects-normal/arm64/crc.o.scan -- /Applications/Xcode.app/Contents/Developer/Toolchains/XcodeDefault.xctoolchain/usr/bin/clang -x c -ivfsstatcache /Users/factoreal/Downloads/yaam/build/CleanDerivedData/SDKStatCaches.noindex/macosx26.5-25F70-e082c4a02f00227109f4ed75e425c832.sdkstatcache -target arm64-apple-macos13.0 -fmessage-length\=0 -fdiagnostics-show-note-include-stack -fmacro-backtrace-limit\=0 -fno-color-diagnostics -fmodules-prune-interval\=86400 -fmodules-prune-after\=345600 -fbuild-session-file\=/Users/factoreal/Downloads/yaam/build/CleanDerivedData/ModuleCache.noindex/Session.modulevalidation -fmodules-validate-once-per-build-session -Wnon-modular-include-in-framework-module -Werror\=non-modular-include-in-framework-module -Wno-trigraphs -Wno-missing-field-initializers -Wno-missing-prototypes -Wno-return-type -Wno-missing-braces -Wparentheses -Wswitch -Wno-unused-function -Wno-unused-label -Wno-unused-parameter -Wno-unused-variable -Wunused-value -Wno-empty-body -Wno-uninitialized -Wno-unknown-pragmas -w -Wno-shadow -Wno-four-char-constants -Wno-conversion -Wno-constant-conversion -Wno-int-conversion -Wno-bool-conversion -Wno-enum-conversion -Wno-float-conversion -Wno-non-literal-null-conversion -Wno-objc-literal-conversion -Wshorten-64-to-32 -Wpointer-sign -Wno-newline-eof -Wno-implicit-fallthrough -isysroot /Applications/Xcode.app/Contents/Developer/Platforms/MacOSX.platform/Developer/SDKs/MacOSX26.5.sdk -fstrict-aliasing -Wdeprecated-declarations -Wno-sign-conversion -Wno-infinite-recursion -Wno-comma -Wno-block-capture-autoreleasing -Wno-strict-prototypes -Wno-semicolon-before-method-body -index-store-path /Users/factoreal/Downloads/yaam/build/CleanDerivedData/Index.noindex/DataStore @/Users/factoreal/Downloads/yaam/build/CleanDerivedData/Build/Intermediates.noindex/FT8808.build/Debug/CFT8.build/Objects-normal/arm64/7187679823f38a2a940e0043cdf9d637-common-args.resp -MMD -MT dependencies -MF /Users/factoreal/Downloads/yaam/build/CleanDerivedData/Build/Intermediates.noindex/FT8808.build/Debug/CFT8.build/Objects-normal/arm64/crc.d --serialize-diagnostics /Users/factoreal/Downloads/yaam/build/CleanDerivedData/Build/Intermediates.noindex/FT8808.build/Debug/CFT8.build/Objects-normal/arm64/crc.dia -c /Users/factoreal/Downloads/yaam/build/CleanDerivedData/SourcePackages/checkouts/ft8-808/Sources/CFT8/ft8/crc.c -o /Users/factoreal/Downloads/yaam/build/CleanDerivedData/Build/Intermediates.noindex/FT8808.build/Debug/CFT8.build/Objects-normal/arm64/crc.o -index-unit-output-path /FT8808.build/Debug/CFT8.build/Objects-normal/arm64/crc.o

ScanDependencies /Users/factoreal/Downloads/yaam/build/CleanDerivedData/Build/Intermediates.noindex/FT8808.build/Debug/CFT8.build/Objects-normal/arm64/encode.o /Users/factoreal/Downloads/yaam/build/CleanDerivedData/SourcePackages/checkouts/ft8-808/Sources/CFT8/ft8/encode.c normal arm64 c com.apple.compilers.llvm.clang.1_0.compiler (in target 'CFT8' from project 'FT8808')
    cd /Users/factoreal/Downloads/yaam/YAAM.xcodeproj
    
    Using response file: /Users/factoreal/Downloads/yaam/build/CleanDerivedData/Build/Intermediates.noindex/FT8808.build/Debug/CFT8.build/Objects-normal/arm64/7187679823f38a2a940e0043cdf9d637-common-args.resp
    
    builtin-ScanDependencies -o /Users/factoreal/Downloads/yaam/build/CleanDerivedData/Build/Intermediates.noindex/FT8808.build/Debug/CFT8.build/Objects-normal/arm64/encode.o.scan -- /Applications/Xcode.app/Contents/Developer/Toolchains/XcodeDefault.xctoolchain/usr/bin/clang -x c -ivfsstatcache /Users/factoreal/Downloads/yaam/build/CleanDerivedData/SDKStatCaches.noindex/macosx26.5-25F70-e082c4a02f00227109f4ed75e425c832.sdkstatcache -target arm64-apple-macos13.0 -fmessage-length\=0 -fdiagnostics-show-note-include-stack -fmacro-backtrace-limit\=0 -fno-color-diagnostics -fmodules-prune-interval\=86400 -fmodules-prune-after\=345600 -fbuild-session-file\=/Users/factoreal/Downloads/yaam/build/CleanDerivedData/ModuleCache.noindex/Session.modulevalidation -fmodules-validate-once-per-build-session -Wnon-modular-include-in-framework-module -Werror\=non-modular-include-in-framework-module -Wno-trigraphs -Wno-missing-field-initializers -Wno-missing-prototypes -Wno-return-type -Wno-missing-braces -Wparentheses -Wswitch -Wno-unused-function -Wno-unused-label -Wno-unused-parameter -Wno-unused-variable -Wunused-value -Wno-empty-body -Wno-uninitialized -Wno-unknown-pragmas -w -Wno-shadow -Wno-four-char-constants -Wno-conversion -Wno-constant-conversion -Wno-int-conversion -Wno-bool-conversion -Wno-enum-conversion -Wno-float-conversion -Wno-non-literal-null-conversion -Wno-objc-literal-conversion -Wshorten-64-to-32 -Wpointer-sign -Wno-newline-eof -Wno-implicit-fallthrough -isysroot /Applications/Xcode.app/Contents/Developer/Platforms/MacOSX.platform/Developer/SDKs/MacOSX26.5.sdk -fstrict-aliasing -Wdeprecated-declarations -Wno-sign-conversion -Wno-infinite-recursion -Wno-comma -Wno-block-capture-autoreleasing -Wno-strict-prototypes -Wno-semicolon-before-method-body -index-store-path /Users/factoreal/Downloads/yaam/build/CleanDerivedData/Index.noindex/DataStore @/Users/factoreal/Downloads/yaam/build/CleanDerivedData/Build/Intermediates.noindex/FT8808.build/Debug/CFT8.build/Objects-normal/arm64/7187679823f38a2a940e0043cdf9d637-common-args.resp -MMD -MT dependencies -MF /Users/factoreal/Downloads/yaam/build/CleanDerivedData/Build/Intermediates.noindex/FT8808.build/Debug/CFT8.build/Objects-normal/arm64/encode.d --serialize-diagnostics /Users/factoreal/Downloads/yaam/build/CleanDerivedData/Build/Intermediates.noindex/FT8808.build/Debug/CFT8.build/Objects-normal/arm64/encode.dia -c /Users/factoreal/Downloads/yaam/build/CleanDerivedData/SourcePackages/checkouts/ft8-808/Sources/CFT8/ft8/encode.c -o /Users/factoreal/Downloads/yaam/build/CleanDerivedData/Build/Intermediates.noindex/FT8808.build/Debug/CFT8.build/Objects-normal/arm64/encode.o -index-unit-output-path /FT8808.build/Debug/CFT8.build/Objects-normal/arm64/encode.o

ScanDependencies /Users/factoreal/Downloads/yaam/build/CleanDerivedData/Build/Intermediates.noindex/FT8808.build/Debug/CFT8.build/Objects-normal/arm64/constants.o /Users/factoreal/Downloads/yaam/build/CleanDerivedData/SourcePackages/checkouts/ft8-808/Sources/CFT8/ft8/constants.c normal arm64 c com.apple.compilers.llvm.clang.1_0.compiler (in target 'CFT8' from project 'FT8808')
    cd /Users/factoreal/Downloads/yaam/YAAM.xcodeproj
    
    Using response file: /Users/factoreal/Downloads/yaam/build/CleanDerivedData/Build/Intermediates.noindex/FT8808.build/Debug/CFT8.build/Objects-normal/arm64/7187679823f38a2a940e0043cdf9d637-common-args.resp
    
    builtin-ScanDependencies -o /Users/factoreal/Downloads/yaam/build/CleanDerivedData/Build/Intermediates.noindex/FT8808.build/Debug/CFT8.build/Objects-normal/arm64/constants.o.scan -- /Applications/Xcode.app/Contents/Developer/Toolchains/XcodeDefault.xctoolchain/usr/bin/clang -x c -ivfsstatcache /Users/factoreal/Downloads/yaam/build/CleanDerivedData/SDKStatCaches.noindex/macosx26.5-25F70-e082c4a02f00227109f4ed75e425c832.sdkstatcache -target arm64-apple-macos13.0 -fmessage-length\=0 -fdiagnostics-show-note-include-stack -fmacro-backtrace-limit\=0 -fno-color-diagnostics -fmodules-prune-interval\=86400 -fmodules-prune-after\=345600 -fbuild-session-file\=/Users/factoreal/Downloads/yaam/build/CleanDerivedData/ModuleCache.noindex/Session.modulevalidation -fmodules-validate-once-per-build-session -Wnon-modular-include-in-framework-module -Werror\=non-modular-include-in-framework-module -Wno-trigraphs -Wno-missing-field-initializers -Wno-missing-prototypes -Wno-return-type -Wno-missing-braces -Wparentheses -Wswitch -Wno-unused-function -Wno-unused-label -Wno-unused-parameter -Wno-unused-variable -Wunused-value -Wno-empty-body -Wno-uninitialized -Wno-unknown-pragmas -w -Wno-shadow -Wno-four-char-constants -Wno-conversion -Wno-constant-conversion -Wno-int-conversion -Wno-bool-conversion -Wno-enum-conversion -Wno-float-conversion -Wno-non-literal-null-conversion -Wno-objc-literal-conversion -Wshorten-64-to-32 -Wpointer-sign -Wno-newline-eof -Wno-implicit-fallthrough -isysroot /Applications/Xcode.app/Contents/Developer/Platforms/MacOSX.platform/Developer/SDKs/MacOSX26.5.sdk -fstrict-aliasing -Wdeprecated-declarations -Wno-sign-conversion -Wno-infinite-recursion -Wno-comma -Wno-block-capture-autoreleasing -Wno-strict-prototypes -Wno-semicolon-before-method-body -index-store-path /Users/factoreal/Downloads/yaam/build/CleanDerivedData/Index.noindex/DataStore @/Users/factoreal/Downloads/yaam/build/CleanDerivedData/Build/Intermediates.noindex/FT8808.build/Debug/CFT8.build/Objects-normal/arm64/7187679823f38a2a940e0043cdf9d637-common-args.resp -MMD -MT dependencies -MF /Users/factoreal/Downloads/yaam/build/CleanDerivedData/Build/Intermediates.noindex/FT8808.build/Debug/CFT8.build/Objects-normal/arm64/constants.d --serialize-diagnostics /Users/factoreal/Downloads/yaam/build/CleanDerivedData/Build/Intermediates.noindex/FT8808.build/Debug/CFT8.build/Objects-normal/arm64/constants.dia -c /Users/factoreal/Downloads/yaam/build/CleanDerivedData/SourcePackages/checkouts/ft8-808/Sources/CFT8/ft8/constants.c -o /Users/factoreal/Downloads/yaam/build/CleanDerivedData/Build/Intermediates.noindex/FT8808.build/Debug/CFT8.build/Objects-normal/arm64/constants.o -index-unit-output-path /FT8808.build/Debug/CFT8.build/Objects-normal/arm64/constants.o

ScanDependencies /Users/factoreal/Downloads/yaam/build/CleanDerivedData/Build/Intermediates.noindex/FT8808.build/Debug/CFT8.build/Objects-normal/arm64/wave.o /Users/factoreal/Downloads/yaam/build/CleanDerivedData/SourcePackages/checkouts/ft8-808/Sources/CFT8/common/wave.c normal arm64 c com.apple.compilers.llvm.clang.1_0.compiler (in target 'CFT8' from project 'FT8808')
    cd /Users/factoreal/Downloads/yaam/YAAM.xcodeproj
    
    Using response file: /Users/factoreal/Downloads/yaam/build/CleanDerivedData/Build/Intermediates.noindex/FT8808.build/Debug/CFT8.build/Objects-normal/arm64/7187679823f38a2a940e0043cdf9d637-common-args.resp
    
    builtin-ScanDependencies -o /Users/factoreal/Downloads/yaam/build/CleanDerivedData/Build/Intermediates.noindex/FT8808.build/Debug/CFT8.build/Objects-normal/arm64/wave.o.scan -- /Applications/Xcode.app/Contents/Developer/Toolchains/XcodeDefault.xctoolchain/usr/bin/clang -x c -ivfsstatcache /Users/factoreal/Downloads/yaam/build/CleanDerivedData/SDKStatCaches.noindex/macosx26.5-25F70-e082c4a02f00227109f4ed75e425c832.sdkstatcache -target arm64-apple-macos13.0 -fmessage-length\=0 -fdiagnostics-show-note-include-stack -fmacro-backtrace-limit\=0 -fno-color-diagnostics -fmodules-prune-interval\=86400 -fmodules-prune-after\=345600 -fbuild-session-file\=/Users/factoreal/Downloads/yaam/build/CleanDerivedData/ModuleCache.noindex/Session.modulevalidation -fmodules-validate-once-per-build-session -Wnon-modular-include-in-framework-module -Werror\=non-modular-include-in-framework-module -Wno-trigraphs -Wno-missing-field-initializers -Wno-missing-prototypes -Wno-return-type -Wno-missing-braces -Wparentheses -Wswitch -Wno-unused-function -Wno-unused-label -Wno-unused-parameter -Wno-unused-variable -Wunused-value -Wno-empty-body -Wno-uninitialized -Wno-unknown-pragmas -w -Wno-shadow -Wno-four-char-constants -Wno-conversion -Wno-constant-conversion -Wno-int-conversion -Wno-bool-conversion -Wno-enum-conversion -Wno-float-conversion -Wno-non-literal-null-conversion -Wno-objc-literal-conversion -Wshorten-64-to-32 -Wpointer-sign -Wno-newline-eof -Wno-implicit-fallthrough -isysroot /Applications/Xcode.app/Contents/Developer/Platforms/MacOSX.platform/Developer/SDKs/MacOSX26.5.sdk -fstrict-aliasing -Wdeprecated-declarations -Wno-sign-conversion -Wno-infinite-recursion -Wno-comma -Wno-block-capture-autoreleasing -Wno-strict-prototypes -Wno-semicolon-before-method-body -index-store-path /Users/factoreal/Downloads/yaam/build/CleanDerivedData/Index.noindex/DataStore @/Users/factoreal/Downloads/yaam/build/CleanDerivedData/Build/Intermediates.noindex/FT8808.build/Debug/CFT8.build/Objects-normal/arm64/7187679823f38a2a940e0043cdf9d637-common-args.resp -MMD -MT dependencies -MF /Users/factoreal/Downloads/yaam/build/CleanDerivedData/Build/Intermediates.noindex/FT8808.build/Debug/CFT8.build/Objects-normal/arm64/wave.d --serialize-diagnostics /Users/factoreal/Downloads/yaam/build/CleanDerivedData/Build/Intermediates.noindex/FT8808.build/Debug/CFT8.build/Objects-normal/arm64/wave.dia -c /Users/factoreal/Downloads/yaam/build/CleanDerivedData/SourcePackages/checkouts/ft8-808/Sources/CFT8/common/wave.c -o /Users/factoreal/Downloads/yaam/build/CleanDerivedData/Build/Intermediates.noindex/FT8808.build/Debug/CFT8.build/Objects-normal/arm64/wave.o -index-unit-output-path /FT8808.build/Debug/CFT8.build/Objects-normal/arm64/wave.o

ScanDependencies /Users/factoreal/Downloads/yaam/build/CleanDerivedData/Build/Intermediates.noindex/FT8808.build/Debug/CFT8.build/Objects-normal/arm64/monitor.o /Users/factoreal/Downloads/yaam/build/CleanDerivedData/SourcePackages/checkouts/ft8-808/Sources/CFT8/common/monitor.c normal arm64 c com.apple.compilers.llvm.clang.1_0.compiler (in target 'CFT8' from project 'FT8808')
    cd /Users/factoreal/Downloads/yaam/YAAM.xcodeproj
    
    Using response file: /Users/factoreal/Downloads/yaam/build/CleanDerivedData/Build/Intermediates.noindex/FT8808.build/Debug/CFT8.build/Objects-normal/arm64/7187679823f38a2a940e0043cdf9d637-common-args.resp
    
    builtin-ScanDependencies -o /Users/factoreal/Downloads/yaam/build/CleanDerivedData/Build/Intermediates.noindex/FT8808.build/Debug/CFT8.build/Objects-normal/arm64/monitor.o.scan -- /Applications/Xcode.app/Contents/Developer/Toolchains/XcodeDefault.xctoolchain/usr/bin/clang -x c -ivfsstatcache /Users/factoreal/Downloads/yaam/build/CleanDerivedData/SDKStatCaches.noindex/macosx26.5-25F70-e082c4a02f00227109f4ed75e425c832.sdkstatcache -target arm64-apple-macos13.0 -fmessage-length\=0 -fdiagnostics-show-note-include-stack -fmacro-backtrace-limit\=0 -fno-color-diagnostics -fmodules-prune-interval\=86400 -fmodules-prune-after\=345600 -fbuild-session-file\=/Users/factoreal/Downloads/yaam/build/CleanDerivedData/ModuleCache.noindex/Session.modulevalidation -fmodules-validate-once-per-build-session -Wnon-modular-include-in-framework-module -Werror\=non-modular-include-in-framework-module -Wno-trigraphs -Wno-missing-field-initializers -Wno-missing-prototypes -Wno-return-type -Wno-missing-braces -Wparentheses -Wswitch -Wno-unused-function -Wno-unused-label -Wno-unused-parameter -Wno-unused-variable -Wunused-value -Wno-empty-body -Wno-uninitialized -Wno-unknown-pragmas -w -Wno-shadow -Wno-four-char-constants -Wno-conversion -Wno-constant-conversion -Wno-int-conversion -Wno-bool-conversion -Wno-enum-conversion -Wno-float-conversion -Wno-non-literal-null-conversion -Wno-objc-literal-conversion -Wshorten-64-to-32 -Wpointer-sign -Wno-newline-eof -Wno-implicit-fallthrough -isysroot /Applications/Xcode.app/Contents/Developer/Platforms/MacOSX.platform/Developer/SDKs/MacOSX26.5.sdk -fstrict-aliasing -Wdeprecated-declarations -Wno-sign-conversion -Wno-infinite-recursion -Wno-comma -Wno-block-capture-autoreleasing -Wno-strict-prototypes -Wno-semicolon-before-method-body -index-store-path /Users/factoreal/Downloads/yaam/build/CleanDerivedData/Index.noindex/DataStore @/Users/factoreal/Downloads/yaam/build/CleanDerivedData/Build/Intermediates.noindex/FT8808.build/Debug/CFT8.build/Objects-normal/arm64/7187679823f38a2a940e0043cdf9d637-common-args.resp -MMD -MT dependencies -MF /Users/factoreal/Downloads/yaam/build/CleanDerivedData/Build/Intermediates.noindex/FT8808.build/Debug/CFT8.build/Objects-normal/arm64/monitor.d --serialize-diagnostics /Users/factoreal/Downloads/yaam/build/CleanDerivedData/Build/Intermediates.noindex/FT8808.build/Debug/CFT8.build/Objects-normal/arm64/monitor.dia -c /Users/factoreal/Downloads/yaam/build/CleanDerivedData/SourcePackages/checkouts/ft8-808/Sources/CFT8/common/monitor.c -o /Users/factoreal/Downloads/yaam/build/CleanDerivedData/Build/Intermediates.noindex/FT8808.build/Debug/CFT8.build/Objects-normal/arm64/monitor.o -index-unit-output-path /FT8808.build/Debug/CFT8.build/Objects-normal/arm64/monitor.o

ScanDependencies /Users/factoreal/Downloads/yaam/build/CleanDerivedData/Build/Intermediates.noindex/FT8808.build/Debug/CFT8.build/Objects-normal/arm64/kiss_fft.o /Users/factoreal/Downloads/yaam/build/CleanDerivedData/SourcePackages/checkouts/ft8-808/Sources/CFT8/fft/kiss_fft.c normal arm64 c com.apple.compilers.llvm.clang.1_0.compiler (in target 'CFT8' from project 'FT8808')
    cd /Users/factoreal/Downloads/yaam/YAAM.xcodeproj
    
    Using response file: /Users/factoreal/Downloads/yaam/build/CleanDerivedData/Build/Intermediates.noindex/FT8808.build/Debug/CFT8.build/Objects-normal/arm64/7187679823f38a2a940e0043cdf9d637-common-args.resp
    
    builtin-ScanDependencies -o /Users/factoreal/Downloads/yaam/build/CleanDerivedData/Build/Intermediates.noindex/FT8808.build/Debug/CFT8.build/Objects-normal/arm64/kiss_fft.o.scan -- /Applications/Xcode.app/Contents/Developer/Toolchains/XcodeDefault.xctoolchain/usr/bin/clang -x c -ivfsstatcache /Users/factoreal/Downloads/yaam/build/CleanDerivedData/SDKStatCaches.noindex/macosx26.5-25F70-e082c4a02f00227109f4ed75e425c832.sdkstatcache -target arm64-apple-macos13.0 -fmessage-length\=0 -fdiagnostics-show-note-include-stack -fmacro-backtrace-limit\=0 -fno-color-diagnostics -fmodules-prune-interval\=86400 -fmodules-prune-after\=345600 -fbuild-session-file\=/Users/factoreal/Downloads/yaam/build/CleanDerivedData/ModuleCache.noindex/Session.modulevalidation -fmodules-validate-once-per-build-session -Wnon-modular-include-in-framework-module -Werror\=non-modular-include-in-framework-module -Wno-trigraphs -Wno-missing-field-initializers -Wno-missing-prototypes -Wno-return-type -Wno-missing-braces -Wparentheses -Wswitch -Wno-unused-function -Wno-unused-label -Wno-unused-parameter -Wno-unused-variable -Wunused-value -Wno-empty-body -Wno-uninitialized -Wno-unknown-pragmas -w -Wno-shadow -Wno-four-char-constants -Wno-conversion -Wno-constant-conversion -Wno-int-conversion -Wno-bool-conversion -Wno-enum-conversion -Wno-float-conversion -Wno-non-literal-null-conversion -Wno-objc-literal-conversion -Wshorten-64-to-32 -Wpointer-sign -Wno-newline-eof -Wno-implicit-fallthrough -isysroot /Applications/Xcode.app/Contents/Developer/Platforms/MacOSX.platform/Developer/SDKs/MacOSX26.5.sdk -fstrict-aliasing -Wdeprecated-declarations -Wno-sign-conversion -Wno-infinite-recursion -Wno-comma -Wno-block-capture-autoreleasing -Wno-strict-prototypes -Wno-semicolon-before-method-body -index-store-path /Users/factoreal/Downloads/yaam/build/CleanDerivedData/Index.noindex/DataStore @/Users/factoreal/Downloads/yaam/build/CleanDerivedData/Build/Intermediates.noindex/FT8808.build/Debug/CFT8.build/Objects-normal/arm64/7187679823f38a2a940e0043cdf9d637-common-args.resp -MMD -MT dependencies -MF /Users/factoreal/Downloads/yaam/build/CleanDerivedData/Build/Intermediates.noindex/FT8808.build/Debug/CFT8.build/Objects-normal/arm64/kiss_fft.d --serialize-diagnostics /Users/factoreal/Downloads/yaam/build/CleanDerivedData/Build/Intermediates.noindex/FT8808.build/Debug/CFT8.build/Objects-normal/arm64/kiss_fft.dia -c /Users/factoreal/Downloads/yaam/build/CleanDerivedData/SourcePackages/checkouts/ft8-808/Sources/CFT8/fft/kiss_fft.c -o /Users/factoreal/Downloads/yaam/build/CleanDerivedData/Build/Intermediates.noindex/FT8808.build/Debug/CFT8.build/Objects-normal/arm64/kiss_fft.o -index-unit-output-path /FT8808.build/Debug/CFT8.build/Objects-normal/arm64/kiss_fft.o

ScanDependencies /Users/factoreal/Downloads/yaam/build/CleanDerivedData/Build/Intermediates.noindex/FT8808.build/Debug/CFT8.build/Objects-normal/arm64/kiss_fftr.o /Users/factoreal/Downloads/yaam/build/CleanDerivedData/SourcePackages/checkouts/ft8-808/Sources/CFT8/fft/kiss_fftr.c normal arm64 c com.apple.compilers.llvm.clang.1_0.compiler (in target 'CFT8' from project 'FT8808')
    cd /Users/factoreal/Downloads/yaam/YAAM.xcodeproj
    
    Using response file: /Users/factoreal/Downloads/yaam/build/CleanDerivedData/Build/Intermediates.noindex/FT8808.build/Debug/CFT8.build/Objects-normal/arm64/7187679823f38a2a940e0043cdf9d637-common-args.resp
    
    builtin-ScanDependencies -o /Users/factoreal/Downloads/yaam/build/CleanDerivedData/Build/Intermediates.noindex/FT8808.build/Debug/CFT8.build/Objects-normal/arm64/kiss_fftr.o.scan -- /Applications/Xcode.app/Contents/Developer/Toolchains/XcodeDefault.xctoolchain/usr/bin/clang -x c -ivfsstatcache /Users/factoreal/Downloads/yaam/build/CleanDerivedData/SDKStatCaches.noindex/macosx26.5-25F70-e082c4a02f00227109f4ed75e425c832.sdkstatcache -target arm64-apple-macos13.0 -fmessage-length\=0 -fdiagnostics-show-note-include-stack -fmacro-backtrace-limit\=0 -fno-color-diagnostics -fmodules-prune-interval\=86400 -fmodules-prune-after\=345600 -fbuild-session-file\=/Users/factoreal/Downloads/yaam/build/CleanDerivedData/ModuleCache.noindex/Session.modulevalidation -fmodules-validate-once-per-build-session -Wnon-modular-include-in-framework-module -Werror\=non-modular-include-in-framework-module -Wno-trigraphs -Wno-missing-field-initializers -Wno-missing-prototypes -Wno-return-type -Wno-missing-braces -Wparentheses -Wswitch -Wno-unused-function -Wno-unused-label -Wno-unused-parameter -Wno-unused-variable -Wunused-value -Wno-empty-body -Wno-uninitialized -Wno-unknown-pragmas -w -Wno-shadow -Wno-four-char-constants -Wno-conversion -Wno-constant-conversion -Wno-int-conversion -Wno-bool-conversion -Wno-enum-conversion -Wno-float-conversion -Wno-non-literal-null-conversion -Wno-objc-literal-conversion -Wshorten-64-to-32 -Wpointer-sign -Wno-newline-eof -Wno-implicit-fallthrough -isysroot /Applications/Xcode.app/Contents/Developer/Platforms/MacOSX.platform/Developer/SDKs/MacOSX26.5.sdk -fstrict-aliasing -Wdeprecated-declarations -Wno-sign-conversion -Wno-infinite-recursion -Wno-comma -Wno-block-capture-autoreleasing -Wno-strict-prototypes -Wno-semicolon-before-method-body -index-store-path /Users/factoreal/Downloads/yaam/build/CleanDerivedData/Index.noindex/DataStore @/Users/factoreal/Downloads/yaam/build/CleanDerivedData/Build/Intermediates.noindex/FT8808.build/Debug/CFT8.build/Objects-normal/arm64/7187679823f38a2a940e0043cdf9d637-common-args.resp -MMD -MT dependencies -MF /Users/factoreal/Downloads/yaam/build/CleanDerivedData/Build/Intermediates.noindex/FT8808.build/Debug/CFT8.build/Objects-normal/arm64/kiss_fftr.d --serialize-diagnostics /Users/factoreal/Downloads/yaam/build/CleanDerivedData/Build/Intermediates.noindex/FT8808.build/Debug/CFT8.build/Objects-normal/arm64/kiss_fftr.dia -c /Users/factoreal/Downloads/yaam/build/CleanDerivedData/SourcePackages/checkouts/ft8-808/Sources/CFT8/fft/kiss_fftr.c -o /Users/factoreal/Downloads/yaam/build/CleanDerivedData/Build/Intermediates.noindex/FT8808.build/Debug/CFT8.build/Objects-normal/arm64/kiss_fftr.o -index-unit-output-path /FT8808.build/Debug/CFT8.build/Objects-normal/arm64/kiss_fftr.o

SwiftDriver FT8Codec normal arm64 com.apple.xcode.tools.swift.compiler (in target 'FT8Codec' from project 'FT8808')
    cd /Users/factoreal/Downloads/yaam/YAAM.xcodeproj
    builtin-SwiftDriver -- /Applications/Xcode.app/Contents/Developer/Toolchains/XcodeDefault.xctoolchain/usr/bin/swiftc -module-name FT8Codec -Onone @/Users/factoreal/Downloads/yaam/build/CleanDerivedData/Build/Intermediates.noindex/FT8808.build/Debug/FT8Codec.build/Objects-normal/arm64/FT8Codec.SwiftFileList -DSWIFT_PACKAGE -DDEBUG -DSWIFT_MODULE_RESOURCE_BUNDLE_UNAVAILABLE -DXcode -plugin-path /Applications/Xcode.app/Contents/Developer/Toolchains/XcodeDefault.xctoolchain/usr/lib/swift/host/plugins/testing -enable-experimental-feature DebugDescriptionMacro -sdk /Applications/Xcode.app/Contents/Developer/Platforms/MacOSX.platform/Developer/SDKs/MacOSX26.5.sdk -target arm64-apple-macos13.0 -g -module-cache-path /Users/factoreal/Downloads/yaam/build/CleanDerivedData/ModuleCache.noindex -Xfrontend -serialize-debugging-options -enable-testing -suppress-warnings -index-store-path /Users/factoreal/Downloads/yaam/build/CleanDerivedData/Index.noindex/DataStore -Xcc -D_LIBCPP_HARDENING_MODE\=_LIBCPP_HARDENING_MODE_DEBUG -swift-version 6 -I /Users/factoreal/Downloads/yaam/build/CleanDerivedData/Build/Products/Debug -Isystem /Applications/Xcode.app/Contents/Developer/Platforms/MacOSX.platform/Developer/usr/lib -F /Users/factoreal/Downloads/yaam/build/CleanDerivedData/Build/Products/Debug/PackageFrameworks -F /Users/factoreal/Downloads/yaam/build/CleanDerivedData/Build/Products/Debug -F /Applications/Xcode.app/Contents/Developer/Platforms/MacOSX.platform/Developer/Library/Frameworks -parse-as-library -c -j14 -enable-batch-mode -incremental -Xcc -ivfsstatcache -Xcc /Users/factoreal/Downloads/yaam/build/CleanDerivedData/SDKStatCaches.noindex/macosx26.5-25F70-e082c4a02f00227109f4ed75e425c832.sdkstatcache -output-file-map /Users/factoreal/Downloads/yaam/build/CleanDerivedData/Build/Intermediates.noindex/FT8808.build/Debug/FT8Codec.build/Objects-normal/arm64/FT8Codec-OutputFileMap.json -use-frontend-parseable-output -save-temps -no-color-diagnostics -explicit-module-build -module-cache-path /Users/factoreal/Downloads/yaam/build/CleanDerivedData/Build/Intermediates.noindex/SwiftExplicitPrecompiledModules -clang-scanner-module-cache-path /Users/factoreal/Downloads/yaam/build/CleanDerivedData/ModuleCache.noindex -sdk-module-cache-path /Users/factoreal/Downloads/yaam/build/CleanDerivedData/ModuleCache.noindex -serialize-diagnostics -emit-dependencies -emit-module -emit-module-path /Users/factoreal/Downloads/yaam/build/CleanDerivedData/Build/Intermediates.noindex/FT8808.build/Debug/FT8Codec.build/Objects-normal/arm64/FT8Codec.swiftmodule -validate-clang-modules-once -clang-build-session-file /Users/factoreal/Downloads/yaam/build/CleanDerivedData/ModuleCache.noindex/Session.modulevalidation -package-name ft8_808 -Xcc -I/Users/factoreal/Downloads/yaam/build/CleanDerivedData/Build/Intermediates.noindex/FT8808.build/Debug/FT8Codec.build/swift-overrides.hmap -emit-const-values -Xfrontend -const-gather-protocols-file -Xfrontend /Users/factoreal/Downloads/yaam/build/CleanDerivedData/Build/Intermediates.noindex/FT8808.build/Debug/FT8Codec.build/Objects-normal/arm64/FT8Codec_const_extract_protocols.json -Xcc -I/Users/factoreal/Downloads/yaam/build/CleanDerivedData/SourcePackages/checkouts/ft8-808/Sources/CFT8/include -Xcc -I/Users/factoreal/Downloads/yaam/build/CleanDerivedData/Build/Products/Debug/include -Xcc -I/Users/factoreal/Downloads/yaam/build/CleanDerivedData/Build/Intermediates.noindex/FT8808.build/Debug/FT8Codec.build/DerivedSources-normal/arm64 -Xcc -I/Users/factoreal/Downloads/yaam/build/CleanDerivedData/Build/Intermediates.noindex/FT8808.build/Debug/FT8Codec.build/DerivedSources/arm64 -Xcc -I/Users/factoreal/Downloads/yaam/build/CleanDerivedData/Build/Intermediates.noindex/FT8808.build/Debug/FT8Codec.build/DerivedSources -Xcc -DSWIFT_PACKAGE -Xcc -DDEBUG\=1 -emit-objc-header -emit-objc-header-path /Users/factoreal/Downloads/yaam/build/CleanDerivedData/Build/Intermediates.noindex/FT8808.build/Debug/FT8Codec.build/Objects-normal/arm64/FT8Codec-Swift.h -working-directory /Users/factoreal/Downloads/yaam/YAAM.xcodeproj -experimental-emit-module-separately -disable-cmo

PrecompileModule /Users/factoreal/Downloads/yaam/build/CleanDerivedData/Build/Intermediates.noindex/ExplicitPrecompiledModules/_Builtin_stdarg-ELXHPI9XS1GY6CCDGOMXGMLJV.scan
    cd /
    builtin-precompileModule /Users/factoreal/Downloads/yaam/build/CleanDerivedData/Build/Intermediates.noindex/ExplicitPrecompiledModules/_Builtin_stdarg-ELXHPI9XS1GY6CCDGOMXGMLJV.scan

PrecompileModule /Users/factoreal/Downloads/yaam/build/CleanDerivedData/Build/Intermediates.noindex/ExplicitPrecompiledModules/_AvailabilityInternal-3JYWCVDBCNZEY97LLIF1IOGNZ.scan
    cd /
    builtin-precompileModule /Users/factoreal/Downloads/yaam/build/CleanDerivedData/Build/Intermediates.noindex/ExplicitPrecompiledModules/_AvailabilityInternal-3JYWCVDBCNZEY97LLIF1IOGNZ.scan

PrecompileModule /Users/factoreal/Downloads/yaam/build/CleanDerivedData/Build/Intermediates.noindex/ExplicitPrecompiledModules/_Builtin_stddef-9YORUXCG7QV7TFIUSS0BLLV3.scan
    cd /
    builtin-precompileModule /Users/factoreal/Downloads/yaam/build/CleanDerivedData/Build/Intermediates.noindex/ExplicitPrecompiledModules/_Builtin_stddef-9YORUXCG7QV7TFIUSS0BLLV3.scan

PrecompileModule /Users/factoreal/Downloads/yaam/build/CleanDerivedData/Build/Intermediates.noindex/ExplicitPrecompiledModules/ptrcheck-5SAI7A5NDJ52J1JT5EFU27V1V.scan
    cd /
    builtin-precompileModule /Users/factoreal/Downloads/yaam/build/CleanDerivedData/Build/Intermediates.noindex/ExplicitPrecompiledModules/ptrcheck-5SAI7A5NDJ52J1JT5EFU27V1V.scan

PrecompileModule /Users/factoreal/Downloads/yaam/build/CleanDerivedData/Build/Intermediates.noindex/ExplicitPrecompiledModules/_Builtin_stdbool-9QA3SHX0P601NO44ED9GS9K6F.scan
    cd /
    builtin-precompileModule /Users/factoreal/Downloads/yaam/build/CleanDerivedData/Build/Intermediates.noindex/ExplicitPrecompiledModules/_Builtin_stdbool-9QA3SHX0P601NO44ED9GS9K6F.scan

PrecompileModule /Users/factoreal/Downloads/yaam/build/CleanDerivedData/Build/Intermediates.noindex/ExplicitPrecompiledModules/_DarwinFoundation1-7UJH1FIFG5ZLBO0BUNGBNBMIG.scan
    cd /
    builtin-precompileModule /Users/factoreal/Downloads/yaam/build/CleanDerivedData/Build/Intermediates.noindex/ExplicitPrecompiledModules/_DarwinFoundation1-7UJH1FIFG5ZLBO0BUNGBNBMIG.scan

PrecompileModule /Users/factoreal/Downloads/yaam/build/CleanDerivedData/Build/Intermediates.noindex/ExplicitPrecompiledModules/_Builtin_limits-CL8AZQGAZ3GHHSWMHBDO67DC7.scan
    cd /
    builtin-precompileModule /Users/factoreal/Downloads/yaam/build/CleanDerivedData/Build/Intermediates.noindex/ExplicitPrecompiledModules/_Builtin_limits-CL8AZQGAZ3GHHSWMHBDO67DC7.scan

PrecompileModule /Users/factoreal/Downloads/yaam/build/CleanDerivedData/Build/Intermediates.noindex/ExplicitPrecompiledModules/_DarwinFoundation2-AWZDLC2I3S7INTMAH4U2M34EE.scan
    cd /
    builtin-precompileModule /Users/factoreal/Downloads/yaam/build/CleanDerivedData/Build/Intermediates.noindex/ExplicitPrecompiledModules/_DarwinFoundation2-AWZDLC2I3S7INTMAH4U2M34EE.scan

PrecompileModule /Users/factoreal/Downloads/yaam/build/CleanDerivedData/Build/Intermediates.noindex/ExplicitPrecompiledModules/_Builtin_stdint-8V249PO9F1PBNQ9J12XMSXBY0.scan
    cd /
    builtin-precompileModule /Users/factoreal/Downloads/yaam/build/CleanDerivedData/Build/Intermediates.noindex/ExplicitPrecompiledModules/_Builtin_stdint-8V249PO9F1PBNQ9J12XMSXBY0.scan

CompileC /Users/factoreal/Downloads/yaam/build/CleanDerivedData/Build/Intermediates.noindex/FT8808.build/Debug/CFT8.build/Objects-normal/arm64/encode.o /Users/factoreal/Downloads/yaam/build/CleanDerivedData/SourcePackages/checkouts/ft8-808/Sources/CFT8/ft8/encode.c normal arm64 c com.apple.compilers.llvm.clang.1_0.compiler (in target 'CFT8' from project 'FT8808')
    cd /Users/factoreal/Downloads/yaam/YAAM.xcodeproj
    
    Using response file: /Users/factoreal/Downloads/yaam/build/CleanDerivedData/Build/Intermediates.noindex/FT8808.build/Debug/CFT8.build/Objects-normal/arm64/7187679823f38a2a940e0043cdf9d637-common-args.resp
    
    /Applications/Xcode.app/Contents/Developer/Toolchains/XcodeDefault.xctoolchain/usr/bin/clang -x c -ivfsstatcache /Users/factoreal/Downloads/yaam/build/CleanDerivedData/SDKStatCaches.noindex/macosx26.5-25F70-e082c4a02f00227109f4ed75e425c832.sdkstatcache -target arm64-apple-macos13.0 -fmessage-length\=0 -fdiagnostics-show-note-include-stack -fmacro-backtrace-limit\=0 -fno-color-diagnostics -fmodules-prune-interval\=86400 -fmodules-prune-after\=345600 -fbuild-session-file\=/Users/factoreal/Downloads/yaam/build/CleanDerivedData/ModuleCache.noindex/Session.modulevalidation -fmodules-validate-once-per-build-session -Wnon-modular-include-in-framework-module -Werror\=non-modular-include-in-framework-module -Wno-trigraphs -Wno-missing-field-initializers -Wno-missing-prototypes -Wno-return-type -Wno-missing-braces -Wparentheses -Wswitch -Wno-unused-function -Wno-unused-label -Wno-unused-parameter -Wno-unused-variable -Wunused-value -Wno-empty-body -Wno-uninitialized -Wno-unknown-pragmas -w -Wno-shadow -Wno-four-char-constants -Wno-conversion -Wno-constant-conversion -Wno-int-conversion -Wno-bool-conversion -Wno-enum-conversion -Wno-float-conversion -Wno-non-literal-null-conversion -Wno-objc-literal-conversion -Wshorten-64-to-32 -Wpointer-sign -Wno-newline-eof -Wno-implicit-fallthrough -isysroot /Applications/Xcode.app/Contents/Developer/Platforms/MacOSX.platform/Developer/SDKs/MacOSX26.5.sdk -fstrict-aliasing -Wdeprecated-declarations -Wno-sign-conversion -Wno-infinite-recursion -Wno-comma -Wno-block-capture-autoreleasing -Wno-strict-prototypes -Wno-semicolon-before-method-body -index-store-path /Users/factoreal/Downloads/yaam/build/CleanDerivedData/Index.noindex/DataStore @/Users/factoreal/Downloads/yaam/build/CleanDerivedData/Build/Intermediates.noindex/FT8808.build/Debug/CFT8.build/Objects-normal/arm64/7187679823f38a2a940e0043cdf9d637-common-args.resp -MMD -MT dependencies -MF /Users/factoreal/Downloads/yaam/build/CleanDerivedData/Build/Intermediates.noindex/FT8808.build/Debug/CFT8.build/Objects-normal/arm64/encode.d --serialize-diagnostics /Users/factoreal/Downloads/yaam/build/CleanDerivedData/Build/Intermediates.noindex/FT8808.build/Debug/CFT8.build/Objects-normal/arm64/encode.dia -c /Users/factoreal/Downloads/yaam/build/CleanDerivedData/SourcePackages/checkouts/ft8-808/Sources/CFT8/ft8/encode.c -o /Users/factoreal/Downloads/yaam/build/CleanDerivedData/Build/Intermediates.noindex/FT8808.build/Debug/CFT8.build/Objects-normal/arm64/encode.o -index-unit-output-path /FT8808.build/Debug/CFT8.build/Objects-normal/arm64/encode.o

CompileC /Users/factoreal/Downloads/yaam/build/CleanDerivedData/Build/Intermediates.noindex/FT8808.build/Debug/CFT8.build/Objects-normal/arm64/text.o /Users/factoreal/Downloads/yaam/build/CleanDerivedData/SourcePackages/checkouts/ft8-808/Sources/CFT8/ft8/text.c normal arm64 c com.apple.compilers.llvm.clang.1_0.compiler (in target 'CFT8' from project 'FT8808')
    cd /Users/factoreal/Downloads/yaam/YAAM.xcodeproj
    
    Using response file: /Users/factoreal/Downloads/yaam/build/CleanDerivedData/Build/Intermediates.noindex/FT8808.build/Debug/CFT8.build/Objects-normal/arm64/7187679823f38a2a940e0043cdf9d637-common-args.resp
    
    /Applications/Xcode.app/Contents/Developer/Toolchains/XcodeDefault.xctoolchain/usr/bin/clang -x c -ivfsstatcache /Users/factoreal/Downloads/yaam/build/CleanDerivedData/SDKStatCaches.noindex/macosx26.5-25F70-e082c4a02f00227109f4ed75e425c832.sdkstatcache -target arm64-apple-macos13.0 -fmessage-length\=0 -fdiagnostics-show-note-include-stack -fmacro-backtrace-limit\=0 -fno-color-diagnostics -fmodules-prune-interval\=86400 -fmodules-prune-after\=345600 -fbuild-session-file\=/Users/factoreal/Downloads/yaam/build/CleanDerivedData/ModuleCache.noindex/Session.modulevalidation -fmodules-validate-once-per-build-session -Wnon-modular-include-in-framework-module -Werror\=non-modular-include-in-framework-module -Wno-trigraphs -Wno-missing-field-initializers -Wno-missing-prototypes -Wno-return-type -Wno-missing-braces -Wparentheses -Wswitch -Wno-unused-function -Wno-unused-label -Wno-unused-parameter -Wno-unused-variable -Wunused-value -Wno-empty-body -Wno-uninitialized -Wno-unknown-pragmas -w -Wno-shadow -Wno-four-char-constants -Wno-conversion -Wno-constant-conversion -Wno-int-conversion -Wno-bool-conversion -Wno-enum-conversion -Wno-float-conversion -Wno-non-literal-null-conversion -Wno-objc-literal-conversion -Wshorten-64-to-32 -Wpointer-sign -Wno-newline-eof -Wno-implicit-fallthrough -isysroot /Applications/Xcode.app/Contents/Developer/Platforms/MacOSX.platform/Developer/SDKs/MacOSX26.5.sdk -fstrict-aliasing -Wdeprecated-declarations -Wno-sign-conversion -Wno-infinite-recursion -Wno-comma -Wno-block-capture-autoreleasing -Wno-strict-prototypes -Wno-semicolon-before-method-body -index-store-path /Users/factoreal/Downloads/yaam/build/CleanDerivedData/Index.noindex/DataStore @/Users/factoreal/Downloads/yaam/build/CleanDerivedData/Build/Intermediates.noindex/FT8808.build/Debug/CFT8.build/Objects-normal/arm64/7187679823f38a2a940e0043cdf9d637-common-args.resp -MMD -MT dependencies -MF /Users/factoreal/Downloads/yaam/build/CleanDerivedData/Build/Intermediates.noindex/FT8808.build/Debug/CFT8.build/Objects-normal/arm64/text.d --serialize-diagnostics /Users/factoreal/Downloads/yaam/build/CleanDerivedData/Build/Intermediates.noindex/FT8808.build/Debug/CFT8.build/Objects-normal/arm64/text.dia -c /Users/factoreal/Downloads/yaam/build/CleanDerivedData/SourcePackages/checkouts/ft8-808/Sources/CFT8/ft8/text.c -o /Users/factoreal/Downloads/yaam/build/CleanDerivedData/Build/Intermediates.noindex/FT8808.build/Debug/CFT8.build/Objects-normal/arm64/text.o -index-unit-output-path /FT8808.build/Debug/CFT8.build/Objects-normal/arm64/text.o

CompileC /Users/factoreal/Downloads/yaam/build/CleanDerivedData/Build/Intermediates.noindex/FT8808.build/Debug/CFT8.build/Objects-normal/arm64/crc.o /Users/factoreal/Downloads/yaam/build/CleanDerivedData/SourcePackages/checkouts/ft8-808/Sources/CFT8/ft8/crc.c normal arm64 c com.apple.compilers.llvm.clang.1_0.compiler (in target 'CFT8' from project 'FT8808')
    cd /Users/factoreal/Downloads/yaam/YAAM.xcodeproj
    
    Using response file: /Users/factoreal/Downloads/yaam/build/CleanDerivedData/Build/Intermediates.noindex/FT8808.build/Debug/CFT8.build/Objects-normal/arm64/7187679823f38a2a940e0043cdf9d637-common-args.resp
    
    /Applications/Xcode.app/Contents/Developer/Toolchains/XcodeDefault.xctoolchain/usr/bin/clang -x c -ivfsstatcache /Users/factoreal/Downloads/yaam/build/CleanDerivedData/SDKStatCaches.noindex/macosx26.5-25F70-e082c4a02f00227109f4ed75e425c832.sdkstatcache -target arm64-apple-macos13.0 -fmessage-length\=0 -fdiagnostics-show-note-include-stack -fmacro-backtrace-limit\=0 -fno-color-diagnostics -fmodules-prune-interval\=86400 -fmodules-prune-after\=345600 -fbuild-session-file\=/Users/factoreal/Downloads/yaam/build/CleanDerivedData/ModuleCache.noindex/Session.modulevalidation -fmodules-validate-once-per-build-session -Wnon-modular-include-in-framework-module -Werror\=non-modular-include-in-framework-module -Wno-trigraphs -Wno-missing-field-initializers -Wno-missing-prototypes -Wno-return-type -Wno-missing-braces -Wparentheses -Wswitch -Wno-unused-function -Wno-unused-label -Wno-unused-parameter -Wno-unused-variable -Wunused-value -Wno-empty-body -Wno-uninitialized -Wno-unknown-pragmas -w -Wno-shadow -Wno-four-char-constants -Wno-conversion -Wno-constant-conversion -Wno-int-conversion -Wno-bool-conversion -Wno-enum-conversion -Wno-float-conversion -Wno-non-literal-null-conversion -Wno-objc-literal-conversion -Wshorten-64-to-32 -Wpointer-sign -Wno-newline-eof -Wno-implicit-fallthrough -isysroot /Applications/Xcode.app/Contents/Developer/Platforms/MacOSX.platform/Developer/SDKs/MacOSX26.5.sdk -fstrict-aliasing -Wdeprecated-declarations -Wno-sign-conversion -Wno-infinite-recursion -Wno-comma -Wno-block-capture-autoreleasing -Wno-strict-prototypes -Wno-semicolon-before-method-body -index-store-path /Users/factoreal/Downloads/yaam/build/CleanDerivedData/Index.noindex/DataStore @/Users/factoreal/Downloads/yaam/build/CleanDerivedData/Build/Intermediates.noindex/FT8808.build/Debug/CFT8.build/Objects-normal/arm64/7187679823f38a2a940e0043cdf9d637-common-args.resp -MMD -MT dependencies -MF /Users/factoreal/Downloads/yaam/build/CleanDerivedData/Build/Intermediates.noindex/FT8808.build/Debug/CFT8.build/Objects-normal/arm64/crc.d --serialize-diagnostics /Users/factoreal/Downloads/yaam/build/CleanDerivedData/Build/Intermediates.noindex/FT8808.build/Debug/CFT8.build/Objects-normal/arm64/crc.dia -c /Users/factoreal/Downloads/yaam/build/CleanDerivedData/SourcePackages/checkouts/ft8-808/Sources/CFT8/ft8/crc.c -o /Users/factoreal/Downloads/yaam/build/CleanDerivedData/Build/Intermediates.noindex/FT8808.build/Debug/CFT8.build/Objects-normal/arm64/crc.o -index-unit-output-path /FT8808.build/Debug/CFT8.build/Objects-normal/arm64/crc.o

CompileC /Users/factoreal/Downloads/yaam/build/CleanDerivedData/Build/Intermediates.noindex/FT8808.build/Debug/CFT8.build/Objects-normal/arm64/constants.o /Users/factoreal/Downloads/yaam/build/CleanDerivedData/SourcePackages/checkouts/ft8-808/Sources/CFT8/ft8/constants.c normal arm64 c com.apple.compilers.llvm.clang.1_0.compiler (in target 'CFT8' from project 'FT8808')
    cd /Users/factoreal/Downloads/yaam/YAAM.xcodeproj
    
    Using response file: /Users/factoreal/Downloads/yaam/build/CleanDerivedData/Build/Intermediates.noindex/FT8808.build/Debug/CFT8.build/Objects-normal/arm64/7187679823f38a2a940e0043cdf9d637-common-args.resp
    
    /Applications/Xcode.app/Contents/Developer/Toolchains/XcodeDefault.xctoolchain/usr/bin/clang -x c -ivfsstatcache /Users/factoreal/Downloads/yaam/build/CleanDerivedData/SDKStatCaches.noindex/macosx26.5-25F70-e082c4a02f00227109f4ed75e425c832.sdkstatcache -target arm64-apple-macos13.0 -fmessage-length\=0 -fdiagnostics-show-note-include-stack -fmacro-backtrace-limit\=0 -fno-color-diagnostics -fmodules-prune-interval\=86400 -fmodules-prune-after\=345600 -fbuild-session-file\=/Users/factoreal/Downloads/yaam/build/CleanDerivedData/ModuleCache.noindex/Session.modulevalidation -fmodules-validate-once-per-build-session -Wnon-modular-include-in-framework-module -Werror\=non-modular-include-in-framework-module -Wno-trigraphs -Wno-missing-field-initializers -Wno-missing-prototypes -Wno-return-type -Wno-missing-braces -Wparentheses -Wswitch -Wno-unused-function -Wno-unused-label -Wno-unused-parameter -Wno-unused-variable -Wunused-value -Wno-empty-body -Wno-uninitialized -Wno-unknown-pragmas -w -Wno-shadow -Wno-four-char-constants -Wno-conversion -Wno-constant-conversion -Wno-int-conversion -Wno-bool-conversion -Wno-enum-conversion -Wno-float-conversion -Wno-non-literal-null-conversion -Wno-objc-literal-conversion -Wshorten-64-to-32 -Wpointer-sign -Wno-newline-eof -Wno-implicit-fallthrough -isysroot /Applications/Xcode.app/Contents/Developer/Platforms/MacOSX.platform/Developer/SDKs/MacOSX26.5.sdk -fstrict-aliasing -Wdeprecated-declarations -Wno-sign-conversion -Wno-infinite-recursion -Wno-comma -Wno-block-capture-autoreleasing -Wno-strict-prototypes -Wno-semicolon-before-method-body -index-store-path /Users/factoreal/Downloads/yaam/build/CleanDerivedData/Index.noindex/DataStore @/Users/factoreal/Downloads/yaam/build/CleanDerivedData/Build/Intermediates.noindex/FT8808.build/Debug/CFT8.build/Objects-normal/arm64/7187679823f38a2a940e0043cdf9d637-common-args.resp -MMD -MT dependencies -MF /Users/factoreal/Downloads/yaam/build/CleanDerivedData/Build/Intermediates.noindex/FT8808.build/Debug/CFT8.build/Objects-normal/arm64/constants.d --serialize-diagnostics /Users/factoreal/Downloads/yaam/build/CleanDerivedData/Build/Intermediates.noindex/FT8808.build/Debug/CFT8.build/Objects-normal/arm64/constants.dia -c /Users/factoreal/Downloads/yaam/build/CleanDerivedData/SourcePackages/checkouts/ft8-808/Sources/CFT8/ft8/constants.c -o /Users/factoreal/Downloads/yaam/build/CleanDerivedData/Build/Intermediates.noindex/FT8808.build/Debug/CFT8.build/Objects-normal/arm64/constants.o -index-unit-output-path /FT8808.build/Debug/CFT8.build/Objects-normal/arm64/constants.o

CompileC /Users/factoreal/Downloads/yaam/build/CleanDerivedData/Build/Intermediates.noindex/FT8808.build/Debug/CFT8.build/Objects-normal/arm64/decode.o /Users/factoreal/Downloads/yaam/build/CleanDerivedData/SourcePackages/checkouts/ft8-808/Sources/CFT8/ft8/decode.c normal arm64 c com.apple.compilers.llvm.clang.1_0.compiler (in target 'CFT8' from project 'FT8808')
    cd /Users/factoreal/Downloads/yaam/YAAM.xcodeproj
    
    Using response file: /Users/factoreal/Downloads/yaam/build/CleanDerivedData/Build/Intermediates.noindex/FT8808.build/Debug/CFT8.build/Objects-normal/arm64/7187679823f38a2a940e0043cdf9d637-common-args.resp
    
    /Applications/Xcode.app/Contents/Developer/Toolchains/XcodeDefault.xctoolchain/usr/bin/clang -x c -ivfsstatcache /Users/factoreal/Downloads/yaam/build/CleanDerivedData/SDKStatCaches.noindex/macosx26.5-25F70-e082c4a02f00227109f4ed75e425c832.sdkstatcache -target arm64-apple-macos13.0 -fmessage-length\=0 -fdiagnostics-show-note-include-stack -fmacro-backtrace-limit\=0 -fno-color-diagnostics -fmodules-prune-interval\=86400 -fmodules-prune-after\=345600 -fbuild-session-file\=/Users/factoreal/Downloads/yaam/build/CleanDerivedData/ModuleCache.noindex/Session.modulevalidation -fmodules-validate-once-per-build-session -Wnon-modular-include-in-framework-module -Werror\=non-modular-include-in-framework-module -Wno-trigraphs -Wno-missing-field-initializers -Wno-missing-prototypes -Wno-return-type -Wno-missing-braces -Wparentheses -Wswitch -Wno-unused-function -Wno-unused-label -Wno-unused-parameter -Wno-unused-variable -Wunused-value -Wno-empty-body -Wno-uninitialized -Wno-unknown-pragmas -w -Wno-shadow -Wno-four-char-constants -Wno-conversion -Wno-constant-conversion -Wno-int-conversion -Wno-bool-conversion -Wno-enum-conversion -Wno-float-conversion -Wno-non-literal-null-conversion -Wno-objc-literal-conversion -Wshorten-64-to-32 -Wpointer-sign -Wno-newline-eof -Wno-implicit-fallthrough -isysroot /Applications/Xcode.app/Contents/Developer/Platforms/MacOSX.platform/Developer/SDKs/MacOSX26.5.sdk -fstrict-aliasing -Wdeprecated-declarations -Wno-sign-conversion -Wno-infinite-recursion -Wno-comma -Wno-block-capture-autoreleasing -Wno-strict-prototypes -Wno-semicolon-before-method-body -index-store-path /Users/factoreal/Downloads/yaam/build/CleanDerivedData/Index.noindex/DataStore @/Users/factoreal/Downloads/yaam/build/CleanDerivedData/Build/Intermediates.noindex/FT8808.build/Debug/CFT8.build/Objects-normal/arm64/7187679823f38a2a940e0043cdf9d637-common-args.resp -MMD -MT dependencies -MF /Users/factoreal/Downloads/yaam/build/CleanDerivedData/Build/Intermediates.noindex/FT8808.build/Debug/CFT8.build/Objects-normal/arm64/decode.d --serialize-diagnostics /Users/factoreal/Downloads/yaam/build/CleanDerivedData/Build/Intermediates.noindex/FT8808.build/Debug/CFT8.build/Objects-normal/arm64/decode.dia -c /Users/factoreal/Downloads/yaam/build/CleanDerivedData/SourcePackages/checkouts/ft8-808/Sources/CFT8/ft8/decode.c -o /Users/factoreal/Downloads/yaam/build/CleanDerivedData/Build/Intermediates.noindex/FT8808.build/Debug/CFT8.build/Objects-normal/arm64/decode.o -index-unit-output-path /FT8808.build/Debug/CFT8.build/Objects-normal/arm64/decode.o

PrecompileModule /Users/factoreal/Downloads/yaam/build/CleanDerivedData/Build/Intermediates.noindex/ExplicitPrecompiledModules/_DarwinFoundation3-E0QEK0PXFCEO6HSNJOEKMV133.scan
    cd /
    builtin-precompileModule /Users/factoreal/Downloads/yaam/build/CleanDerivedData/Build/Intermediates.noindex/ExplicitPrecompiledModules/_DarwinFoundation3-E0QEK0PXFCEO6HSNJOEKMV133.scan

CompileC /Users/factoreal/Downloads/yaam/build/CleanDerivedData/Build/Intermediates.noindex/FT8808.build/Debug/CFT8.build/Objects-normal/arm64/monitor.o /Users/factoreal/Downloads/yaam/build/CleanDerivedData/SourcePackages/checkouts/ft8-808/Sources/CFT8/common/monitor.c normal arm64 c com.apple.compilers.llvm.clang.1_0.compiler (in target 'CFT8' from project 'FT8808')
    cd /Users/factoreal/Downloads/yaam/YAAM.xcodeproj
    
    Using response file: /Users/factoreal/Downloads/yaam/build/CleanDerivedData/Build/Intermediates.noindex/FT8808.build/Debug/CFT8.build/Objects-normal/arm64/7187679823f38a2a940e0043cdf9d637-common-args.resp
    
    /Applications/Xcode.app/Contents/Developer/Toolchains/XcodeDefault.xctoolchain/usr/bin/clang -x c -ivfsstatcache /Users/factoreal/Downloads/yaam/build/CleanDerivedData/SDKStatCaches.noindex/macosx26.5-25F70-e082c4a02f00227109f4ed75e425c832.sdkstatcache -target arm64-apple-macos13.0 -fmessage-length\=0 -fdiagnostics-show-note-include-stack -fmacro-backtrace-limit\=0 -fno-color-diagnostics -fmodules-prune-interval\=86400 -fmodules-prune-after\=345600 -fbuild-session-file\=/Users/factoreal/Downloads/yaam/build/CleanDerivedData/ModuleCache.noindex/Session.modulevalidation -fmodules-validate-once-per-build-session -Wnon-modular-include-in-framework-module -Werror\=non-modular-include-in-framework-module -Wno-trigraphs -Wno-missing-field-initializers -Wno-missing-prototypes -Wno-return-type -Wno-missing-braces -Wparentheses -Wswitch -Wno-unused-function -Wno-unused-label -Wno-unused-parameter -Wno-unused-variable -Wunused-value -Wno-empty-body -Wno-uninitialized -Wno-unknown-pragmas -w -Wno-shadow -Wno-four-char-constants -Wno-conversion -Wno-constant-conversion -Wno-int-conversion -Wno-bool-conversion -Wno-enum-conversion -Wno-float-conversion -Wno-non-literal-null-conversion -Wno-objc-literal-conversion -Wshorten-64-to-32 -Wpointer-sign -Wno-newline-eof -Wno-implicit-fallthrough -isysroot /Applications/Xcode.app/Contents/Developer/Platforms/MacOSX.platform/Developer/SDKs/MacOSX26.5.sdk -fstrict-aliasing -Wdeprecated-declarations -Wno-sign-conversion -Wno-infinite-recursion -Wno-comma -Wno-block-capture-autoreleasing -Wno-strict-prototypes -Wno-semicolon-before-method-body -index-store-path /Users/factoreal/Downloads/yaam/build/CleanDerivedData/Index.noindex/DataStore @/Users/factoreal/Downloads/yaam/build/CleanDerivedData/Build/Intermediates.noindex/FT8808.build/Debug/CFT8.build/Objects-normal/arm64/7187679823f38a2a940e0043cdf9d637-common-args.resp -MMD -MT dependencies -MF /Users/factoreal/Downloads/yaam/build/CleanDerivedData/Build/Intermediates.noindex/FT8808.build/Debug/CFT8.build/Objects-normal/arm64/monitor.d --serialize-diagnostics /Users/factoreal/Downloads/yaam/build/CleanDerivedData/Build/Intermediates.noindex/FT8808.build/Debug/CFT8.build/Objects-normal/arm64/monitor.dia -c /Users/factoreal/Downloads/yaam/build/CleanDerivedData/SourcePackages/checkouts/ft8-808/Sources/CFT8/common/monitor.c -o /Users/factoreal/Downloads/yaam/build/CleanDerivedData/Build/Intermediates.noindex/FT8808.build/Debug/CFT8.build/Objects-normal/arm64/monitor.o -index-unit-output-path /FT8808.build/Debug/CFT8.build/Objects-normal/arm64/monitor.o

CompileC /Users/factoreal/Downloads/yaam/build/CleanDerivedData/Build/Intermediates.noindex/FT8808.build/Debug/CFT8.build/Objects-normal/arm64/message.o /Users/factoreal/Downloads/yaam/build/CleanDerivedData/SourcePackages/checkouts/ft8-808/Sources/CFT8/ft8/message.c normal arm64 c com.apple.compilers.llvm.clang.1_0.compiler (in target 'CFT8' from project 'FT8808')
    cd /Users/factoreal/Downloads/yaam/YAAM.xcodeproj
    
    Using response file: /Users/factoreal/Downloads/yaam/build/CleanDerivedData/Build/Intermediates.noindex/FT8808.build/Debug/CFT8.build/Objects-normal/arm64/7187679823f38a2a940e0043cdf9d637-common-args.resp
    
    /Applications/Xcode.app/Contents/Developer/Toolchains/XcodeDefault.xctoolchain/usr/bin/clang -x c -ivfsstatcache /Users/factoreal/Downloads/yaam/build/CleanDerivedData/SDKStatCaches.noindex/macosx26.5-25F70-e082c4a02f00227109f4ed75e425c832.sdkstatcache -target arm64-apple-macos13.0 -fmessage-length\=0 -fdiagnostics-show-note-include-stack -fmacro-backtrace-limit\=0 -fno-color-diagnostics -fmodules-prune-interval\=86400 -fmodules-prune-after\=345600 -fbuild-session-file\=/Users/factoreal/Downloads/yaam/build/CleanDerivedData/ModuleCache.noindex/Session.modulevalidation -fmodules-validate-once-per-build-session -Wnon-modular-include-in-framework-module -Werror\=non-modular-include-in-framework-module -Wno-trigraphs -Wno-missing-field-initializers -Wno-missing-prototypes -Wno-return-type -Wno-missing-braces -Wparentheses -Wswitch -Wno-unused-function -Wno-unused-label -Wno-unused-parameter -Wno-unused-variable -Wunused-value -Wno-empty-body -Wno-uninitialized -Wno-unknown-pragmas -w -Wno-shadow -Wno-four-char-constants -Wno-conversion -Wno-constant-conversion -Wno-int-conversion -Wno-bool-conversion -Wno-enum-conversion -Wno-float-conversion -Wno-non-literal-null-conversion -Wno-objc-literal-conversion -Wshorten-64-to-32 -Wpointer-sign -Wno-newline-eof -Wno-implicit-fallthrough -isysroot /Applications/Xcode.app/Contents/Developer/Platforms/MacOSX.platform/Developer/SDKs/MacOSX26.5.sdk -fstrict-aliasing -Wdeprecated-declarations -Wno-sign-conversion -Wno-infinite-recursion -Wno-comma -Wno-block-capture-autoreleasing -Wno-strict-prototypes -Wno-semicolon-before-method-body -index-store-path /Users/factoreal/Downloads/yaam/build/CleanDerivedData/Index.noindex/DataStore @/Users/factoreal/Downloads/yaam/build/CleanDerivedData/Build/Intermediates.noindex/FT8808.build/Debug/CFT8.build/Objects-normal/arm64/7187679823f38a2a940e0043cdf9d637-common-args.resp -MMD -MT dependencies -MF /Users/factoreal/Downloads/yaam/build/CleanDerivedData/Build/Intermediates.noindex/FT8808.build/Debug/CFT8.build/Objects-normal/arm64/message.d --serialize-diagnostics /Users/factoreal/Downloads/yaam/build/CleanDerivedData/Build/Intermediates.noindex/FT8808.build/Debug/CFT8.build/Objects-normal/arm64/message.dia -c /Users/factoreal/Downloads/yaam/build/CleanDerivedData/SourcePackages/checkouts/ft8-808/Sources/CFT8/ft8/message.c -o /Users/factoreal/Downloads/yaam/build/CleanDerivedData/Build/Intermediates.noindex/FT8808.build/Debug/CFT8.build/Objects-normal/arm64/message.o -index-unit-output-path /FT8808.build/Debug/CFT8.build/Objects-normal/arm64/message.o

CompileC /Users/factoreal/Downloads/yaam/build/CleanDerivedData/Build/Intermediates.noindex/FT8808.build/Debug/CFT8.build/Objects-normal/arm64/ldpc.o /Users/factoreal/Downloads/yaam/build/CleanDerivedData/SourcePackages/checkouts/ft8-808/Sources/CFT8/ft8/ldpc.c normal arm64 c com.apple.compilers.llvm.clang.1_0.compiler (in target 'CFT8' from project 'FT8808')
    cd /Users/factoreal/Downloads/yaam/YAAM.xcodeproj
    
    Using response file: /Users/factoreal/Downloads/yaam/build/CleanDerivedData/Build/Intermediates.noindex/FT8808.build/Debug/CFT8.build/Objects-normal/arm64/7187679823f38a2a940e0043cdf9d637-common-args.resp
    
    /Applications/Xcode.app/Contents/Developer/Toolchains/XcodeDefault.xctoolchain/usr/bin/clang -x c -ivfsstatcache /Users/factoreal/Downloads/yaam/build/CleanDerivedData/SDKStatCaches.noindex/macosx26.5-25F70-e082c4a02f00227109f4ed75e425c832.sdkstatcache -target arm64-apple-macos13.0 -fmessage-length\=0 -fdiagnostics-show-note-include-stack -fmacro-backtrace-limit\=0 -fno-color-diagnostics -fmodules-prune-interval\=86400 -fmodules-prune-after\=345600 -fbuild-session-file\=/Users/factoreal/Downloads/yaam/build/CleanDerivedData/ModuleCache.noindex/Session.modulevalidation -fmodules-validate-once-per-build-session -Wnon-modular-include-in-framework-module -Werror\=non-modular-include-in-framework-module -Wno-trigraphs -Wno-missing-field-initializers -Wno-missing-prototypes -Wno-return-type -Wno-missing-braces -Wparentheses -Wswitch -Wno-unused-function -Wno-unused-label -Wno-unused-parameter -Wno-unused-variable -Wunused-value -Wno-empty-body -Wno-uninitialized -Wno-unknown-pragmas -w -Wno-shadow -Wno-four-char-constants -Wno-conversion -Wno-constant-conversion -Wno-int-conversion -Wno-bool-conversion -Wno-enum-conversion -Wno-float-conversion -Wno-non-literal-null-conversion -Wno-objc-literal-conversion -Wshorten-64-to-32 -Wpointer-sign -Wno-newline-eof -Wno-implicit-fallthrough -isysroot /Applications/Xcode.app/Contents/Developer/Platforms/MacOSX.platform/Developer/SDKs/MacOSX26.5.sdk -fstrict-aliasing -Wdeprecated-declarations -Wno-sign-conversion -Wno-infinite-recursion -Wno-comma -Wno-block-capture-autoreleasing -Wno-strict-prototypes -Wno-semicolon-before-method-body -index-store-path /Users/factoreal/Downloads/yaam/build/CleanDerivedData/Index.noindex/DataStore @/Users/factoreal/Downloads/yaam/build/CleanDerivedData/Build/Intermediates.noindex/FT8808.build/Debug/CFT8.build/Objects-normal/arm64/7187679823f38a2a940e0043cdf9d637-common-args.resp -MMD -MT dependencies -MF /Users/factoreal/Downloads/yaam/build/CleanDerivedData/Build/Intermediates.noindex/FT8808.build/Debug/CFT8.build/Objects-normal/arm64/ldpc.d --serialize-diagnostics /Users/factoreal/Downloads/yaam/build/CleanDerivedData/Build/Intermediates.noindex/FT8808.build/Debug/CFT8.build/Objects-normal/arm64/ldpc.dia -c /Users/factoreal/Downloads/yaam/build/CleanDerivedData/SourcePackages/checkouts/ft8-808/Sources/CFT8/ft8/ldpc.c -o /Users/factoreal/Downloads/yaam/build/CleanDerivedData/Build/Intermediates.noindex/FT8808.build/Debug/CFT8.build/Objects-normal/arm64/ldpc.o -index-unit-output-path /FT8808.build/Debug/CFT8.build/Objects-normal/arm64/ldpc.o

CompileC /Users/factoreal/Downloads/yaam/build/CleanDerivedData/Build/Intermediates.noindex/FT8808.build/Debug/CFT8.build/Objects-normal/arm64/wave.o /Users/factoreal/Downloads/yaam/build/CleanDerivedData/SourcePackages/checkouts/ft8-808/Sources/CFT8/common/wave.c normal arm64 c com.apple.compilers.llvm.clang.1_0.compiler (in target 'CFT8' from project 'FT8808')
    cd /Users/factoreal/Downloads/yaam/YAAM.xcodeproj
    
    Using response file: /Users/factoreal/Downloads/yaam/build/CleanDerivedData/Build/Intermediates.noindex/FT8808.build/Debug/CFT8.build/Objects-normal/arm64/7187679823f38a2a940e0043cdf9d637-common-args.resp
    
    /Applications/Xcode.app/Contents/Developer/Toolchains/XcodeDefault.xctoolchain/usr/bin/clang -x c -ivfsstatcache /Users/factoreal/Downloads/yaam/build/CleanDerivedData/SDKStatCaches.noindex/macosx26.5-25F70-e082c4a02f00227109f4ed75e425c832.sdkstatcache -target arm64-apple-macos13.0 -fmessage-length\=0 -fdiagnostics-show-note-include-stack -fmacro-backtrace-limit\=0 -fno-color-diagnostics -fmodules-prune-interval\=86400 -fmodules-prune-after\=345600 -fbuild-session-file\=/Users/factoreal/Downloads/yaam/build/CleanDerivedData/ModuleCache.noindex/Session.modulevalidation -fmodules-validate-once-per-build-session -Wnon-modular-include-in-framework-module -Werror\=non-modular-include-in-framework-module -Wno-trigraphs -Wno-missing-field-initializers -Wno-missing-prototypes -Wno-return-type -Wno-missing-braces -Wparentheses -Wswitch -Wno-unused-function -Wno-unused-label -Wno-unused-parameter -Wno-unused-variable -Wunused-value -Wno-empty-body -Wno-uninitialized -Wno-unknown-pragmas -w -Wno-shadow -Wno-four-char-constants -Wno-conversion -Wno-constant-conversion -Wno-int-conversion -Wno-bool-conversion -Wno-enum-conversion -Wno-float-conversion -Wno-non-literal-null-conversion -Wno-objc-literal-conversion -Wshorten-64-to-32 -Wpointer-sign -Wno-newline-eof -Wno-implicit-fallthrough -isysroot /Applications/Xcode.app/Contents/Developer/Platforms/MacOSX.platform/Developer/SDKs/MacOSX26.5.sdk -fstrict-aliasing -Wdeprecated-declarations -Wno-sign-conversion -Wno-infinite-recursion -Wno-comma -Wno-block-capture-autoreleasing -Wno-strict-prototypes -Wno-semicolon-before-method-body -index-store-path /Users/factoreal/Downloads/yaam/build/CleanDerivedData/Index.noindex/DataStore @/Users/factoreal/Downloads/yaam/build/CleanDerivedData/Build/Intermediates.noindex/FT8808.build/Debug/CFT8.build/Objects-normal/arm64/7187679823f38a2a940e0043cdf9d637-common-args.resp -MMD -MT dependencies -MF /Users/factoreal/Downloads/yaam/build/CleanDerivedData/Build/Intermediates.noindex/FT8808.build/Debug/CFT8.build/Objects-normal/arm64/wave.d --serialize-diagnostics /Users/factoreal/Downloads/yaam/build/CleanDerivedData/Build/Intermediates.noindex/FT8808.build/Debug/CFT8.build/Objects-normal/arm64/wave.dia -c /Users/factoreal/Downloads/yaam/build/CleanDerivedData/SourcePackages/checkouts/ft8-808/Sources/CFT8/common/wave.c -o /Users/factoreal/Downloads/yaam/build/CleanDerivedData/Build/Intermediates.noindex/FT8808.build/Debug/CFT8.build/Objects-normal/arm64/wave.o -index-unit-output-path /FT8808.build/Debug/CFT8.build/Objects-normal/arm64/wave.o

CompileC /Users/factoreal/Downloads/yaam/build/CleanDerivedData/Build/Intermediates.noindex/FT8808.build/Debug/CFT8.build/Objects-normal/arm64/kiss_fft.o /Users/factoreal/Downloads/yaam/build/CleanDerivedData/SourcePackages/checkouts/ft8-808/Sources/CFT8/fft/kiss_fft.c normal arm64 c com.apple.compilers.llvm.clang.1_0.compiler (in target 'CFT8' from project 'FT8808')
    cd /Users/factoreal/Downloads/yaam/YAAM.xcodeproj
    
    Using response file: /Users/factoreal/Downloads/yaam/build/CleanDerivedData/Build/Intermediates.noindex/FT8808.build/Debug/CFT8.build/Objects-normal/arm64/7187679823f38a2a940e0043cdf9d637-common-args.resp
    
    /Applications/Xcode.app/Contents/Developer/Toolchains/XcodeDefault.xctoolchain/usr/bin/clang -x c -ivfsstatcache /Users/factoreal/Downloads/yaam/build/CleanDerivedData/SDKStatCaches.noindex/macosx26.5-25F70-e082c4a02f00227109f4ed75e425c832.sdkstatcache -target arm64-apple-macos13.0 -fmessage-length\=0 -fdiagnostics-show-note-include-stack -fmacro-backtrace-limit\=0 -fno-color-diagnostics -fmodules-prune-interval\=86400 -fmodules-prune-after\=345600 -fbuild-session-file\=/Users/factoreal/Downloads/yaam/build/CleanDerivedData/ModuleCache.noindex/Session.modulevalidation -fmodules-validate-once-per-build-session -Wnon-modular-include-in-framework-module -Werror\=non-modular-include-in-framework-module -Wno-trigraphs -Wno-missing-field-initializers -Wno-missing-prototypes -Wno-return-type -Wno-missing-braces -Wparentheses -Wswitch -Wno-unused-function -Wno-unused-label -Wno-unused-parameter -Wno-unused-variable -Wunused-value -Wno-empty-body -Wno-uninitialized -Wno-unknown-pragmas -w -Wno-shadow -Wno-four-char-constants -Wno-conversion -Wno-constant-conversion -Wno-int-conversion -Wno-bool-conversion -Wno-enum-conversion -Wno-float-conversion -Wno-non-literal-null-conversion -Wno-objc-literal-conversion -Wshorten-64-to-32 -Wpointer-sign -Wno-newline-eof -Wno-implicit-fallthrough -isysroot /Applications/Xcode.app/Contents/Developer/Platforms/MacOSX.platform/Developer/SDKs/MacOSX26.5.sdk -fstrict-aliasing -Wdeprecated-declarations -Wno-sign-conversion -Wno-infinite-recursion -Wno-comma -Wno-block-capture-autoreleasing -Wno-strict-prototypes -Wno-semicolon-before-method-body -index-store-path /Users/factoreal/Downloads/yaam/build/CleanDerivedData/Index.noindex/DataStore @/Users/factoreal/Downloads/yaam/build/CleanDerivedData/Build/Intermediates.noindex/FT8808.build/Debug/CFT8.build/Objects-normal/arm64/7187679823f38a2a940e0043cdf9d637-common-args.resp -MMD -MT dependencies -MF /Users/factoreal/Downloads/yaam/build/CleanDerivedData/Build/Intermediates.noindex/FT8808.build/Debug/CFT8.build/Objects-normal/arm64/kiss_fft.d --serialize-diagnostics /Users/factoreal/Downloads/yaam/build/CleanDerivedData/Build/Intermediates.noindex/FT8808.build/Debug/CFT8.build/Objects-normal/arm64/kiss_fft.dia -c /Users/factoreal/Downloads/yaam/build/CleanDerivedData/SourcePackages/checkouts/ft8-808/Sources/CFT8/fft/kiss_fft.c -o /Users/factoreal/Downloads/yaam/build/CleanDerivedData/Build/Intermediates.noindex/FT8808.build/Debug/CFT8.build/Objects-normal/arm64/kiss_fft.o -index-unit-output-path /FT8808.build/Debug/CFT8.build/Objects-normal/arm64/kiss_fft.o

CompileC /Users/factoreal/Downloads/yaam/build/CleanDerivedData/Build/Intermediates.noindex/FT8808.build/Debug/CFT8.build/Objects-normal/arm64/kiss_fftr.o /Users/factoreal/Downloads/yaam/build/CleanDerivedData/SourcePackages/checkouts/ft8-808/Sources/CFT8/fft/kiss_fftr.c normal arm64 c com.apple.compilers.llvm.clang.1_0.compiler (in target 'CFT8' from project 'FT8808')
    cd /Users/factoreal/Downloads/yaam/YAAM.xcodeproj
    
    Using response file: /Users/factoreal/Downloads/yaam/build/CleanDerivedData/Build/Intermediates.noindex/FT8808.build/Debug/CFT8.build/Objects-normal/arm64/7187679823f38a2a940e0043cdf9d637-common-args.resp
    
    /Applications/Xcode.app/Contents/Developer/Toolchains/XcodeDefault.xctoolchain/usr/bin/clang -x c -ivfsstatcache /Users/factoreal/Downloads/yaam/build/CleanDerivedData/SDKStatCaches.noindex/macosx26.5-25F70-e082c4a02f00227109f4ed75e425c832.sdkstatcache -target arm64-apple-macos13.0 -fmessage-length\=0 -fdiagnostics-show-note-include-stack -fmacro-backtrace-limit\=0 -fno-color-diagnostics -fmodules-prune-interval\=86400 -fmodules-prune-after\=345600 -fbuild-session-file\=/Users/factoreal/Downloads/yaam/build/CleanDerivedData/ModuleCache.noindex/Session.modulevalidation -fmodules-validate-once-per-build-session -Wnon-modular-include-in-framework-module -Werror\=non-modular-include-in-framework-module -Wno-trigraphs -Wno-missing-field-initializers -Wno-missing-prototypes -Wno-return-type -Wno-missing-braces -Wparentheses -Wswitch -Wno-unused-function -Wno-unused-label -Wno-unused-parameter -Wno-unused-variable -Wunused-value -Wno-empty-body -Wno-uninitialized -Wno-unknown-pragmas -w -Wno-shadow -Wno-four-char-constants -Wno-conversion -Wno-constant-conversion -Wno-int-conversion -Wno-bool-conversion -Wno-enum-conversion -Wno-float-conversion -Wno-non-literal-null-conversion -Wno-objc-literal-conversion -Wshorten-64-to-32 -Wpointer-sign -Wno-newline-eof -Wno-implicit-fallthrough -isysroot /Applications/Xcode.app/Contents/Developer/Platforms/MacOSX.platform/Developer/SDKs/MacOSX26.5.sdk -fstrict-aliasing -Wdeprecated-declarations -Wno-sign-conversion -Wno-infinite-recursion -Wno-comma -Wno-block-capture-autoreleasing -Wno-strict-prototypes -Wno-semicolon-before-method-body -index-store-path /Users/factoreal/Downloads/yaam/build/CleanDerivedData/Index.noindex/DataStore @/Users/factoreal/Downloads/yaam/build/CleanDerivedData/Build/Intermediates.noindex/FT8808.build/Debug/CFT8.build/Objects-normal/arm64/7187679823f38a2a940e0043cdf9d637-common-args.resp -MMD -MT dependencies -MF /Users/factoreal/Downloads/yaam/build/CleanDerivedData/Build/Intermediates.noindex/FT8808.build/Debug/CFT8.build/Objects-normal/arm64/kiss_fftr.d --serialize-diagnostics /Users/factoreal/Downloads/yaam/build/CleanDerivedData/Build/Intermediates.noindex/FT8808.build/Debug/CFT8.build/Objects-normal/arm64/kiss_fftr.dia -c /Users/factoreal/Downloads/yaam/build/CleanDerivedData/SourcePackages/checkouts/ft8-808/Sources/CFT8/fft/kiss_fftr.c -o /Users/factoreal/Downloads/yaam/build/CleanDerivedData/Build/Intermediates.noindex/FT8808.build/Debug/CFT8.build/Objects-normal/arm64/kiss_fftr.o -index-unit-output-path /FT8808.build/Debug/CFT8.build/Objects-normal/arm64/kiss_fftr.o

CompileC /Users/factoreal/Downloads/yaam/build/CleanDerivedData/Build/Intermediates.noindex/FT8808.build/Debug/CFT8.build/Objects-normal/arm64/ft8808_shim.o /Users/factoreal/Downloads/yaam/build/CleanDerivedData/SourcePackages/checkouts/ft8-808/Sources/CFT8/shim/ft8808_shim.c normal arm64 c com.apple.compilers.llvm.clang.1_0.compiler (in target 'CFT8' from project 'FT8808')
    cd /Users/factoreal/Downloads/yaam/YAAM.xcodeproj
    
    Using response file: /Users/factoreal/Downloads/yaam/build/CleanDerivedData/Build/Intermediates.noindex/FT8808.build/Debug/CFT8.build/Objects-normal/arm64/7187679823f38a2a940e0043cdf9d637-common-args.resp
    
    /Applications/Xcode.app/Contents/Developer/Toolchains/XcodeDefault.xctoolchain/usr/bin/clang -x c -ivfsstatcache /Users/factoreal/Downloads/yaam/build/CleanDerivedData/SDKStatCaches.noindex/macosx26.5-25F70-e082c4a02f00227109f4ed75e425c832.sdkstatcache -target arm64-apple-macos13.0 -fmessage-length\=0 -fdiagnostics-show-note-include-stack -fmacro-backtrace-limit\=0 -fno-color-diagnostics -fmodules-prune-interval\=86400 -fmodules-prune-after\=345600 -fbuild-session-file\=/Users/factoreal/Downloads/yaam/build/CleanDerivedData/ModuleCache.noindex/Session.modulevalidation -fmodules-validate-once-per-build-session -Wnon-modular-include-in-framework-module -Werror\=non-modular-include-in-framework-module -Wno-trigraphs -Wno-missing-field-initializers -Wno-missing-prototypes -Wno-return-type -Wno-missing-braces -Wparentheses -Wswitch -Wno-unused-function -Wno-unused-label -Wno-unused-parameter -Wno-unused-variable -Wunused-value -Wno-empty-body -Wno-uninitialized -Wno-unknown-pragmas -w -Wno-shadow -Wno-four-char-constants -Wno-conversion -Wno-constant-conversion -Wno-int-conversion -Wno-bool-conversion -Wno-enum-conversion -Wno-float-conversion -Wno-non-literal-null-conversion -Wno-objc-literal-conversion -Wshorten-64-to-32 -Wpointer-sign -Wno-newline-eof -Wno-implicit-fallthrough -isysroot /Applications/Xcode.app/Contents/Developer/Platforms/MacOSX.platform/Developer/SDKs/MacOSX26.5.sdk -fstrict-aliasing -Wdeprecated-declarations -Wno-sign-conversion -Wno-infinite-recursion -Wno-comma -Wno-block-capture-autoreleasing -Wno-strict-prototypes -Wno-semicolon-before-method-body -index-store-path /Users/factoreal/Downloads/yaam/build/CleanDerivedData/Index.noindex/DataStore @/Users/factoreal/Downloads/yaam/build/CleanDerivedData/Build/Intermediates.noindex/FT8808.build/Debug/CFT8.build/Objects-normal/arm64/7187679823f38a2a940e0043cdf9d637-common-args.resp -MMD -MT dependencies -MF /Users/factoreal/Downloads/yaam/build/CleanDerivedData/Build/Intermediates.noindex/FT8808.build/Debug/CFT8.build/Objects-normal/arm64/ft8808_shim.d --serialize-diagnostics /Users/factoreal/Downloads/yaam/build/CleanDerivedData/Build/Intermediates.noindex/FT8808.build/Debug/CFT8.build/Objects-normal/arm64/ft8808_shim.dia -c /Users/factoreal/Downloads/yaam/build/CleanDerivedData/SourcePackages/checkouts/ft8-808/Sources/CFT8/shim/ft8808_shim.c -o /Users/factoreal/Downloads/yaam/build/CleanDerivedData/Build/Intermediates.noindex/FT8808.build/Debug/CFT8.build/Objects-normal/arm64/ft8808_shim.o -index-unit-output-path /FT8808.build/Debug/CFT8.build/Objects-normal/arm64/ft8808_shim.o

Ld /Users/factoreal/Downloads/yaam/build/CleanDerivedData/Build/Products/Debug/CFT8.o normal (in target 'CFT8' from project 'FT8808')
    cd /Users/factoreal/Downloads/yaam/build/CleanDerivedData/SourcePackages/checkouts/ft8-808
    /Applications/Xcode.app/Contents/Developer/Toolchains/XcodeDefault.xctoolchain/usr/bin/clang -Xlinker -reproducible -target arm64-apple-macos13.0 -r -isysroot /Applications/Xcode.app/Contents/Developer/Platforms/MacOSX.platform/Developer/SDKs/MacOSX26.5.sdk -O0 -w -F/Users/factoreal/Downloads/yaam/build/CleanDerivedData/Build/Intermediates.noindex/EagerLinkingTBDs/Debug -F/Users/factoreal/Downloads/yaam/build/CleanDerivedData/Build/Products/Debug -iframework /Applications/Xcode.app/Contents/Developer/Platforms/MacOSX.platform/Developer/Library/Frameworks -filelist /Users/factoreal/Downloads/yaam/build/CleanDerivedData/Build/Intermediates.noindex/FT8808.build/Debug/CFT8.build/Objects-normal/arm64/CFT8.LinkFileList -nostdlib -Xlinker -object_path_lto -Xlinker /Users/factoreal/Downloads/yaam/build/CleanDerivedData/Build/Intermediates.noindex/FT8808.build/Debug/CFT8.build/Objects-normal/arm64/CFT8_lto.o -Xlinker -no_deduplicate -Xlinker -dependency_info -Xlinker /Users/factoreal/Downloads/yaam/build/CleanDerivedData/Build/Intermediates.noindex/FT8808.build/Debug/CFT8.build/Objects-normal/arm64/CFT8_dependency_info.dat -o /Users/factoreal/Downloads/yaam/build/CleanDerivedData/Build/Products/Debug/CFT8.o

RegisterExecutionPolicyException /Users/factoreal/Downloads/yaam/build/CleanDerivedData/Build/Products/Debug/CFT8.o (in target 'CFT8' from project 'FT8808')
    cd /Users/factoreal/Downloads/yaam/build/CleanDerivedData/SourcePackages/checkouts/ft8-808
    builtin-RegisterExecutionPolicyException /Users/factoreal/Downloads/yaam/build/CleanDerivedData/Build/Products/Debug/CFT8.o

SwiftExplicitDependencyGeneratePcm arm64 /Users/factoreal/Downloads/yaam/build/CleanDerivedData/ModuleCache.noindex/ptrauth-3SLU4HIR5H5E32X5NED2HIM1D.pcm

SwiftExplicitDependencyGeneratePcm arm64 /Users/factoreal/Downloads/yaam/build/CleanDerivedData/ModuleCache.noindex/_SwiftConcurrencyShims-4OZN4VO9KCBIE2QYBXAI2WPAK.pcm

SwiftExplicitDependencyGeneratePcm arm64 /Users/factoreal/Downloads/yaam/build/CleanDerivedData/ModuleCache.noindex/_AvailabilityInternal-EP4YI81VP3HTQ0MSP678G5TUU.pcm

SwiftExplicitDependencyGeneratePcm arm64 /Users/factoreal/Downloads/yaam/build/CleanDerivedData/ModuleCache.noindex/_Builtin_stddef-E3LEWEQBR8FQ0OD37YRC500YF.pcm

SwiftExplicitDependencyGeneratePcm arm64 /Users/factoreal/Downloads/yaam/build/CleanDerivedData/ModuleCache.noindex/_Builtin_stdbool-BD1NSK92P8YYQUIAMR8MLRZ75.pcm

SwiftExplicitDependencyGeneratePcm arm64 /Users/factoreal/Downloads/yaam/build/CleanDerivedData/Build/Intermediates.noindex/SwiftExplicitPrecompiledModules/CFT8-696VLCBTFNQFHY1MHWGEHOR3H.pcm

SwiftExplicitDependencyGeneratePcm arm64 /Users/factoreal/Downloads/yaam/build/CleanDerivedData/ModuleCache.noindex/_Builtin_float-81POJS14MCJABKX70IZW6HE1Y.pcm

SwiftExplicitDependencyGeneratePcm arm64 /Users/factoreal/Downloads/yaam/build/CleanDerivedData/ModuleCache.noindex/ptrcheck-721FMDLA3OEJQFSPIEMR6054K.pcm

SwiftExplicitDependencyGeneratePcm arm64 /Users/factoreal/Downloads/yaam/build/CleanDerivedData/ModuleCache.noindex/_Builtin_stdarg-40WGOA2K22HCXNBH1TB50HCU4.pcm

SwiftExplicitDependencyGeneratePcm arm64 /Users/factoreal/Downloads/yaam/build/CleanDerivedData/ModuleCache.noindex/SwiftShims-1NRJROETUZVX8BZK93LM35EBU.pcm

SwiftExplicitDependencyGeneratePcm arm64 /Users/factoreal/Downloads/yaam/build/CleanDerivedData/ModuleCache.noindex/_DarwinFoundation1-Q5ZOPIWGYK76J3G0J0N588IL.pcm

SwiftExplicitDependencyGeneratePcm arm64 /Users/factoreal/Downloads/yaam/build/CleanDerivedData/ModuleCache.noindex/_DarwinFoundation2-20VBFC7UPW7LYPITLJ9VV6QHN.pcm

SwiftExplicitDependencyGeneratePcm arm64 /Users/factoreal/Downloads/yaam/build/CleanDerivedData/ModuleCache.noindex/_Builtin_limits-EY0V2TC6BGSUNEIFOYW4XB9VC.pcm

SwiftExplicitDependencyGeneratePcm arm64 /Users/factoreal/Downloads/yaam/build/CleanDerivedData/ModuleCache.noindex/_Builtin_stdint-9A1ASQRSJIC6D84P4C9SWH8RD.pcm

SwiftExplicitDependencyGeneratePcm arm64 /Users/factoreal/Downloads/yaam/build/CleanDerivedData/ModuleCache.noindex/sys_types-5EEJGGW6VM24N06JNLPXM4PS4.pcm

SwiftExplicitDependencyGeneratePcm arm64 /Users/factoreal/Downloads/yaam/build/CleanDerivedData/ModuleCache.noindex/libDER-ECMTDXPJFJXI2R0IBI10W3GD7.pcm

SwiftExplicitDependencyGeneratePcm arm64 /Users/factoreal/Downloads/yaam/build/CleanDerivedData/ModuleCache.noindex/_DarwinFoundation3-1N3ECQAD6Y9H41CSNJAGO3RO9.pcm

SwiftExplicitDependencyGeneratePcm arm64 /Users/factoreal/Downloads/yaam/build/CleanDerivedData/ModuleCache.noindex/_Builtin_inttypes-43IVW5XL19ZX2RUO2OOIPF50O.pcm

SwiftExplicitDependencyGeneratePcm arm64 /Users/factoreal/Downloads/yaam/build/CleanDerivedData/ModuleCache.noindex/Darwin-CCNO6RF8N1VF90SQM2YC9BRHD.pcm

SwiftExplicitDependencyGeneratePcm arm64 /Users/factoreal/Downloads/yaam/build/CleanDerivedData/ModuleCache.noindex/libkern-5RTH9LCY3O0MRE4BB7II88Q16.pcm

SwiftExplicitDependencyGeneratePcm arm64 /Users/factoreal/Downloads/yaam/build/CleanDerivedData/ModuleCache.noindex/MachO-7SLN5UPL6WS539MWWLY5G1DRJ.pcm

SwiftExplicitDependencyGeneratePcm arm64 /Users/factoreal/Downloads/yaam/build/CleanDerivedData/ModuleCache.noindex/launch-4FXIS4AZY6ODWJXBJQOWTDNYS.pcm

SwiftExplicitDependencyGeneratePcm arm64 /Users/factoreal/Downloads/yaam/build/CleanDerivedData/ModuleCache.noindex/ObjectiveC-A7UOA5YXJ6UWGUKFKI4US2RM0.pcm

SwiftExplicitDependencyGeneratePcm arm64 /Users/factoreal/Downloads/yaam/build/CleanDerivedData/ModuleCache.noindex/os_object-D43MVZF59WOAV0A331SVHY67D.pcm

SwiftExplicitDependencyGeneratePcm arm64 /Users/factoreal/Downloads/yaam/build/CleanDerivedData/ModuleCache.noindex/os_workgroup-1KFCYO08ZPM6O4J6ZF5Z0FS58.pcm

SwiftExplicitDependencyGeneratePcm arm64 /Users/factoreal/Downloads/yaam/build/CleanDerivedData/ModuleCache.noindex/Dispatch-ENEJIE5TNMYBQNVM62URAU8Y9.pcm

SwiftExplicitDependencyGeneratePcm arm64 /Users/factoreal/Downloads/yaam/build/CleanDerivedData/ModuleCache.noindex/XPC-8SSZOU5YFKNYB133HDLR2T6ZO.pcm

SwiftExplicitDependencyGeneratePcm arm64 /Users/factoreal/Downloads/yaam/build/CleanDerivedData/ModuleCache.noindex/CoreFoundation-50DLXG6CCL3IT4PENPB65LY8U.pcm

SwiftExplicitDependencyGeneratePcm arm64 /Users/factoreal/Downloads/yaam/build/CleanDerivedData/ModuleCache.noindex/CFNetwork-3GOKLVNS9EQJ3OBSPW2VT0J0E.pcm

SwiftExplicitDependencyGeneratePcm arm64 /Users/factoreal/Downloads/yaam/build/CleanDerivedData/ModuleCache.noindex/Security-1TWST6D88CJL6LKCNOA3R7417.pcm

SwiftExplicitDependencyGeneratePcm arm64 /Users/factoreal/Downloads/yaam/build/CleanDerivedData/ModuleCache.noindex/IOKit-9W6HLCYTBBSEAZR8L00K82EL1.pcm

SwiftExplicitDependencyGeneratePcm arm64 /Users/factoreal/Downloads/yaam/build/CleanDerivedData/ModuleCache.noindex/DiskArbitration-F4H36PPSDNAYP1VY4V01V0I9T.pcm

SwiftExplicitDependencyGeneratePcm arm64 /Users/factoreal/Downloads/yaam/build/CleanDerivedData/ModuleCache.noindex/CoreServices-1NXR6NSXNG1G3GFELT2DG2FKT.pcm

SwiftExplicitDependencyGeneratePcm arm64 /Users/factoreal/Downloads/yaam/build/CleanDerivedData/ModuleCache.noindex/Foundation-ACDRCKQWYDHFT7GD0ILHHSEXN.pcm

SwiftEmitModule normal arm64 Emitting\ module\ for\ FT8Codec (in target 'FT8Codec' from project 'FT8808')

SwiftCompile normal arm64 /Users/factoreal/Downloads/yaam/build/CleanDerivedData/SourcePackages/checkouts/ft8-808/Sources/FT8Codec/FT8Codec.swift (in target 'FT8Codec' from project 'FT8808')
    cd /Users/factoreal/Downloads/yaam/YAAM.xcodeproj
    

SwiftCompile normal arm64 Compiling\ FT8Codec.swift /Users/factoreal/Downloads/yaam/build/CleanDerivedData/SourcePackages/checkouts/ft8-808/Sources/FT8Codec/FT8Codec.swift (in target 'FT8Codec' from project 'FT8808')
SwiftCompile normal arm64 /Users/factoreal/Downloads/yaam/build/CleanDerivedData/SourcePackages/checkouts/ft8-808/Sources/FT8Codec/FT8Codec.swift (in target 'FT8Codec' from project 'FT8808')
    cd /Users/factoreal/Downloads/yaam/YAAM.xcodeproj
    

SwiftDriverJobDiscovery normal arm64 Emitting module for FT8Codec (in target 'FT8Codec' from project 'FT8808')

SwiftDriver\ Compilation\ Requirements FT8Codec normal arm64 com.apple.xcode.tools.swift.compiler (in target 'FT8Codec' from project 'FT8808')
    cd /Users/factoreal/Downloads/yaam/YAAM.xcodeproj
    builtin-Swift-Compilation-Requirements -- /Applications/Xcode.app/Contents/Developer/Toolchains/XcodeDefault.xctoolchain/usr/bin/swiftc -module-name FT8Codec -Onone @/Users/factoreal/Downloads/yaam/build/CleanDerivedData/Build/Intermediates.noindex/FT8808.build/Debug/FT8Codec.build/Objects-normal/arm64/FT8Codec.SwiftFileList -DSWIFT_PACKAGE -DDEBUG -DSWIFT_MODULE_RESOURCE_BUNDLE_UNAVAILABLE -DXcode -plugin-path /Applications/Xcode.app/Contents/Developer/Toolchains/XcodeDefault.xctoolchain/usr/lib/swift/host/plugins/testing -enable-experimental-feature DebugDescriptionMacro -sdk /Applications/Xcode.app/Contents/Developer/Platforms/MacOSX.platform/Developer/SDKs/MacOSX26.5.sdk -target arm64-apple-macos13.0 -g -module-cache-path /Users/factoreal/Downloads/yaam/build/CleanDerivedData/ModuleCache.noindex -Xfrontend -serialize-debugging-options -enable-testing -suppress-warnings -index-store-path /Users/factoreal/Downloads/yaam/build/CleanDerivedData/Index.noindex/DataStore -Xcc -D_LIBCPP_HARDENING_MODE\=_LIBCPP_HARDENING_MODE_DEBUG -swift-version 6 -I /Users/factoreal/Downloads/yaam/build/CleanDerivedData/Build/Products/Debug -Isystem /Applications/Xcode.app/Contents/Developer/Platforms/MacOSX.platform/Developer/usr/lib -F /Users/factoreal/Downloads/yaam/build/CleanDerivedData/Build/Products/Debug/PackageFrameworks -F /Users/factoreal/Downloads/yaam/build/CleanDerivedData/Build/Products/Debug -F /Applications/Xcode.app/Contents/Developer/Platforms/MacOSX.platform/Developer/Library/Frameworks -parse-as-library -c -j14 -enable-batch-mode -incremental -Xcc -ivfsstatcache -Xcc /Users/factoreal/Downloads/yaam/build/CleanDerivedData/SDKStatCaches.noindex/macosx26.5-25F70-e082c4a02f00227109f4ed75e425c832.sdkstatcache -output-file-map /Users/factoreal/Downloads/yaam/build/CleanDerivedData/Build/Intermediates.noindex/FT8808.build/Debug/FT8Codec.build/Objects-normal/arm64/FT8Codec-OutputFileMap.json -use-frontend-parseable-output -save-temps -no-color-diagnostics -explicit-module-build -module-cache-path /Users/factoreal/Downloads/yaam/build/CleanDerivedData/Build/Intermediates.noindex/SwiftExplicitPrecompiledModules -clang-scanner-module-cache-path /Users/factoreal/Downloads/yaam/build/CleanDerivedData/ModuleCache.noindex -sdk-module-cache-path /Users/factoreal/Downloads/yaam/build/CleanDerivedData/ModuleCache.noindex -serialize-diagnostics -emit-dependencies -emit-module -emit-module-path /Users/factoreal/Downloads/yaam/build/CleanDerivedData/Build/Intermediates.noindex/FT8808.build/Debug/FT8Codec.build/Objects-normal/arm64/FT8Codec.swiftmodule -validate-clang-modules-once -clang-build-session-file /Users/factoreal/Downloads/yaam/build/CleanDerivedData/ModuleCache.noindex/Session.modulevalidation -package-name ft8_808 -Xcc -I/Users/factoreal/Downloads/yaam/build/CleanDerivedData/Build/Intermediates.noindex/FT8808.build/Debug/FT8Codec.build/swift-overrides.hmap -emit-const-values -Xfrontend -const-gather-protocols-file -Xfrontend /Users/factoreal/Downloads/yaam/build/CleanDerivedData/Build/Intermediates.noindex/FT8808.build/Debug/FT8Codec.build/Objects-normal/arm64/FT8Codec_const_extract_protocols.json -Xcc -I/Users/factoreal/Downloads/yaam/build/CleanDerivedData/SourcePackages/checkouts/ft8-808/Sources/CFT8/include -Xcc -I/Users/factoreal/Downloads/yaam/build/CleanDerivedData/Build/Products/Debug/include -Xcc -I/Users/factoreal/Downloads/yaam/build/CleanDerivedData/Build/Intermediates.noindex/FT8808.build/Debug/FT8Codec.build/DerivedSources-normal/arm64 -Xcc -I/Users/factoreal/Downloads/yaam/build/CleanDerivedData/Build/Intermediates.noindex/FT8808.build/Debug/FT8Codec.build/DerivedSources/arm64 -Xcc -I/Users/factoreal/Downloads/yaam/build/CleanDerivedData/Build/Intermediates.noindex/FT8808.build/Debug/FT8Codec.build/DerivedSources -Xcc -DSWIFT_PACKAGE -Xcc -DDEBUG\=1 -emit-objc-header -emit-objc-header-path /Users/factoreal/Downloads/yaam/build/CleanDerivedData/Build/Intermediates.noindex/FT8808.build/Debug/FT8Codec.build/Objects-normal/arm64/FT8Codec-Swift.h -working-directory /Users/factoreal/Downloads/yaam/YAAM.xcodeproj -experimental-emit-module-separately -disable-cmo

SwiftMergeGeneratedHeaders /Users/factoreal/Downloads/yaam/build/CleanDerivedData/Build/Intermediates.noindex/GeneratedModuleMaps/FT8Codec-Swift.h /Users/factoreal/Downloads/yaam/build/CleanDerivedData/Build/Intermediates.noindex/FT8808.build/Debug/FT8Codec.build/Objects-normal/arm64/FT8Codec-Swift.h (in target 'FT8Codec' from project 'FT8808')
    cd /Users/factoreal/Downloads/yaam/build/CleanDerivedData/SourcePackages/checkouts/ft8-808
    builtin-swiftHeaderTool -arch arm64 /Users/factoreal/Downloads/yaam/build/CleanDerivedData/Build/Intermediates.noindex/FT8808.build/Debug/FT8Codec.build/Objects-normal/arm64/FT8Codec-Swift.h -o /Users/factoreal/Downloads/yaam/build/CleanDerivedData/Build/Intermediates.noindex/GeneratedModuleMaps/FT8Codec-Swift.h

Copy /Users/factoreal/Downloads/yaam/build/CleanDerivedData/Build/Products/Debug/FT8Codec.swiftmodule/arm64-apple-macos.swiftdoc /Users/factoreal/Downloads/yaam/build/CleanDerivedData/Build/Intermediates.noindex/FT8808.build/Debug/FT8Codec.build/Objects-normal/arm64/FT8Codec.swiftdoc (in target 'FT8Codec' from project 'FT8808')
    cd /Users/factoreal/Downloads/yaam/build/CleanDerivedData/SourcePackages/checkouts/ft8-808
    builtin-copy -exclude .DS_Store -exclude CVS -exclude .svn -exclude .git -exclude .hg -resolve-src-symlinks -rename /Users/factoreal/Downloads/yaam/build/CleanDerivedData/Build/Intermediates.noindex/FT8808.build/Debug/FT8Codec.build/Objects-normal/arm64/FT8Codec.swiftdoc /Users/factoreal/Downloads/yaam/build/CleanDerivedData/Build/Products/Debug/FT8Codec.swiftmodule/arm64-apple-macos.swiftdoc

Copy /Users/factoreal/Downloads/yaam/build/CleanDerivedData/Build/Products/Debug/FT8Codec.swiftmodule/arm64-apple-macos.abi.json /Users/factoreal/Downloads/yaam/build/CleanDerivedData/Build/Intermediates.noindex/FT8808.build/Debug/FT8Codec.build/Objects-normal/arm64/FT8Codec.abi.json (in target 'FT8Codec' from project 'FT8808')
    cd /Users/factoreal/Downloads/yaam/build/CleanDerivedData/SourcePackages/checkouts/ft8-808
    builtin-copy -exclude .DS_Store -exclude CVS -exclude .svn -exclude .git -exclude .hg -resolve-src-symlinks -rename /Users/factoreal/Downloads/yaam/build/CleanDerivedData/Build/Intermediates.noindex/FT8808.build/Debug/FT8Codec.build/Objects-normal/arm64/FT8Codec.abi.json /Users/factoreal/Downloads/yaam/build/CleanDerivedData/Build/Products/Debug/FT8Codec.swiftmodule/arm64-apple-macos.abi.json

Copy /Users/factoreal/Downloads/yaam/build/CleanDerivedData/Build/Products/Debug/FT8Codec.swiftmodule/arm64-apple-macos.swiftmodule /Users/factoreal/Downloads/yaam/build/CleanDerivedData/Build/Intermediates.noindex/FT8808.build/Debug/FT8Codec.build/Objects-normal/arm64/FT8Codec.swiftmodule (in target 'FT8Codec' from project 'FT8808')
    cd /Users/factoreal/Downloads/yaam/build/CleanDerivedData/SourcePackages/checkouts/ft8-808
    builtin-copy -exclude .DS_Store -exclude CVS -exclude .svn -exclude .git -exclude .hg -resolve-src-symlinks -rename /Users/factoreal/Downloads/yaam/build/CleanDerivedData/Build/Intermediates.noindex/FT8808.build/Debug/FT8Codec.build/Objects-normal/arm64/FT8Codec.swiftmodule /Users/factoreal/Downloads/yaam/build/CleanDerivedData/Build/Products/Debug/FT8Codec.swiftmodule/arm64-apple-macos.swiftmodule

Copy /Users/factoreal/Downloads/yaam/build/CleanDerivedData/Build/Products/Debug/FT8Codec.swiftmodule/Project/arm64-apple-macos.swiftsourceinfo /Users/factoreal/Downloads/yaam/build/CleanDerivedData/Build/Intermediates.noindex/FT8808.build/Debug/FT8Codec.build/Objects-normal/arm64/FT8Codec.swiftsourceinfo (in target 'FT8Codec' from project 'FT8808')
    cd /Users/factoreal/Downloads/yaam/build/CleanDerivedData/SourcePackages/checkouts/ft8-808
    builtin-copy -exclude .DS_Store -exclude CVS -exclude .svn -exclude .git -exclude .hg -resolve-src-symlinks -rename /Users/factoreal/Downloads/yaam/build/CleanDerivedData/Build/Intermediates.noindex/FT8808.build/Debug/FT8Codec.build/Objects-normal/arm64/FT8Codec.swiftsourceinfo /Users/factoreal/Downloads/yaam/build/CleanDerivedData/Build/Products/Debug/FT8Codec.swiftmodule/Project/arm64-apple-macos.swiftsourceinfo

SwiftDriver FT8808Engine normal arm64 com.apple.xcode.tools.swift.compiler (in target 'FT8808Engine' from project 'FT8808')
    cd /Users/factoreal/Downloads/yaam/YAAM.xcodeproj
    builtin-SwiftDriver -- /Applications/Xcode.app/Contents/Developer/Toolchains/XcodeDefault.xctoolchain/usr/bin/swiftc -module-name FT8808Engine -Onone @/Users/factoreal/Downloads/yaam/build/CleanDerivedData/Build/Intermediates.noindex/FT8808.build/Debug/FT8808Engine.build/Objects-normal/arm64/FT8808Engine.SwiftFileList -DSWIFT_PACKAGE -DDEBUG -DSWIFT_MODULE_RESOURCE_BUNDLE_UNAVAILABLE -DXcode -plugin-path /Applications/Xcode.app/Contents/Developer/Toolchains/XcodeDefault.xctoolchain/usr/lib/swift/host/plugins/testing -enable-experimental-feature DebugDescriptionMacro -sdk /Applications/Xcode.app/Contents/Developer/Platforms/MacOSX.platform/Developer/SDKs/MacOSX26.5.sdk -target arm64-apple-macos13.0 -g -module-cache-path /Users/factoreal/Downloads/yaam/build/CleanDerivedData/ModuleCache.noindex -Xfrontend -serialize-debugging-options -enable-testing -suppress-warnings -index-store-path /Users/factoreal/Downloads/yaam/build/CleanDerivedData/Index.noindex/DataStore -Xcc -D_LIBCPP_HARDENING_MODE\=_LIBCPP_HARDENING_MODE_DEBUG -swift-version 6 -I /Users/factoreal/Downloads/yaam/build/CleanDerivedData/Build/Products/Debug -Isystem /Applications/Xcode.app/Contents/Developer/Platforms/MacOSX.platform/Developer/usr/lib -F /Users/factoreal/Downloads/yaam/build/CleanDerivedData/Build/Products/Debug/PackageFrameworks -F /Users/factoreal/Downloads/yaam/build/CleanDerivedData/Build/Products/Debug/PackageFrameworks -F /Users/factoreal/Downloads/yaam/build/CleanDerivedData/Build/Products/Debug -F /Applications/Xcode.app/Contents/Developer/Platforms/MacOSX.platform/Developer/Library/Frameworks -c -j14 -enable-batch-mode -incremental -Xcc -ivfsstatcache -Xcc /Users/factoreal/Downloads/yaam/build/CleanDerivedData/SDKStatCaches.noindex/macosx26.5-25F70-e082c4a02f00227109f4ed75e425c832.sdkstatcache -output-file-map /Users/factoreal/Downloads/yaam/build/CleanDerivedData/Build/Intermediates.noindex/FT8808.build/Debug/FT8808Engine.build/Objects-normal/arm64/FT8808Engine-OutputFileMap.json -use-frontend-parseable-output -save-temps -no-color-diagnostics -explicit-module-build -module-cache-path /Users/factoreal/Downloads/yaam/build/CleanDerivedData/Build/Intermediates.noindex/SwiftExplicitPrecompiledModules -clang-scanner-module-cache-path /Users/factoreal/Downloads/yaam/build/CleanDerivedData/ModuleCache.noindex -sdk-module-cache-path /Users/factoreal/Downloads/yaam/build/CleanDerivedData/ModuleCache.noindex -serialize-diagnostics -emit-dependencies -emit-module -emit-module-path /Users/factoreal/Downloads/yaam/build/CleanDerivedData/Build/Intermediates.noindex/FT8808.build/Debug/FT8808Engine.build/Objects-normal/arm64/FT8808Engine.swiftmodule -validate-clang-modules-once -clang-build-session-file /Users/factoreal/Downloads/yaam/build/CleanDerivedData/ModuleCache.noindex/Session.modulevalidation -package-name ft8_808 -Xcc -I/Users/factoreal/Downloads/yaam/build/CleanDerivedData/Build/Intermediates.noindex/FT8808.build/Debug/FT8808Engine.build/swift-overrides.hmap -emit-const-values -Xfrontend -const-gather-protocols-file -Xfrontend /Users/factoreal/Downloads/yaam/build/CleanDerivedData/Build/Intermediates.noindex/FT8808.build/Debug/FT8808Engine.build/Objects-normal/arm64/FT8808Engine_const_extract_protocols.json -Xcc -I/Users/factoreal/Downloads/yaam/build/CleanDerivedData/SourcePackages/checkouts/ft8-808/Sources/CFT8/include -Xcc -I/Users/factoreal/Downloads/yaam/build/CleanDerivedData/Build/Products/Debug/include -Xcc -I/Users/factoreal/Downloads/yaam/build/CleanDerivedData/Build/Intermediates.noindex/FT8808.build/Debug/FT8808Engine.build/DerivedSources-normal/arm64 -Xcc -I/Users/factoreal/Downloads/yaam/build/CleanDerivedData/Build/Intermediates.noindex/FT8808.build/Debug/FT8808Engine.build/DerivedSources/arm64 -Xcc -I/Users/factoreal/Downloads/yaam/build/CleanDerivedData/Build/Intermediates.noindex/FT8808.build/Debug/FT8808Engine.build/DerivedSources -Xcc -DSWIFT_PACKAGE -Xcc -DDEBUG\=1 -emit-objc-header -emit-objc-header-path /Users/factoreal/Downloads/yaam/build/CleanDerivedData/Build/Intermediates.noindex/FT8808.build/Debug/FT8808Engine.build/Objects-normal/arm64/FT8808Engine-Swift.h -working-directory /Users/factoreal/Downloads/yaam/YAAM.xcodeproj -experimental-emit-module-separately -disable-cmo

SwiftExplicitDependencyGeneratePcm arm64 /Users/factoreal/Downloads/yaam/build/CleanDerivedData/ModuleCache.noindex/CoreAudioTypes-BEPFEDES3IGNNL58M3P84NGU0.pcm

SwiftExplicitDependencyGeneratePcm arm64 /Users/factoreal/Downloads/yaam/build/CleanDerivedData/ModuleCache.noindex/CoreMIDI-14TR8E8P01XYGDJ8R576T6M4U.pcm

SwiftExplicitDependencyGeneratePcm arm64 /Users/factoreal/Downloads/yaam/build/CleanDerivedData/ModuleCache.noindex/_Builtin_tgmath-4WEU7KRXYMK3SFKYH6SVQ6WXH.pcm

SwiftExplicitDependencyGeneratePcm arm64 /Users/factoreal/Downloads/yaam/build/CleanDerivedData/ModuleCache.noindex/CUPS-1VNWUCECQPREJOOTLFW461AL9.pcm

SwiftExplicitDependencyGeneratePcm arm64 /Users/factoreal/Downloads/yaam/build/CleanDerivedData/ModuleCache.noindex/_Builtin_stdatomic-CSE1OMQIN1CETA377AVPO7TO1.pcm

SwiftExplicitDependencyGeneratePcm arm64 /Users/factoreal/Downloads/yaam/build/CleanDerivedData/ModuleCache.noindex/ColorSync-D34Z1WL5LI15090739CU3AB04.pcm

SwiftExplicitDependencyGeneratePcm arm64 /Users/factoreal/Downloads/yaam/build/CleanDerivedData/ModuleCache.noindex/CoreGraphics-DE0D5ELI2FFCR9FI6A0YRQ68A.pcm

SwiftExplicitDependencyGeneratePcm arm64 /Users/factoreal/Downloads/yaam/build/CleanDerivedData/ModuleCache.noindex/OpenGL-E8CGMDOOEJX4BJIMSUDVREDB6.pcm

SwiftExplicitDependencyGeneratePcm arm64 /Users/factoreal/Downloads/yaam/build/CleanDerivedData/ModuleCache.noindex/IOSurface-DN5OKWU9PB2ZJ6FHV999D5GOM.pcm

SwiftExplicitDependencyGeneratePcm arm64 /Users/factoreal/Downloads/yaam/build/CleanDerivedData/ModuleCache.noindex/_Builtin_intrinsics-EKSKMAYNE1VOMW1HHGA3AGNG2.pcm

SwiftExplicitDependencyGeneratePcm arm64 /Users/factoreal/Downloads/yaam/build/CleanDerivedData/ModuleCache.noindex/UniformTypeIdentifiers-BP4BPTKL51RXOM674PTO8FWT9.pcm

SwiftExplicitDependencyGeneratePcm arm64 /Users/factoreal/Downloads/yaam/build/CleanDerivedData/ModuleCache.noindex/os-8X5M7SJP8GAEVVJ5K0KIKQ0EN.pcm

SwiftExplicitDependencyGeneratePcm arm64 /Users/factoreal/Downloads/yaam/build/CleanDerivedData/ModuleCache.noindex/CoreAudio-6ZVJRVWMZU85NWM17C5FWPSDH.pcm

SwiftExplicitDependencyGeneratePcm arm64 /Users/factoreal/Downloads/yaam/build/CleanDerivedData/ModuleCache.noindex/Metal-3CZSVRWSAJM7TFJXVDK9WD5K.pcm

SwiftExplicitDependencyGeneratePcm arm64 /Users/factoreal/Downloads/yaam/build/CleanDerivedData/ModuleCache.noindex/ImageIO-9QTSUQR8D6LUF7CL81WOAMYQL.pcm

SwiftExplicitDependencyGeneratePcm arm64 /Users/factoreal/Downloads/yaam/build/CleanDerivedData/ModuleCache.noindex/CoreText-3TK6WVPYSBMEIJF4AK90Z5HRZ.pcm

SwiftExplicitDependencyGeneratePcm arm64 /Users/factoreal/Downloads/yaam/build/CleanDerivedData/ModuleCache.noindex/simd-AZ58YNG58W5DNS18BDVEXLFEU.pcm

SwiftExplicitDependencyGeneratePcm arm64 /Users/factoreal/Downloads/yaam/build/CleanDerivedData/ModuleCache.noindex/ApplicationServices-9C8XZJK24LTM8421E2EXNDVAO.pcm

SwiftExplicitDependencyGeneratePcm arm64 /Users/factoreal/Downloads/yaam/build/CleanDerivedData/ModuleCache.noindex/CoreVideo-642ORFFVLM4U4B85FKAWPF2PU.pcm

SwiftExplicitDependencyGeneratePcm arm64 /Users/factoreal/Downloads/yaam/build/CleanDerivedData/ModuleCache.noindex/Carbon-EMJTJBYPNJ0T7RC61FGEB3OEH.pcm

SwiftExplicitDependencyGeneratePcm arm64 /Users/factoreal/Downloads/yaam/build/CleanDerivedData/ModuleCache.noindex/Accelerate-SLD0E6EN0GTLN9HW6TF5BT8V.pcm

SwiftExplicitDependencyGeneratePcm arm64 /Users/factoreal/Downloads/yaam/build/CleanDerivedData/ModuleCache.noindex/QuartzCore-XJTZTRNNTK4TTH7GMXST5J8A.pcm

SwiftExplicitDependencyGeneratePcm arm64 /Users/factoreal/Downloads/yaam/build/CleanDerivedData/ModuleCache.noindex/CoreMedia-DKD0AQDYOJ6CKFEJRRDBHWZS2.pcm

SwiftExplicitDependencyGeneratePcm arm64 /Users/factoreal/Downloads/yaam/build/CleanDerivedData/ModuleCache.noindex/CoreImage-5GQRKCFXB0DUP4TRDETDNCFVS.pcm

SwiftExplicitDependencyGeneratePcm arm64 /Users/factoreal/Downloads/yaam/build/CleanDerivedData/ModuleCache.noindex/AudioToolbox-A06ZDLNS794PQ9CVWLQB4HSNN.pcm

SwiftExplicitDependencyGeneratePcm arm64 /Users/factoreal/Downloads/yaam/build/CleanDerivedData/ModuleCache.noindex/MediaToolbox-9M6LNEFQ5BRAMKYAJDZ325Q8I.pcm

SwiftExplicitDependencyGeneratePcm arm64 /Users/factoreal/Downloads/yaam/build/CleanDerivedData/ModuleCache.noindex/AVFAudio-392J3RMKEQ4BOMLXSZHIM5TKK.pcm

SwiftExplicitDependencyGeneratePcm arm64 /Users/factoreal/Downloads/yaam/build/CleanDerivedData/ModuleCache.noindex/AVFoundation-DEDS334E2N82VE9KDQMJ8MCW.pcm

SwiftDriverJobDiscovery normal arm64 Compiling FT8Codec.swift (in target 'FT8Codec' from project 'FT8808')

SwiftDriver\ Compilation FT8Codec normal arm64 com.apple.xcode.tools.swift.compiler (in target 'FT8Codec' from project 'FT8808')
    cd /Users/factoreal/Downloads/yaam/YAAM.xcodeproj
    builtin-Swift-Compilation -- /Applications/Xcode.app/Contents/Developer/Toolchains/XcodeDefault.xctoolchain/usr/bin/swiftc -module-name FT8Codec -Onone @/Users/factoreal/Downloads/yaam/build/CleanDerivedData/Build/Intermediates.noindex/FT8808.build/Debug/FT8Codec.build/Objects-normal/arm64/FT8Codec.SwiftFileList -DSWIFT_PACKAGE -DDEBUG -DSWIFT_MODULE_RESOURCE_BUNDLE_UNAVAILABLE -DXcode -plugin-path /Applications/Xcode.app/Contents/Developer/Toolchains/XcodeDefault.xctoolchain/usr/lib/swift/host/plugins/testing -enable-experimental-feature DebugDescriptionMacro -sdk /Applications/Xcode.app/Contents/Developer/Platforms/MacOSX.platform/Developer/SDKs/MacOSX26.5.sdk -target arm64-apple-macos13.0 -g -module-cache-path /Users/factoreal/Downloads/yaam/build/CleanDerivedData/ModuleCache.noindex -Xfrontend -serialize-debugging-options -enable-testing -suppress-warnings -index-store-path /Users/factoreal/Downloads/yaam/build/CleanDerivedData/Index.noindex/DataStore -Xcc -D_LIBCPP_HARDENING_MODE\=_LIBCPP_HARDENING_MODE_DEBUG -swift-version 6 -I /Users/factoreal/Downloads/yaam/build/CleanDerivedData/Build/Products/Debug -Isystem /Applications/Xcode.app/Contents/Developer/Platforms/MacOSX.platform/Developer/usr/lib -F /Users/factoreal/Downloads/yaam/build/CleanDerivedData/Build/Products/Debug/PackageFrameworks -F /Users/factoreal/Downloads/yaam/build/CleanDerivedData/Build/Products/Debug -F /Applications/Xcode.app/Contents/Developer/Platforms/MacOSX.platform/Developer/Library/Frameworks -parse-as-library -c -j14 -enable-batch-mode -incremental -Xcc -ivfsstatcache -Xcc /Users/factoreal/Downloads/yaam/build/CleanDerivedData/SDKStatCaches.noindex/macosx26.5-25F70-e082c4a02f00227109f4ed75e425c832.sdkstatcache -output-file-map /Users/factoreal/Downloads/yaam/build/CleanDerivedData/Build/Intermediates.noindex/FT8808.build/Debug/FT8Codec.build/Objects-normal/arm64/FT8Codec-OutputFileMap.json -use-frontend-parseable-output -save-temps -no-color-diagnostics -explicit-module-build -module-cache-path /Users/factoreal/Downloads/yaam/build/CleanDerivedData/Build/Intermediates.noindex/SwiftExplicitPrecompiledModules -clang-scanner-module-cache-path /Users/factoreal/Downloads/yaam/build/CleanDerivedData/ModuleCache.noindex -sdk-module-cache-path /Users/factoreal/Downloads/yaam/build/CleanDerivedData/ModuleCache.noindex -serialize-diagnostics -emit-dependencies -emit-module -emit-module-path /Users/factoreal/Downloads/yaam/build/CleanDerivedData/Build/Intermediates.noindex/FT8808.build/Debug/FT8Codec.build/Objects-normal/arm64/FT8Codec.swiftmodule -validate-clang-modules-once -clang-build-session-file /Users/factoreal/Downloads/yaam/build/CleanDerivedData/ModuleCache.noindex/Session.modulevalidation -package-name ft8_808 -Xcc -I/Users/factoreal/Downloads/yaam/build/CleanDerivedData/Build/Intermediates.noindex/FT8808.build/Debug/FT8Codec.build/swift-overrides.hmap -emit-const-values -Xfrontend -const-gather-protocols-file -Xfrontend /Users/factoreal/Downloads/yaam/build/CleanDerivedData/Build/Intermediates.noindex/FT8808.build/Debug/FT8Codec.build/Objects-normal/arm64/FT8Codec_const_extract_protocols.json -Xcc -I/Users/factoreal/Downloads/yaam/build/CleanDerivedData/SourcePackages/checkouts/ft8-808/Sources/CFT8/include -Xcc -I/Users/factoreal/Downloads/yaam/build/CleanDerivedData/Build/Products/Debug/include -Xcc -I/Users/factoreal/Downloads/yaam/build/CleanDerivedData/Build/Intermediates.noindex/FT8808.build/Debug/FT8Codec.build/DerivedSources-normal/arm64 -Xcc -I/Users/factoreal/Downloads/yaam/build/CleanDerivedData/Build/Intermediates.noindex/FT8808.build/Debug/FT8Codec.build/DerivedSources/arm64 -Xcc -I/Users/factoreal/Downloads/yaam/build/CleanDerivedData/Build/Intermediates.noindex/FT8808.build/Debug/FT8Codec.build/DerivedSources -Xcc -DSWIFT_PACKAGE -Xcc -DDEBUG\=1 -emit-objc-header -emit-objc-header-path /Users/factoreal/Downloads/yaam/build/CleanDerivedData/Build/Intermediates.noindex/FT8808.build/Debug/FT8Codec.build/Objects-normal/arm64/FT8Codec-Swift.h -working-directory /Users/factoreal/Downloads/yaam/YAAM.xcodeproj -experimental-emit-module-separately -disable-cmo

Ld /Users/factoreal/Downloads/yaam/build/CleanDerivedData/Build/Products/Debug/FT8Codec.o normal (in target 'FT8Codec' from project 'FT8808')
    cd /Users/factoreal/Downloads/yaam/build/CleanDerivedData/SourcePackages/checkouts/ft8-808
    /Applications/Xcode.app/Contents/Developer/Toolchains/XcodeDefault.xctoolchain/usr/bin/clang -Xlinker -reproducible -target arm64-apple-macos13.0 -r -isysroot /Applications/Xcode.app/Contents/Developer/Platforms/MacOSX.platform/Developer/SDKs/MacOSX26.5.sdk -O0 -w -F/Users/factoreal/Downloads/yaam/build/CleanDerivedData/Build/Intermediates.noindex/EagerLinkingTBDs/Debug -F/Users/factoreal/Downloads/yaam/build/CleanDerivedData/Build/Products/Debug/PackageFrameworks -F/Users/factoreal/Downloads/yaam/build/CleanDerivedData/Build/Products/Debug -iframework /Applications/Xcode.app/Contents/Developer/Platforms/MacOSX.platform/Developer/Library/Frameworks -filelist /Users/factoreal/Downloads/yaam/build/CleanDerivedData/Build/Intermediates.noindex/FT8808.build/Debug/FT8Codec.build/Objects-normal/arm64/FT8Codec.LinkFileList -nostdlib -Xlinker -object_path_lto -Xlinker /Users/factoreal/Downloads/yaam/build/CleanDerivedData/Build/Intermediates.noindex/FT8808.build/Debug/FT8Codec.build/Objects-normal/arm64/FT8Codec_lto.o -Xlinker -no_deduplicate -Xlinker -dependency_info -Xlinker /Users/factoreal/Downloads/yaam/build/CleanDerivedData/Build/Intermediates.noindex/FT8808.build/Debug/FT8Codec.build/Objects-normal/arm64/FT8Codec_dependency_info.dat -fobjc-link-runtime -L/Applications/Xcode.app/Contents/Developer/Toolchains/XcodeDefault.xctoolchain/usr/lib/swift/macosx -L/usr/lib/swift -Xlinker -add_ast_path -Xlinker /Users/factoreal/Downloads/yaam/build/CleanDerivedData/Build/Intermediates.noindex/FT8808.build/Debug/FT8Codec.build/Objects-normal/arm64/FT8Codec.swiftmodule @/Users/factoreal/Downloads/yaam/build/CleanDerivedData/Build/Intermediates.noindex/FT8808.build/Debug/FT8Codec.build/Objects-normal/arm64/FT8Codec-linker-args.resp -o /Users/factoreal/Downloads/yaam/build/CleanDerivedData/Build/Products/Debug/FT8Codec.o

ExtractAppIntentsMetadata (in target 'FT8Codec' from project 'FT8808')
    cd /Users/factoreal/Downloads/yaam/build/CleanDerivedData/SourcePackages/checkouts/ft8-808
    /Applications/Xcode.app/Contents/Developer/Toolchains/XcodeDefault.xctoolchain/usr/bin/appintentsmetadataprocessor --toolchain-dir /Applications/Xcode.app/Contents/Developer/Toolchains/XcodeDefault.xctoolchain --module-name FT8Codec --sdk-root /Applications/Xcode.app/Contents/Developer/Platforms/MacOSX.platform/Developer/SDKs/MacOSX26.5.sdk --xcode-version 17F113 --platform-family macOS --deployment-target 13.0 --bundle-identifier ft8-808.FT8Codec --output /Users/factoreal/Downloads/yaam/build/CleanDerivedData/Build/Products/Debug/FT8Codec.appintents --target-triple arm64-apple-macos13.0 --binary-file /Users/factoreal/Downloads/yaam/build/CleanDerivedData/Build/Products/Debug/FT8Codec.o --dependency-file /Users/factoreal/Downloads/yaam/build/CleanDerivedData/Build/Intermediates.noindex/FT8808.build/Debug/FT8Codec.build/Objects-normal/arm64/FT8Codec_dependency_info.dat --stringsdata-file /Users/factoreal/Downloads/yaam/build/CleanDerivedData/Build/Intermediates.noindex/FT8808.build/Debug/FT8Codec.build/Objects-normal/arm64/ExtractedAppShortcutsMetadata.stringsdata --source-file-list /Users/factoreal/Downloads/yaam/build/CleanDerivedData/Build/Intermediates.noindex/FT8808.build/Debug/FT8Codec.build/Objects-normal/arm64/FT8Codec.SwiftFileList --metadata-file-list /Users/factoreal/Downloads/yaam/build/CleanDerivedData/Build/Intermediates.noindex/FT8808.build/Debug/FT8Codec.build/FT8Codec.DependencyMetadataFileList --static-metadata-file-list /Users/factoreal/Downloads/yaam/build/CleanDerivedData/Build/Intermediates.noindex/FT8808.build/Debug/FT8Codec.build/FT8Codec.DependencyStaticMetadataFileList --swift-const-vals-list /Users/factoreal/Downloads/yaam/build/CleanDerivedData/Build/Intermediates.noindex/FT8808.build/Debug/FT8Codec.build/Objects-normal/arm64/FT8Codec.SwiftConstValuesFileList --force --compile-time-extraction --deployment-aware-processing --validate-assistant-intents --no-app-shortcuts-localization
2026-09-13 15:55:13.224 appintentsmetadataprocessor[47259:13960500] Starting appintentsmetadataprocessor export
2026-09-13 15:55:13.230 appintentsmetadataprocessor[47259:13960500] Extracted no relevant App Intents symbols, skipping writing output

RegisterExecutionPolicyException /Users/factoreal/Downloads/yaam/build/CleanDerivedData/Build/Products/Debug/FT8Codec.o (in target 'FT8Codec' from project 'FT8808')
    cd /Users/factoreal/Downloads/yaam/build/CleanDerivedData/SourcePackages/checkouts/ft8-808
    builtin-RegisterExecutionPolicyException /Users/factoreal/Downloads/yaam/build/CleanDerivedData/Build/Products/Debug/FT8Codec.o

SwiftEmitModule normal arm64 Emitting\ module\ for\ FT8808Engine (in target 'FT8808Engine' from project 'FT8808')

EmitSwiftModule normal arm64 (in target 'FT8808Engine' from project 'FT8808')
    cd /Users/factoreal/Downloads/yaam/YAAM.xcodeproj
    

SwiftCompile normal arm64 Compiling\ WavFileSource.swift /Users/factoreal/Downloads/yaam/build/CleanDerivedData/SourcePackages/checkouts/ft8-808/Sources/FT8808Engine/WavFileSource.swift (in target 'FT8808Engine' from project 'FT8808')
SwiftCompile normal arm64 /Users/factoreal/Downloads/yaam/build/CleanDerivedData/SourcePackages/checkouts/ft8-808/Sources/FT8808Engine/WavFileSource.swift (in target 'FT8808Engine' from project 'FT8808')
    cd /Users/factoreal/Downloads/yaam/YAAM.xcodeproj
    

SwiftCompile normal arm64 Compiling\ TQSLUploader.swift,\ ToneGenerator.swift /Users/factoreal/Downloads/yaam/build/CleanDerivedData/SourcePackages/checkouts/ft8-808/Sources/FT8808Engine/TQSLUploader.swift /Users/factoreal/Downloads/yaam/build/CleanDerivedData/SourcePackages/checkouts/ft8-808/Sources/FT8808Engine/ToneGenerator.swift (in target 'FT8808Engine' from project 'FT8808')
SwiftCompile normal arm64 /Users/factoreal/Downloads/yaam/build/CleanDerivedData/SourcePackages/checkouts/ft8-808/Sources/FT8808Engine/TQSLUploader.swift (in target 'FT8808Engine' from project 'FT8808')
    cd /Users/factoreal/Downloads/yaam/YAAM.xcodeproj
    

SwiftCompile normal arm64 /Users/factoreal/Downloads/yaam/build/CleanDerivedData/SourcePackages/checkouts/ft8-808/Sources/FT8808Engine/ToneGenerator.swift (in target 'FT8808Engine' from project 'FT8808')
    cd /Users/factoreal/Downloads/yaam/YAAM.xcodeproj
    

SwiftCompile normal arm64 Compiling\ SlotAccumulator.swift,\ SlotClock.swift /Users/factoreal/Downloads/yaam/build/CleanDerivedData/SourcePackages/checkouts/ft8-808/Sources/FT8808Engine/SlotAccumulator.swift /Users/factoreal/Downloads/yaam/build/CleanDerivedData/SourcePackages/checkouts/ft8-808/Sources/FT8808Engine/SlotClock.swift (in target 'FT8808Engine' from project 'FT8808')

SwiftCompile normal arm64 /Users/factoreal/Downloads/yaam/build/CleanDerivedData/SourcePackages/checkouts/ft8-808/Sources/FT8808Engine/SlotAccumulator.swift (in target 'FT8808Engine' from project 'FT8808')
    cd /Users/factoreal/Downloads/yaam/YAAM.xcodeproj
    

SwiftCompile normal arm64 /Users/factoreal/Downloads/yaam/build/CleanDerivedData/SourcePackages/checkouts/ft8-808/Sources/FT8808Engine/SlotClock.swift (in target 'FT8808Engine' from project 'FT8808')
    cd /Users/factoreal/Downloads/yaam/YAAM.xcodeproj
    

SwiftCompile normal arm64 Compiling\ Spectrum.swift,\ StandardMessages.swift /Users/factoreal/Downloads/yaam/build/CleanDerivedData/SourcePackages/checkouts/ft8-808/Sources/FT8808Engine/Spectrum.swift /Users/factoreal/Downloads/yaam/build/CleanDerivedData/SourcePackages/checkouts/ft8-808/Sources/FT8808Engine/StandardMessages.swift (in target 'FT8808Engine' from project 'FT8808')
SwiftCompile normal arm64 /Users/factoreal/Downloads/yaam/build/CleanDerivedData/SourcePackages/checkouts/ft8-808/Sources/FT8808Engine/Spectrum.swift (in target 'FT8808Engine' from project 'FT8808')
    cd /Users/factoreal/Downloads/yaam/YAAM.xcodeproj
    

SwiftCompile normal arm64 /Users/factoreal/Downloads/yaam/build/CleanDerivedData/SourcePackages/checkouts/ft8-808/Sources/FT8808Engine/StandardMessages.swift (in target 'FT8808Engine' from project 'FT8808')
    cd /Users/factoreal/Downloads/yaam/YAAM.xcodeproj
    

SwiftCompile normal arm64 Compiling\ StationConfig.swift,\ StreamingSpectrum.swift /Users/factoreal/Downloads/yaam/build/CleanDerivedData/SourcePackages/checkouts/ft8-808/Sources/FT8808Engine/StationConfig.swift /Users/factoreal/Downloads/yaam/build/CleanDerivedData/SourcePackages/checkouts/ft8-808/Sources/FT8808Engine/StreamingSpectrum.swift (in target 'FT8808Engine' from project 'FT8808')

SwiftCompile normal arm64 /Users/factoreal/Downloads/yaam/build/CleanDerivedData/SourcePackages/checkouts/ft8-808/Sources/FT8808Engine/StationConfig.swift (in target 'FT8808Engine' from project 'FT8808')
    cd /Users/factoreal/Downloads/yaam/YAAM.xcodeproj
    

SwiftCompile normal arm64 /Users/factoreal/Downloads/yaam/build/CleanDerivedData/SourcePackages/checkouts/ft8-808/Sources/FT8808Engine/StreamingSpectrum.swift (in target 'FT8808Engine' from project 'FT8808')
    cd /Users/factoreal/Downloads/yaam/YAAM.xcodeproj
    

SwiftCompile normal arm64 Compiling\ ADIFLog.swift,\ AudioCaptureUnit.swift /Users/factoreal/Downloads/yaam/build/CleanDerivedData/SourcePackages/checkouts/ft8-808/Sources/FT8808Engine/ADIFLog.swift /Users/factoreal/Downloads/yaam/build/CleanDerivedData/SourcePackages/checkouts/ft8-808/Sources/FT8808Engine/AudioCaptureUnit.swift (in target 'FT8808Engine' from project 'FT8808')
SwiftCompile normal arm64 /Users/factoreal/Downloads/yaam/build/CleanDerivedData/SourcePackages/checkouts/ft8-808/Sources/FT8808Engine/ADIFLog.swift (in target 'FT8808Engine' from project 'FT8808')
    cd /Users/factoreal/Downloads/yaam/YAAM.xcodeproj
    

SwiftCompile normal arm64 /Users/factoreal/Downloads/yaam/build/CleanDerivedData/SourcePackages/checkouts/ft8-808/Sources/FT8808Engine/AudioCaptureUnit.swift (in target 'FT8808Engine' from project 'FT8808')
    cd /Users/factoreal/Downloads/yaam/YAAM.xcodeproj
    

SwiftCompile normal arm64 Compiling\ DecodeEngine.swift,\ FrequencyPicker.swift /Users/factoreal/Downloads/yaam/build/CleanDerivedData/SourcePackages/checkouts/ft8-808/Sources/FT8808Engine/DecodeEngine.swift /Users/factoreal/Downloads/yaam/build/CleanDerivedData/SourcePackages/checkouts/ft8-808/Sources/FT8808Engine/FrequencyPicker.swift (in target 'FT8808Engine' from project 'FT8808')

SwiftCompile normal arm64 /Users/factoreal/Downloads/yaam/build/CleanDerivedData/SourcePackages/checkouts/ft8-808/Sources/FT8808Engine/DecodeEngine.swift (in target 'FT8808Engine' from project 'FT8808')
    cd /Users/factoreal/Downloads/yaam/YAAM.xcodeproj
    

SwiftCompile normal arm64 /Users/factoreal/Downloads/yaam/build/CleanDerivedData/SourcePackages/checkouts/ft8-808/Sources/FT8808Engine/FrequencyPicker.swift (in target 'FT8808Engine' from project 'FT8808')
    cd /Users/factoreal/Downloads/yaam/YAAM.xcodeproj
    

SwiftCompile normal arm64 Compiling\ LiveSpectrumSource.swift,\ MicPermission.swift /Users/factoreal/Downloads/yaam/build/CleanDerivedData/SourcePackages/checkouts/ft8-808/Sources/FT8808Engine/LiveSpectrumSource.swift /Users/factoreal/Downloads/yaam/build/CleanDerivedData/SourcePackages/checkouts/ft8-808/Sources/FT8808Engine/MicPermission.swift (in target 'FT8808Engine' from project 'FT8808')

SwiftCompile normal arm64 /Users/factoreal/Downloads/yaam/build/CleanDerivedData/SourcePackages/checkouts/ft8-808/Sources/FT8808Engine/LiveSpectrumSource.swift (in target 'FT8808Engine' from project 'FT8808')
    cd /Users/factoreal/Downloads/yaam/YAAM.xcodeproj
    

SwiftCompile normal arm64 /Users/factoreal/Downloads/yaam/build/CleanDerivedData/SourcePackages/checkouts/ft8-808/Sources/FT8808Engine/MicPermission.swift (in target 'FT8808Engine' from project 'FT8808')
    cd /Users/factoreal/Downloads/yaam/YAAM.xcodeproj
    

SwiftCompile normal arm64 Compiling\ AudioDevices.swift,\ AudioRenderSource.swift /Users/factoreal/Downloads/yaam/build/CleanDerivedData/SourcePackages/checkouts/ft8-808/Sources/FT8808Engine/AudioDevices.swift /Users/factoreal/Downloads/yaam/build/CleanDerivedData/SourcePackages/checkouts/ft8-808/Sources/FT8808Engine/AudioRenderSource.swift (in target 'FT8808Engine' from project 'FT8808')

SwiftCompile normal arm64 /Users/factoreal/Downloads/yaam/build/CleanDerivedData/SourcePackages/checkouts/ft8-808/Sources/FT8808Engine/AudioDevices.swift (in target 'FT8808Engine' from project 'FT8808')
    cd /Users/factoreal/Downloads/yaam/YAAM.xcodeproj
    

SwiftCompile normal arm64 /Users/factoreal/Downloads/yaam/build/CleanDerivedData/SourcePackages/checkouts/ft8-808/Sources/FT8808Engine/AudioRenderSource.swift (in target 'FT8808Engine' from project 'FT8808')
    cd /Users/factoreal/Downloads/yaam/YAAM.xcodeproj
    

SwiftCompile normal arm64 Compiling\ AudioSlot.swift,\ AudioSource.swift /Users/factoreal/Downloads/yaam/build/CleanDerivedData/SourcePackages/checkouts/ft8-808/Sources/FT8808Engine/AudioSlot.swift /Users/factoreal/Downloads/yaam/build/CleanDerivedData/SourcePackages/checkouts/ft8-808/Sources/FT8808Engine/AudioSource.swift (in target 'FT8808Engine' from project 'FT8808')

SwiftCompile normal arm64 /Users/factoreal/Downloads/yaam/build/CleanDerivedData/SourcePackages/checkouts/ft8-808/Sources/FT8808Engine/AudioSlot.swift (in target 'FT8808Engine' from project 'FT8808')
    cd /Users/factoreal/Downloads/yaam/YAAM.xcodeproj
    

SwiftCompile normal arm64 /Users/factoreal/Downloads/yaam/build/CleanDerivedData/SourcePackages/checkouts/ft8-808/Sources/FT8808Engine/AudioSource.swift (in target 'FT8808Engine' from project 'FT8808')
    cd /Users/factoreal/Downloads/yaam/YAAM.xcodeproj
    

SwiftCompile normal arm64 Compiling\ LiveAudioSource.swift,\ LiveRadioSource.swift /Users/factoreal/Downloads/yaam/build/CleanDerivedData/SourcePackages/checkouts/ft8-808/Sources/FT8808Engine/LiveAudioSource.swift /Users/factoreal/Downloads/yaam/build/CleanDerivedData/SourcePackages/checkouts/ft8-808/Sources/FT8808Engine/LiveRadioSource.swift (in target 'FT8808Engine' from project 'FT8808')

SwiftCompile normal arm64 /Users/factoreal/Downloads/yaam/build/CleanDerivedData/SourcePackages/checkouts/ft8-808/Sources/FT8808Engine/LiveAudioSource.swift (in target 'FT8808Engine' from project 'FT8808')
    cd /Users/factoreal/Downloads/yaam/YAAM.xcodeproj
    

SwiftCompile normal arm64 /Users/factoreal/Downloads/yaam/build/CleanDerivedData/SourcePackages/checkouts/ft8-808/Sources/FT8808Engine/LiveRadioSource.swift (in target 'FT8808Engine' from project 'FT8808')
    cd /Users/factoreal/Downloads/yaam/YAAM.xcodeproj
    

SwiftCompile normal arm64 Compiling\ QSOMessages.swift,\ QSOSequencer.swift /Users/factoreal/Downloads/yaam/build/CleanDerivedData/SourcePackages/checkouts/ft8-808/Sources/FT8808Engine/QSOMessages.swift /Users/factoreal/Downloads/yaam/build/CleanDerivedData/SourcePackages/checkouts/ft8-808/Sources/FT8808Engine/QSOSequencer.swift (in target 'FT8808Engine' from project 'FT8808')

SwiftCompile normal arm64 /Users/factoreal/Downloads/yaam/build/CleanDerivedData/SourcePackages/checkouts/ft8-808/Sources/FT8808Engine/QSOMessages.swift (in target 'FT8808Engine' from project 'FT8808')
    cd /Users/factoreal/Downloads/yaam/YAAM.xcodeproj
    

SwiftCompile normal arm64 /Users/factoreal/Downloads/yaam/build/CleanDerivedData/SourcePackages/checkouts/ft8-808/Sources/FT8808Engine/QSOSequencer.swift (in target 'FT8808Engine' from project 'FT8808')
    cd /Users/factoreal/Downloads/yaam/YAAM.xcodeproj
    

SwiftCompile normal arm64 Compiling\ TxAudioOutput.swift /Users/factoreal/Downloads/yaam/build/CleanDerivedData/SourcePackages/checkouts/ft8-808/Sources/FT8808Engine/TxAudioOutput.swift (in target 'FT8808Engine' from project 'FT8808')

SwiftCompile normal arm64 /Users/factoreal/Downloads/yaam/build/CleanDerivedData/SourcePackages/checkouts/ft8-808/Sources/FT8808Engine/TxAudioOutput.swift (in target 'FT8808Engine' from project 'FT8808')
    cd /Users/factoreal/Downloads/yaam/YAAM.xcodeproj
    

SwiftCompile normal arm64 Compiling\ RigController.swift,\ SerialPorts.swift /Users/factoreal/Downloads/yaam/build/CleanDerivedData/SourcePackages/checkouts/ft8-808/Sources/FT8808Engine/RigController.swift /Users/factoreal/Downloads/yaam/build/CleanDerivedData/SourcePackages/checkouts/ft8-808/Sources/FT8808Engine/SerialPorts.swift (in target 'FT8808Engine' from project 'FT8808')

SwiftCompile normal arm64 /Users/factoreal/Downloads/yaam/build/CleanDerivedData/SourcePackages/checkouts/ft8-808/Sources/FT8808Engine/RigController.swift (in target 'FT8808Engine' from project 'FT8808')
    cd /Users/factoreal/Downloads/yaam/YAAM.xcodeproj
    

SwiftCompile normal arm64 /Users/factoreal/Downloads/yaam/build/CleanDerivedData/SourcePackages/checkouts/ft8-808/Sources/FT8808Engine/SerialPorts.swift (in target 'FT8808Engine' from project 'FT8808')
    cd /Users/factoreal/Downloads/yaam/YAAM.xcodeproj
    

SwiftDriverJobDiscovery normal arm64 Compiling AudioSlot.swift, AudioSource.swift (in target 'FT8808Engine' from project 'FT8808')

SwiftDriverJobDiscovery normal arm64 Compiling DecodeEngine.swift, FrequencyPicker.swift (in target 'FT8808Engine' from project 'FT8808')

SwiftDriverJobDiscovery normal arm64 Compiling SlotAccumulator.swift, SlotClock.swift (in target 'FT8808Engine' from project 'FT8808')

SwiftDriverJobDiscovery normal arm64 Emitting module for FT8808Engine (in target 'FT8808Engine' from project 'FT8808')

SwiftDriver\ Compilation\ Requirements FT8808Engine normal arm64 com.apple.xcode.tools.swift.compiler (in target 'FT8808Engine' from project 'FT8808')
    cd /Users/factoreal/Downloads/yaam/YAAM.xcodeproj
    builtin-Swift-Compilation-Requirements -- /Applications/Xcode.app/Contents/Developer/Toolchains/XcodeDefault.xctoolchain/usr/bin/swiftc -module-name FT8808Engine -Onone @/Users/factoreal/Downloads/yaam/build/CleanDerivedData/Build/Intermediates.noindex/FT8808.build/Debug/FT8808Engine.build/Objects-normal/arm64/FT8808Engine.SwiftFileList -DSWIFT_PACKAGE -DDEBUG -DSWIFT_MODULE_RESOURCE_BUNDLE_UNAVAILABLE -DXcode -plugin-path /Applications/Xcode.app/Contents/Developer/Toolchains/XcodeDefault.xctoolchain/usr/lib/swift/host/plugins/testing -enable-experimental-feature DebugDescriptionMacro -sdk /Applications/Xcode.app/Contents/Developer/Platforms/MacOSX.platform/Developer/SDKs/MacOSX26.5.sdk -target arm64-apple-macos13.0 -g -module-cache-path /Users/factoreal/Downloads/yaam/build/CleanDerivedData/ModuleCache.noindex -Xfrontend -serialize-debugging-options -enable-testing -suppress-warnings -index-store-path /Users/factoreal/Downloads/yaam/build/CleanDerivedData/Index.noindex/DataStore -Xcc -D_LIBCPP_HARDENING_MODE\=_LIBCPP_HARDENING_MODE_DEBUG -swift-version 6 -I /Users/factoreal/Downloads/yaam/build/CleanDerivedData/Build/Products/Debug -Isystem /Applications/Xcode.app/Contents/Developer/Platforms/MacOSX.platform/Developer/usr/lib -F /Users/factoreal/Downloads/yaam/build/CleanDerivedData/Build/Products/Debug/PackageFrameworks -F /Users/factoreal/Downloads/yaam/build/CleanDerivedData/Build/Products/Debug/PackageFrameworks -F /Users/factoreal/Downloads/yaam/build/CleanDerivedData/Build/Products/Debug -F /Applications/Xcode.app/Contents/Developer/Platforms/MacOSX.platform/Developer/Library/Frameworks -c -j14 -enable-batch-mode -incremental -Xcc -ivfsstatcache -Xcc /Users/factoreal/Downloads/yaam/build/CleanDerivedData/SDKStatCaches.noindex/macosx26.5-25F70-e082c4a02f00227109f4ed75e425c832.sdkstatcache -output-file-map /Users/factoreal/Downloads/yaam/build/CleanDerivedData/Build/Intermediates.noindex/FT8808.build/Debug/FT8808Engine.build/Objects-normal/arm64/FT8808Engine-OutputFileMap.json -use-frontend-parseable-output -save-temps -no-color-diagnostics -explicit-module-build -module-cache-path /Users/factoreal/Downloads/yaam/build/CleanDerivedData/Build/Intermediates.noindex/SwiftExplicitPrecompiledModules -clang-scanner-module-cache-path /Users/factoreal/Downloads/yaam/build/CleanDerivedData/ModuleCache.noindex -sdk-module-cache-path /Users/factoreal/Downloads/yaam/build/CleanDerivedData/ModuleCache.noindex -serialize-diagnostics -emit-dependencies -emit-module -emit-module-path /Users/factoreal/Downloads/yaam/build/CleanDerivedData/Build/Intermediates.noindex/FT8808.build/Debug/FT8808Engine.build/Objects-normal/arm64/FT8808Engine.swiftmodule -validate-clang-modules-once -clang-build-session-file /Users/factoreal/Downloads/yaam/build/CleanDerivedData/ModuleCache.noindex/Session.modulevalidation -package-name ft8_808 -Xcc -I/Users/factoreal/Downloads/yaam/build/CleanDerivedData/Build/Intermediates.noindex/FT8808.build/Debug/FT8808Engine.build/swift-overrides.hmap -emit-const-values -Xfrontend -const-gather-protocols-file -Xfrontend /Users/factoreal/Downloads/yaam/build/CleanDerivedData/Build/Intermediates.noindex/FT8808.build/Debug/FT8808Engine.build/Objects-normal/arm64/FT8808Engine_const_extract_protocols.json -Xcc -I/Users/factoreal/Downloads/yaam/build/CleanDerivedData/SourcePackages/checkouts/ft8-808/Sources/CFT8/include -Xcc -I/Users/factoreal/Downloads/yaam/build/CleanDerivedData/Build/Products/Debug/include -Xcc -I/Users/factoreal/Downloads/yaam/build/CleanDerivedData/Build/Intermediates.noindex/FT8808.build/Debug/FT8808Engine.build/DerivedSources-normal/arm64 -Xcc -I/Users/factoreal/Downloads/yaam/build/CleanDerivedData/Build/Intermediates.noindex/FT8808.build/Debug/FT8808Engine.build/DerivedSources/arm64 -Xcc -I/Users/factoreal/Downloads/yaam/build/CleanDerivedData/Build/Intermediates.noindex/FT8808.build/Debug/FT8808Engine.build/DerivedSources -Xcc -DSWIFT_PACKAGE -Xcc -DDEBUG\=1 -emit-objc-header -emit-objc-header-path /Users/factoreal/Downloads/yaam/build/CleanDerivedData/Build/Intermediates.noindex/FT8808.build/Debug/FT8808Engine.build/Objects-normal/arm64/FT8808Engine-Swift.h -working-directory /Users/factoreal/Downloads/yaam/YAAM.xcodeproj -experimental-emit-module-separately -disable-cmo

SwiftMergeGeneratedHeaders /Users/factoreal/Downloads/yaam/build/CleanDerivedData/Build/Intermediates.noindex/GeneratedModuleMaps/FT8808Engine-Swift.h /Users/factoreal/Downloads/yaam/build/CleanDerivedData/Build/Intermediates.noindex/FT8808.build/Debug/FT8808Engine.build/Objects-normal/arm64/FT8808Engine-Swift.h (in target 'FT8808Engine' from project 'FT8808')
    cd /Users/factoreal/Downloads/yaam/build/CleanDerivedData/SourcePackages/checkouts/ft8-808
    builtin-swiftHeaderTool -arch arm64 /Users/factoreal/Downloads/yaam/build/CleanDerivedData/Build/Intermediates.noindex/FT8808.build/Debug/FT8808Engine.build/Objects-normal/arm64/FT8808Engine-Swift.h -o /Users/factoreal/Downloads/yaam/build/CleanDerivedData/Build/Intermediates.noindex/GeneratedModuleMaps/FT8808Engine-Swift.h

Copy /Users/factoreal/Downloads/yaam/build/CleanDerivedData/Build/Products/Debug/FT8808Engine.swiftmodule/arm64-apple-macos.swiftmodule /Users/factoreal/Downloads/yaam/build/CleanDerivedData/Build/Intermediates.noindex/FT8808.build/Debug/FT8808Engine.build/Objects-normal/arm64/FT8808Engine.swiftmodule (in target 'FT8808Engine' from project 'FT8808')
    cd /Users/factoreal/Downloads/yaam/build/CleanDerivedData/SourcePackages/checkouts/ft8-808
    builtin-copy -exclude .DS_Store -exclude CVS -exclude .svn -exclude .git -exclude .hg -resolve-src-symlinks -rename /Users/factoreal/Downloads/yaam/build/CleanDerivedData/Build/Intermediates.noindex/FT8808.build/Debug/FT8808Engine.build/Objects-normal/arm64/FT8808Engine.swiftmodule /Users/factoreal/Downloads/yaam/build/CleanDerivedData/Build/Products/Debug/FT8808Engine.swiftmodule/arm64-apple-macos.swiftmodule

Copy /Users/factoreal/Downloads/yaam/build/CleanDerivedData/Build/Products/Debug/FT8808Engine.swiftmodule/arm64-apple-macos.swiftdoc /Users/factoreal/Downloads/yaam/build/CleanDerivedData/Build/Intermediates.noindex/FT8808.build/Debug/FT8808Engine.build/Objects-normal/arm64/FT8808Engine.swiftdoc (in target 'FT8808Engine' from project 'FT8808')
    cd /Users/factoreal/Downloads/yaam/build/CleanDerivedData/SourcePackages/checkouts/ft8-808
    builtin-copy -exclude .DS_Store -exclude CVS -exclude .svn -exclude .git -exclude .hg -resolve-src-symlinks -rename /Users/factoreal/Downloads/yaam/build/CleanDerivedData/Build/Intermediates.noindex/FT8808.build/Debug/FT8808Engine.build/Objects-normal/arm64/FT8808Engine.swiftdoc /Users/factoreal/Downloads/yaam/build/CleanDerivedData/Build/Products/Debug/FT8808Engine.swiftmodule/arm64-apple-macos.swiftdoc

Copy /Users/factoreal/Downloads/yaam/build/CleanDerivedData/Build/Products/Debug/FT8808Engine.swiftmodule/arm64-apple-macos.abi.json /Users/factoreal/Downloads/yaam/build/CleanDerivedData/Build/Intermediates.noindex/FT8808.build/Debug/FT8808Engine.build/Objects-normal/arm64/FT8808Engine.abi.json (in target 'FT8808Engine' from project 'FT8808')
    cd /Users/factoreal/Downloads/yaam/build/CleanDerivedData/SourcePackages/checkouts/ft8-808
    builtin-copy -exclude .DS_Store -exclude CVS -exclude .svn -exclude .git -exclude .hg -resolve-src-symlinks -rename /Users/factoreal/Downloads/yaam/build/CleanDerivedData/Build/Intermediates.noindex/FT8808.build/Debug/FT8808Engine.build/Objects-normal/arm64/FT8808Engine.abi.json /Users/factoreal/Downloads/yaam/build/CleanDerivedData/Build/Products/Debug/FT8808Engine.swiftmodule/arm64-apple-macos.abi.json

Copy /Users/factoreal/Downloads/yaam/build/CleanDerivedData/Build/Products/Debug/FT8808Engine.swiftmodule/Project/arm64-apple-macos.swiftsourceinfo /Users/factoreal/Downloads/yaam/build/CleanDerivedData/Build/Intermediates.noindex/FT8808.build/Debug/FT8808Engine.build/Objects-normal/arm64/FT8808Engine.swiftsourceinfo (in target 'FT8808Engine' from project 'FT8808')
    cd /Users/factoreal/Downloads/yaam/build/CleanDerivedData/SourcePackages/checkouts/ft8-808
    builtin-copy -exclude .DS_Store -exclude CVS -exclude .svn -exclude .git -exclude .hg -resolve-src-symlinks -rename /Users/factoreal/Downloads/yaam/build/CleanDerivedData/Build/Intermediates.noindex/FT8808.build/Debug/FT8808Engine.build/Objects-normal/arm64/FT8808Engine.swiftsourceinfo /Users/factoreal/Downloads/yaam/build/CleanDerivedData/Build/Products/Debug/FT8808Engine.swiftmodule/Project/arm64-apple-macos.swiftsourceinfo

SwiftDriverJobDiscovery normal arm64 Compiling QSOMessages.swift, QSOSequencer.swift (in target 'FT8808Engine' from project 'FT8808')

SwiftDriverJobDiscovery normal arm64 Compiling WavFileSource.swift (in target 'FT8808Engine' from project 'FT8808')

ProcessProductPackaging /Users/factoreal/Downloads/yaam/YAAM/YAAM.entitlements /Users/factoreal/Downloads/yaam/build/CleanDerivedData/Build/Intermediates.noindex/YAAM.build/Debug/YAAM.build/YAAM.app.xcent (in target 'YAAM' from project 'YAAM')
    cd /Users/factoreal/Downloads/yaam
    
    Entitlements:
    
    {
    "com.apple.security.app-sandbox" = 1;
    "com.apple.security.device.audio-input" = 1;
    "com.apple.security.device.serial" = 1;
    "com.apple.security.files.downloads.read-write" = 1;
    "com.apple.security.files.user-selected.read-write" = 1;
    "com.apple.security.get-task-allow" = 1;
    "com.apple.security.network.client" = 1;
    "com.apple.security.network.server" = 1;
    "com.apple.security.temporary-exception.files.home-relative-path.read-write" =     (
        "/.tqsl/",
        "/.tqsl"
    );
}
    
    builtin-productPackagingUtility /Users/factoreal/Downloads/yaam/YAAM/YAAM.entitlements -entitlements -format xml -o /Users/factoreal/Downloads/yaam/build/CleanDerivedData/Build/Intermediates.noindex/YAAM.build/Debug/YAAM.build/YAAM.app.xcent

ProcessProductPackagingDER /Users/factoreal/Downloads/yaam/build/CleanDerivedData/Build/Intermediates.noindex/YAAM.build/Debug/YAAM.build/YAAM.app.xcent /Users/factoreal/Downloads/yaam/build/CleanDerivedData/Build/Intermediates.noindex/YAAM.build/Debug/YAAM.build/YAAM.app.xcent.der (in target 'YAAM' from project 'YAAM')
    cd /Users/factoreal/Downloads/yaam
    /usr/bin/derq query -f xml -i /Users/factoreal/Downloads/yaam/build/CleanDerivedData/Build/Intermediates.noindex/YAAM.build/Debug/YAAM.build/YAAM.app.xcent -o /Users/factoreal/Downloads/yaam/build/CleanDerivedData/Build/Intermediates.noindex/YAAM.build/Debug/YAAM.build/YAAM.app.xcent.der --raw

MkDir /Users/factoreal/Downloads/yaam/build/CleanDerivedData/Build/Intermediates.noindex/YAAM.build/Debug/YAAM.build/assetcatalog_output/thinned (in target 'YAAM' from project 'YAAM')
    cd /Users/factoreal/Downloads/yaam
    /bin/mkdir -p /Users/factoreal/Downloads/yaam/build/CleanDerivedData/Build/Intermediates.noindex/YAAM.build/Debug/YAAM.build/assetcatalog_output/thinned

MkDir /Users/factoreal/Downloads/yaam/build/CleanDerivedData/Build/Intermediates.noindex/YAAM.build/Debug/YAAM.build/assetcatalog_output/unthinned (in target 'YAAM' from project 'YAAM')
    cd /Users/factoreal/Downloads/yaam
    /bin/mkdir -p /Users/factoreal/Downloads/yaam/build/CleanDerivedData/Build/Intermediates.noindex/YAAM.build/Debug/YAAM.build/assetcatalog_output/unthinned

GenerateAssetSymbols /Users/factoreal/Downloads/yaam/YAAM/Assets.xcassets (in target 'YAAM' from project 'YAAM')
    cd /Users/factoreal/Downloads/yaam
    /Applications/Xcode.app/Contents/Developer/usr/bin/actool /Users/factoreal/Downloads/yaam/YAAM/Assets.xcassets --compile /Users/factoreal/Downloads/yaam/build/CleanDerivedData/Build/Products/Debug/YAAM.app/Contents/Resources --output-format human-readable-text --notices --warnings --export-dependency-info /Users/factoreal/Downloads/yaam/build/CleanDerivedData/Build/Intermediates.noindex/YAAM.build/Debug/YAAM.build/assetcatalog_dependencies --output-partial-info-plist /Users/factoreal/Downloads/yaam/build/CleanDerivedData/Build/Intermediates.noindex/YAAM.build/Debug/YAAM.build/assetcatalog_generated_info.plist --app-icon AppIcon --include-all-app-icons --accent-color AccentColor --enable-on-demand-resources NO --development-region en --target-device mac --minimum-deployment-target 15.6 --platform macosx --bundle-identifier ASIS.YAAM --generate-swift-asset-symbols /Users/factoreal/Downloads/yaam/build/CleanDerivedData/Build/Intermediates.noindex/YAAM.build/Debug/YAAM.build/DerivedSources/GeneratedAssetSymbols.swift --generate-objc-asset-symbols /Users/factoreal/Downloads/yaam/build/CleanDerivedData/Build/Intermediates.noindex/YAAM.build/Debug/YAAM.build/DerivedSources/GeneratedAssetSymbols.h --generate-asset-symbol-index /Users/factoreal/Downloads/yaam/build/CleanDerivedData/Build/Intermediates.noindex/YAAM.build/Debug/YAAM.build/DerivedSources/GeneratedAssetSymbols-Index.plist
/* com.apple.actool.compilation-results */
/Users/factoreal/Downloads/yaam/build/CleanDerivedData/Build/Intermediates.noindex/YAAM.build/Debug/YAAM.build/DerivedSources/GeneratedAssetSymbols-Index.plist
/Users/factoreal/Downloads/yaam/build/CleanDerivedData/Build/Intermediates.noindex/YAAM.build/Debug/YAAM.build/DerivedSources/GeneratedAssetSymbols.h
/Users/factoreal/Downloads/yaam/build/CleanDerivedData/Build/Intermediates.noindex/YAAM.build/Debug/YAAM.build/DerivedSources/GeneratedAssetSymbols.swift


CompileAssetCatalogVariant thinned /Users/factoreal/Downloads/yaam/build/CleanDerivedData/Build/Products/Debug/YAAM.app/Contents/Resources /Users/factoreal/Downloads/yaam/YAAM/Assets.xcassets (in target 'YAAM' from project 'YAAM')
    cd /Users/factoreal/Downloads/yaam
    /Applications/Xcode.app/Contents/Developer/usr/bin/actool /Users/factoreal/Downloads/yaam/YAAM/Assets.xcassets --compile /Users/factoreal/Downloads/yaam/build/CleanDerivedData/Build/Intermediates.noindex/YAAM.build/Debug/YAAM.build/assetcatalog_output/thinned --output-format human-readable-text --notices --warnings --export-dependency-info /Users/factoreal/Downloads/yaam/build/CleanDerivedData/Build/Intermediates.noindex/YAAM.build/Debug/YAAM.build/assetcatalog_dependencies_thinned --output-partial-info-plist /Users/factoreal/Downloads/yaam/build/CleanDerivedData/Build/Intermediates.noindex/YAAM.build/Debug/YAAM.build/assetcatalog_generated_info.plist_thinned --app-icon AppIcon --include-all-app-icons --accent-color AccentColor --enable-on-demand-resources NO --development-region en --target-device mac --minimum-deployment-target 15.6 --platform macosx
/* com.apple.actool.compilation-results */
/Users/factoreal/Downloads/yaam/build/CleanDerivedData/Build/Intermediates.noindex/YAAM.build/Debug/YAAM.build/assetcatalog_generated_info.plist_thinned
/Users/factoreal/Downloads/yaam/build/CleanDerivedData/Build/Intermediates.noindex/YAAM.build/Debug/YAAM.build/assetcatalog_output/thinned/AppIcon.icns
/Users/factoreal/Downloads/yaam/build/CleanDerivedData/Build/Intermediates.noindex/YAAM.build/Debug/YAAM.build/assetcatalog_output/thinned/Assets.car


SwiftDriver YAAM normal arm64 com.apple.xcode.tools.swift.compiler (in target 'YAAM' from project 'YAAM')
    cd /Users/factoreal/Downloads/yaam
    builtin-SwiftDriver -- /Applications/Xcode.app/Contents/Developer/Toolchains/XcodeDefault.xctoolchain/usr/bin/swiftc -module-name YAAM -Onone @/Users/factoreal/Downloads/yaam/build/CleanDerivedData/Build/Intermediates.noindex/YAAM.build/Debug/YAAM.build/Objects-normal/arm64/YAAM.SwiftFileList -DDEBUG -default-isolation\=MainActor -enable-bare-slash-regex -enable-upcoming-feature DisableOutwardActorInference -enable-upcoming-feature InferSendableFromCaptures -enable-upcoming-feature GlobalActorIsolatedTypesUsability -enable-upcoming-feature MemberImportVisibility -enable-upcoming-feature InferIsolatedConformances -enable-upcoming-feature NonisolatedNonsendingByDefault -enable-experimental-feature DebugDescriptionMacro -sdk /Applications/Xcode.app/Contents/Developer/Platforms/MacOSX.platform/Developer/SDKs/MacOSX26.5.sdk -target arm64-apple-macos15.6 -g -module-cache-path /Users/factoreal/Downloads/yaam/build/CleanDerivedData/ModuleCache.noindex -Xfrontend -serialize-debugging-options -enable-testing -index-store-path /Users/factoreal/Downloads/yaam/build/CleanDerivedData/Index.noindex/DataStore -Xcc -D_LIBCPP_HARDENING_MODE\=_LIBCPP_HARDENING_MODE_DEBUG -swift-version 5 -I /Users/factoreal/Downloads/yaam/build/CleanDerivedData/Build/Products/Debug -F /Users/factoreal/Downloads/yaam/build/CleanDerivedData/Build/Products/Debug/PackageFrameworks -F /Users/factoreal/Downloads/yaam/build/CleanDerivedData/Build/Products/Debug/PackageFrameworks -F /Users/factoreal/Downloads/yaam/build/CleanDerivedData/Build/Products/Debug/PackageFrameworks -F /Users/factoreal/Downloads/yaam/build/CleanDerivedData/Build/Products/Debug -emit-localized-strings -emit-localized-strings-path /Users/factoreal/Downloads/yaam/build/CleanDerivedData/Build/Intermediates.noindex/YAAM.build/Debug/YAAM.build/Objects-normal/arm64 -c -j14 -enable-batch-mode -incremental -Xcc -ivfsstatcache -Xcc /Users/factoreal/Downloads/yaam/build/CleanDerivedData/SDKStatCaches.noindex/macosx26.5-25F70-e082c4a02f00227109f4ed75e425c832.sdkstatcache -output-file-map /Users/factoreal/Downloads/yaam/build/CleanDerivedData/Build/Intermediates.noindex/YAAM.build/Debug/YAAM.build/Objects-normal/arm64/YAAM-OutputFileMap.json -use-frontend-parseable-output -save-temps -no-color-diagnostics -explicit-module-build -module-cache-path /Users/factoreal/Downloads/yaam/build/CleanDerivedData/Build/Intermediates.noindex/SwiftExplicitPrecompiledModules -clang-scanner-module-cache-path /Users/factoreal/Downloads/yaam/build/CleanDerivedData/ModuleCache.noindex -sdk-module-cache-path /Users/factoreal/Downloads/yaam/build/CleanDerivedData/ModuleCache.noindex -serialize-diagnostics -emit-dependencies -emit-module -emit-module-path /Users/factoreal/Downloads/yaam/build/CleanDerivedData/Build/Intermediates.noindex/YAAM.build/Debug/YAAM.build/Objects-normal/arm64/YAAM.swiftmodule -validate-clang-modules-once -clang-build-session-file /Users/factoreal/Downloads/yaam/build/CleanDerivedData/ModuleCache.noindex/Session.modulevalidation -Xcc -I/Users/factoreal/Downloads/yaam/build/CleanDerivedData/Build/Intermediates.noindex/YAAM.build/Debug/YAAM.build/swift-overrides.hmap -emit-const-values -Xfrontend -const-gather-protocols-file -Xfrontend /Users/factoreal/Downloads/yaam/build/CleanDerivedData/Build/Intermediates.noindex/YAAM.build/Debug/YAAM.build/Objects-normal/arm64/YAAM_const_extract_protocols.json -Xcc -iquote -Xcc /Users/factoreal/Downloads/yaam/build/CleanDerivedData/Build/Intermediates.noindex/YAAM.build/Debug/YAAM.build/YAAM-generated-files.hmap -Xcc -I/Users/factoreal/Downloads/yaam/build/CleanDerivedData/Build/Intermediates.noindex/YAAM.build/Debug/YAAM.build/YAAM-own-target-headers.hmap -Xcc -I/Users/factoreal/Downloads/yaam/build/CleanDerivedData/Build/Intermediates.noindex/YAAM.build/Debug/YAAM.build/YAAM-all-non-framework-target-headers.hmap -Xcc -ivfsoverlay -Xcc /Users/factoreal/Downloads/yaam/build/CleanDerivedData/Build/Intermediates.noindex/YAAM.build/Debug/YAAM-9e204e6b454e3d379328f661e50d2b22-VFS/all-product-headers.yaml -Xcc -iquote -Xcc /Users/factoreal/Downloads/yaam/build/CleanDerivedData/Build/Intermediates.noindex/YAAM.build/Debug/YAAM.build/YAAM-project-headers.hmap -Xcc -I/Users/factoreal/Downloads/yaam/build/CleanDerivedData/SourcePackages/checkouts/ft8-808/Sources/CFT8/include -Xcc -I/Users/factoreal/Downloads/yaam/build/CleanDerivedData/Build/Products/Debug/include -Xcc -I/Users/factoreal/Downloads/yaam/build/CleanDerivedData/Build/Intermediates.noindex/YAAM.build/Debug/YAAM.build/DerivedSources-normal/arm64 -Xcc -I/Users/factoreal/Downloads/yaam/build/CleanDerivedData/Build/Intermediates.noindex/YAAM.build/Debug/YAAM.build/DerivedSources/arm64 -Xcc -I/Users/factoreal/Downloads/yaam/build/CleanDerivedData/Build/Intermediates.noindex/YAAM.build/Debug/YAAM.build/DerivedSources -Xcc -DDEBUG\=1 -emit-objc-header -emit-objc-header-path /Users/factoreal/Downloads/yaam/build/CleanDerivedData/Build/Intermediates.noindex/YAAM.build/Debug/YAAM.build/Objects-normal/arm64/YAAM-Swift.h -working-directory /Users/factoreal/Downloads/yaam -experimental-emit-module-separately -disable-cmo

SwiftDriverJobDiscovery normal arm64 Compiling TQSLUploader.swift, ToneGenerator.swift (in target 'FT8808Engine' from project 'FT8808')

SwiftDriverJobDiscovery normal arm64 Compiling RigController.swift, SerialPorts.swift (in target 'FT8808Engine' from project 'FT8808')

SwiftDriverJobDiscovery normal arm64 Compiling AudioDevices.swift, AudioRenderSource.swift (in target 'FT8808Engine' from project 'FT8808')

SwiftDriverJobDiscovery normal arm64 Compiling TxAudioOutput.swift (in target 'FT8808Engine' from project 'FT8808')

SwiftDriverJobDiscovery normal arm64 Compiling StationConfig.swift, StreamingSpectrum.swift (in target 'FT8808Engine' from project 'FT8808')

SwiftDriverJobDiscovery normal arm64 Compiling Spectrum.swift, StandardMessages.swift (in target 'FT8808Engine' from project 'FT8808')

SwiftDriverJobDiscovery normal arm64 Compiling LiveAudioSource.swift, LiveRadioSource.swift (in target 'FT8808Engine' from project 'FT8808')

SwiftDriverJobDiscovery normal arm64 Compiling LiveSpectrumSource.swift, MicPermission.swift (in target 'FT8808Engine' from project 'FT8808')

SwiftDriverJobDiscovery normal arm64 Compiling ADIFLog.swift, AudioCaptureUnit.swift (in target 'FT8808Engine' from project 'FT8808')

SwiftDriver\ Compilation FT8808Engine normal arm64 com.apple.xcode.tools.swift.compiler (in target 'FT8808Engine' from project 'FT8808')
    cd /Users/factoreal/Downloads/yaam/YAAM.xcodeproj
    builtin-Swift-Compilation -- /Applications/Xcode.app/Contents/Developer/Toolchains/XcodeDefault.xctoolchain/usr/bin/swiftc -module-name FT8808Engine -Onone @/Users/factoreal/Downloads/yaam/build/CleanDerivedData/Build/Intermediates.noindex/FT8808.build/Debug/FT8808Engine.build/Objects-normal/arm64/FT8808Engine.SwiftFileList -DSWIFT_PACKAGE -DDEBUG -DSWIFT_MODULE_RESOURCE_BUNDLE_UNAVAILABLE -DXcode -plugin-path /Applications/Xcode.app/Contents/Developer/Toolchains/XcodeDefault.xctoolchain/usr/lib/swift/host/plugins/testing -enable-experimental-feature DebugDescriptionMacro -sdk /Applications/Xcode.app/Contents/Developer/Platforms/MacOSX.platform/Developer/SDKs/MacOSX26.5.sdk -target arm64-apple-macos13.0 -g -module-cache-path /Users/factoreal/Downloads/yaam/build/CleanDerivedData/ModuleCache.noindex -Xfrontend -serialize-debugging-options -enable-testing -suppress-warnings -index-store-path /Users/factoreal/Downloads/yaam/build/CleanDerivedData/Index.noindex/DataStore -Xcc -D_LIBCPP_HARDENING_MODE\=_LIBCPP_HARDENING_MODE_DEBUG -swift-version 6 -I /Users/factoreal/Downloads/yaam/build/CleanDerivedData/Build/Products/Debug -Isystem /Applications/Xcode.app/Contents/Developer/Platforms/MacOSX.platform/Developer/usr/lib -F /Users/factoreal/Downloads/yaam/build/CleanDerivedData/Build/Products/Debug/PackageFrameworks -F /Users/factoreal/Downloads/yaam/build/CleanDerivedData/Build/Products/Debug/PackageFrameworks -F /Users/factoreal/Downloads/yaam/build/CleanDerivedData/Build/Products/Debug -F /Applications/Xcode.app/Contents/Developer/Platforms/MacOSX.platform/Developer/Library/Frameworks -c -j14 -enable-batch-mode -incremental -Xcc -ivfsstatcache -Xcc /Users/factoreal/Downloads/yaam/build/CleanDerivedData/SDKStatCaches.noindex/macosx26.5-25F70-e082c4a02f00227109f4ed75e425c832.sdkstatcache -output-file-map /Users/factoreal/Downloads/yaam/build/CleanDerivedData/Build/Intermediates.noindex/FT8808.build/Debug/FT8808Engine.build/Objects-normal/arm64/FT8808Engine-OutputFileMap.json -use-frontend-parseable-output -save-temps -no-color-diagnostics -explicit-module-build -module-cache-path /Users/factoreal/Downloads/yaam/build/CleanDerivedData/Build/Intermediates.noindex/SwiftExplicitPrecompiledModules -clang-scanner-module-cache-path /Users/factoreal/Downloads/yaam/build/CleanDerivedData/ModuleCache.noindex -sdk-module-cache-path /Users/factoreal/Downloads/yaam/build/CleanDerivedData/ModuleCache.noindex -serialize-diagnostics -emit-dependencies -emit-module -emit-module-path /Users/factoreal/Downloads/yaam/build/CleanDerivedData/Build/Intermediates.noindex/FT8808.build/Debug/FT8808Engine.build/Objects-normal/arm64/FT8808Engine.swiftmodule -validate-clang-modules-once -clang-build-session-file /Users/factoreal/Downloads/yaam/build/CleanDerivedData/ModuleCache.noindex/Session.modulevalidation -package-name ft8_808 -Xcc -I/Users/factoreal/Downloads/yaam/build/CleanDerivedData/Build/Intermediates.noindex/FT8808.build/Debug/FT8808Engine.build/swift-overrides.hmap -emit-const-values -Xfrontend -const-gather-protocols-file -Xfrontend /Users/factoreal/Downloads/yaam/build/CleanDerivedData/Build/Intermediates.noindex/FT8808.build/Debug/FT8808Engine.build/Objects-normal/arm64/FT8808Engine_const_extract_protocols.json -Xcc -I/Users/factoreal/Downloads/yaam/build/CleanDerivedData/SourcePackages/checkouts/ft8-808/Sources/CFT8/include -Xcc -I/Users/factoreal/Downloads/yaam/build/CleanDerivedData/Build/Products/Debug/include -Xcc -I/Users/factoreal/Downloads/yaam/build/CleanDerivedData/Build/Intermediates.noindex/FT8808.build/Debug/FT8808Engine.build/DerivedSources-normal/arm64 -Xcc -I/Users/factoreal/Downloads/yaam/build/CleanDerivedData/Build/Intermediates.noindex/FT8808.build/Debug/FT8808Engine.build/DerivedSources/arm64 -Xcc -I/Users/factoreal/Downloads/yaam/build/CleanDerivedData/Build/Intermediates.noindex/FT8808.build/Debug/FT8808Engine.build/DerivedSources -Xcc -DSWIFT_PACKAGE -Xcc -DDEBUG\=1 -emit-objc-header -emit-objc-header-path /Users/factoreal/Downloads/yaam/build/CleanDerivedData/Build/Intermediates.noindex/FT8808.build/Debug/FT8808Engine.build/Objects-normal/arm64/FT8808Engine-Swift.h -working-directory /Users/factoreal/Downloads/yaam/YAAM.xcodeproj -experimental-emit-module-separately -disable-cmo

Ld /Users/factoreal/Downloads/yaam/build/CleanDerivedData/Build/Products/Debug/FT8808Engine.o normal (in target 'FT8808Engine' from project 'FT8808')
    cd /Users/factoreal/Downloads/yaam/build/CleanDerivedData/SourcePackages/checkouts/ft8-808
    /Applications/Xcode.app/Contents/Developer/Toolchains/XcodeDefault.xctoolchain/usr/bin/clang -Xlinker -reproducible -target arm64-apple-macos13.0 -r -isysroot /Applications/Xcode.app/Contents/Developer/Platforms/MacOSX.platform/Developer/SDKs/MacOSX26.5.sdk -O0 -w -F/Users/factoreal/Downloads/yaam/build/CleanDerivedData/Build/Intermediates.noindex/EagerLinkingTBDs/Debug -F/Users/factoreal/Downloads/yaam/build/CleanDerivedData/Build/Products/Debug/PackageFrameworks -F/Users/factoreal/Downloads/yaam/build/CleanDerivedData/Build/Products/Debug/PackageFrameworks -F/Users/factoreal/Downloads/yaam/build/CleanDerivedData/Build/Products/Debug -iframework /Applications/Xcode.app/Contents/Developer/Platforms/MacOSX.platform/Developer/Library/Frameworks -filelist /Users/factoreal/Downloads/yaam/build/CleanDerivedData/Build/Intermediates.noindex/FT8808.build/Debug/FT8808Engine.build/Objects-normal/arm64/FT8808Engine.LinkFileList -nostdlib -Xlinker -object_path_lto -Xlinker /Users/factoreal/Downloads/yaam/build/CleanDerivedData/Build/Intermediates.noindex/FT8808.build/Debug/FT8808Engine.build/Objects-normal/arm64/FT8808Engine_lto.o -Xlinker -no_deduplicate -Xlinker -dependency_info -Xlinker /Users/factoreal/Downloads/yaam/build/CleanDerivedData/Build/Intermediates.noindex/FT8808.build/Debug/FT8808Engine.build/Objects-normal/arm64/FT8808Engine_dependency_info.dat -fobjc-link-runtime -L/Applications/Xcode.app/Contents/Developer/Toolchains/XcodeDefault.xctoolchain/usr/lib/swift/macosx -L/usr/lib/swift -Xlinker -add_ast_path -Xlinker /Users/factoreal/Downloads/yaam/build/CleanDerivedData/Build/Intermediates.noindex/FT8808.build/Debug/FT8808Engine.build/Objects-normal/arm64/FT8808Engine.swiftmodule @/Users/factoreal/Downloads/yaam/build/CleanDerivedData/Build/Intermediates.noindex/FT8808.build/Debug/FT8808Engine.build/Objects-normal/arm64/FT8808Engine-linker-args.resp -o /Users/factoreal/Downloads/yaam/build/CleanDerivedData/Build/Products/Debug/FT8808Engine.o

ExtractAppIntentsMetadata (in target 'FT8808Engine' from project 'FT8808')
    cd /Users/factoreal/Downloads/yaam/build/CleanDerivedData/SourcePackages/checkouts/ft8-808
    /Applications/Xcode.app/Contents/Developer/Toolchains/XcodeDefault.xctoolchain/usr/bin/appintentsmetadataprocessor --toolchain-dir /Applications/Xcode.app/Contents/Developer/Toolchains/XcodeDefault.xctoolchain --module-name FT8808Engine --sdk-root /Applications/Xcode.app/Contents/Developer/Platforms/MacOSX.platform/Developer/SDKs/MacOSX26.5.sdk --xcode-version 17F113 --platform-family macOS --deployment-target 13.0 --bundle-identifier ft8-808.FT8808Engine --output /Users/factoreal/Downloads/yaam/build/CleanDerivedData/Build/Products/Debug/FT8808Engine.appintents --target-triple arm64-apple-macos13.0 --binary-file /Users/factoreal/Downloads/yaam/build/CleanDerivedData/Build/Products/Debug/FT8808Engine.o --dependency-file /Users/factoreal/Downloads/yaam/build/CleanDerivedData/Build/Intermediates.noindex/FT8808.build/Debug/FT8808Engine.build/Objects-normal/arm64/FT8808Engine_dependency_info.dat --stringsdata-file /Users/factoreal/Downloads/yaam/build/CleanDerivedData/Build/Intermediates.noindex/FT8808.build/Debug/FT8808Engine.build/Objects-normal/arm64/ExtractedAppShortcutsMetadata.stringsdata --source-file-list /Users/factoreal/Downloads/yaam/build/CleanDerivedData/Build/Intermediates.noindex/FT8808.build/Debug/FT8808Engine.build/Objects-normal/arm64/FT8808Engine.SwiftFileList --metadata-file-list /Users/factoreal/Downloads/yaam/build/CleanDerivedData/Build/Intermediates.noindex/FT8808.build/Debug/FT8808Engine.build/FT8808Engine.DependencyMetadataFileList --static-metadata-file-list /Users/factoreal/Downloads/yaam/build/CleanDerivedData/Build/Intermediates.noindex/FT8808.build/Debug/FT8808Engine.build/FT8808Engine.DependencyStaticMetadataFileList --swift-const-vals-list /Users/factoreal/Downloads/yaam/build/CleanDerivedData/Build/Intermediates.noindex/FT8808.build/Debug/FT8808Engine.build/Objects-normal/arm64/FT8808Engine.SwiftConstValuesFileList --force --compile-time-extraction --deployment-aware-processing --validate-assistant-intents --no-app-shortcuts-localization
2026-09-13 15:55:14.237 appintentsmetadataprocessor[47304:13960832] Starting appintentsmetadataprocessor export
2026-09-13 15:55:14.245 appintentsmetadataprocessor[47304:13960832] Extracted no relevant App Intents symbols, skipping writing output

RegisterExecutionPolicyException /Users/factoreal/Downloads/yaam/build/CleanDerivedData/Build/Products/Debug/FT8808Engine.o (in target 'FT8808Engine' from project 'FT8808')
    cd /Users/factoreal/Downloads/yaam/build/CleanDerivedData/SourcePackages/checkouts/ft8-808
    builtin-RegisterExecutionPolicyException /Users/factoreal/Downloads/yaam/build/CleanDerivedData/Build/Products/Debug/FT8808Engine.o

CpResource /Users/factoreal/Downloads/yaam/build/CleanDerivedData/Build/Products/Debug/YAAM.app/Contents/Resources/grid_dxcc_4char_simple.csv /Users/factoreal/Downloads/yaam/YAAM/Resources/grid_dxcc_4char_simple.csv (in target 'YAAM' from project 'YAAM')
    cd /Users/factoreal/Downloads/yaam
    builtin-copy -exclude .DS_Store -exclude CVS -exclude .svn -exclude .git -exclude .hg -resolve-src-symlinks /Users/factoreal/Downloads/yaam/YAAM/Resources/grid_dxcc_4char_simple.csv /Users/factoreal/Downloads/yaam/build/CleanDerivedData/Build/Products/Debug/YAAM.app/Contents/Resources

CpResource /Users/factoreal/Downloads/yaam/build/CleanDerivedData/Build/Products/Debug/YAAM.app/Contents/Resources/lotw-user-activity.csv /Users/factoreal/Downloads/yaam/YAAM/Resources/lotw-user-activity.csv (in target 'YAAM' from project 'YAAM')
    cd /Users/factoreal/Downloads/yaam
    builtin-copy -exclude .DS_Store -exclude CVS -exclude .svn -exclude .git -exclude .hg -resolve-src-symlinks /Users/factoreal/Downloads/yaam/YAAM/Resources/lotw-user-activity.csv /Users/factoreal/Downloads/yaam/build/CleanDerivedData/Build/Products/Debug/YAAM.app/Contents/Resources

CpResource /Users/factoreal/Downloads/yaam/build/CleanDerivedData/Build/Products/Debug/YAAM.app/Contents/Resources/cty_wt.dat /Users/factoreal/Downloads/yaam/YAAM/Resources/cty_wt.dat (in target 'YAAM' from project 'YAAM')
    cd /Users/factoreal/Downloads/yaam
    builtin-copy -exclude .DS_Store -exclude CVS -exclude .svn -exclude .git -exclude .hg -resolve-src-symlinks /Users/factoreal/Downloads/yaam/YAAM/Resources/cty_wt.dat /Users/factoreal/Downloads/yaam/build/CleanDerivedData/Build/Products/Debug/YAAM.app/Contents/Resources

Ld /Users/factoreal/Downloads/yaam/build/CleanDerivedData/Build/Products/Debug/YAAM.app/Contents/MacOS/__preview.dylib normal (in target 'YAAM' from project 'YAAM')
    cd /Users/factoreal/Downloads/yaam
    /Applications/Xcode.app/Contents/Developer/Toolchains/XcodeDefault.xctoolchain/usr/bin/clang -Xlinker -reproducible -target arm64-apple-macos15.6 -dynamiclib -isysroot /Applications/Xcode.app/Contents/Developer/Platforms/MacOSX.platform/Developer/SDKs/MacOSX26.5.sdk -O0 -L/Users/factoreal/Downloads/yaam/build/CleanDerivedData/Build/Products/Debug -F/Users/factoreal/Downloads/yaam/build/CleanDerivedData/Build/Products/Debug/PackageFrameworks -F/Users/factoreal/Downloads/yaam/build/CleanDerivedData/Build/Products/Debug/PackageFrameworks -F/Users/factoreal/Downloads/yaam/build/CleanDerivedData/Build/Products/Debug/PackageFrameworks -F/Users/factoreal/Downloads/yaam/build/CleanDerivedData/Build/Products/Debug -install_name @rpath/YAAM.debug.dylib -rdynamic -Xlinker -no_deduplicate -Xlinker -dependency_info -Xlinker /Users/factoreal/Downloads/yaam/build/CleanDerivedData/Build/Intermediates.noindex/YAAM.build/Debug/YAAM.build/Objects-normal/arm64/YAAM_dependency_info.dat -Xlinker -no_adhoc_codesign -o /Users/factoreal/Downloads/yaam/build/CleanDerivedData/Build/Products/Debug/YAAM.app/Contents/MacOS/__preview.dylib

CpResource /Users/factoreal/Downloads/yaam/build/CleanDerivedData/Build/Products/Debug/YAAM.app/Contents/Resources/EP2AES_QSL_Card_HQ.pdf /Users/factoreal/Downloads/yaam/YAAM/EP2AES_QSL_Card_HQ.pdf (in target 'YAAM' from project 'YAAM')
    cd /Users/factoreal/Downloads/yaam
    builtin-copy -exclude .DS_Store -exclude CVS -exclude .svn -exclude .git -exclude .hg -resolve-src-symlinks /Users/factoreal/Downloads/yaam/YAAM/EP2AES_QSL_Card_HQ.pdf /Users/factoreal/Downloads/yaam/build/CleanDerivedData/Build/Products/Debug/YAAM.app/Contents/Resources

SwiftExplicitDependencyGeneratePcm arm64 /Users/factoreal/Downloads/yaam/build/CleanDerivedData/ModuleCache.noindex/_Builtin_stdarg-5A8U81VOENP4PSQX1B6HKS138.pcm

SwiftExplicitDependencyGeneratePcm arm64 /Users/factoreal/Downloads/yaam/build/CleanDerivedData/ModuleCache.noindex/ptrauth-3LHNR3KDX2JNS2P2GJCIUJB5H.pcm

SwiftExplicitDependencyGeneratePcm arm64 /Users/factoreal/Downloads/yaam/build/CleanDerivedData/ModuleCache.noindex/_SwiftConcurrencyShims-KS3I3LI31L6DX5GXN1D4A623.pcm

SwiftExplicitDependencyGeneratePcm arm64 /Users/factoreal/Downloads/yaam/build/CleanDerivedData/ModuleCache.noindex/_Builtin_float-BPZWFBF3XFVJF734BV95FZND7.pcm

SwiftExplicitDependencyGeneratePcm arm64 /Users/factoreal/Downloads/yaam/build/CleanDerivedData/ModuleCache.noindex/DeveloperToolsSupport-82L63IRK0KPPG42IV2VQJPGC3.pcm

SwiftExplicitDependencyGeneratePcm arm64 /Users/factoreal/Downloads/yaam/build/CleanDerivedData/ModuleCache.noindex/_Builtin_stdbool-967ZQ90BQYHICF6MER4F50CAT.pcm

SwiftExplicitDependencyGeneratePcm arm64 /Users/factoreal/Downloads/yaam/build/CleanDerivedData/ModuleCache.noindex/_AvailabilityInternal-5XH62DEHRRE56BUQYYXVNQZ24.pcm

SwiftExplicitDependencyGeneratePcm arm64 /Users/factoreal/Downloads/yaam/build/CleanDerivedData/ModuleCache.noindex/SwiftShims-DSB976JAOWWPBLPBJEPIUGGR8.pcm

SwiftExplicitDependencyGeneratePcm arm64 /Users/factoreal/Downloads/yaam/build/CleanDerivedData/ModuleCache.noindex/_Builtin_stddef-DPLDHG0OOST71CGQ8XMO1G2KC.pcm

SwiftExplicitDependencyGeneratePcm arm64 /Users/factoreal/Downloads/yaam/build/CleanDerivedData/ModuleCache.noindex/ptrcheck-35KMYG7RZ60P8INYF7SX1BJYN.pcm

SwiftExplicitDependencyGeneratePcm arm64 /Users/factoreal/Downloads/yaam/build/CleanDerivedData/Build/Intermediates.noindex/SwiftExplicitPrecompiledModules/CFT8-3VCJXFKRVRPN49U0YQGJFSAT7.pcm

SwiftExplicitDependencyGeneratePcm arm64 /Users/factoreal/Downloads/yaam/build/CleanDerivedData/ModuleCache.noindex/_DarwinFoundation1-EAOWTYUMQFH4OXVHXHQ08FVB9.pcm

SwiftExplicitDependencyGeneratePcm arm64 /Users/factoreal/Downloads/yaam/build/CleanDerivedData/ModuleCache.noindex/SQLite3-7X3UTVCO74QG53Y6HUT9VAFA.pcm

SwiftExplicitDependencyGeneratePcm arm64 /Users/factoreal/Downloads/yaam/build/CleanDerivedData/ModuleCache.noindex/_DarwinFoundation2-8RZUHNX1HZKH0S4KY0N185SJZ.pcm

SwiftExplicitDependencyGeneratePcm arm64 /Users/factoreal/Downloads/yaam/build/CleanDerivedData/ModuleCache.noindex/ExtensionFoundation-48GATXRBLG3AQYJNTX7ETDLD.pcm

SwiftExplicitDependencyGeneratePcm arm64 /Users/factoreal/Downloads/yaam/build/CleanDerivedData/ModuleCache.noindex/_Builtin_limits-FEV40FBL775QEB1S0HMV3JP2.pcm

SwiftExplicitDependencyGeneratePcm arm64 /Users/factoreal/Downloads/yaam/build/CleanDerivedData/ModuleCache.noindex/_Builtin_stdint-3Z3EZFEB4UAPIFTX6MR44NLTQ.pcm

SwiftExplicitDependencyGeneratePcm arm64 /Users/factoreal/Downloads/yaam/build/CleanDerivedData/ModuleCache.noindex/_Builtin_tgmath-94BMRGLFSZP42Q2H4374K6AI4.pcm

SwiftExplicitDependencyGeneratePcm arm64 /Users/factoreal/Downloads/yaam/build/CleanDerivedData/ModuleCache.noindex/sys_types-4DZPK2O7ZKDZHW9BD1SUKYTA4.pcm

SwiftExplicitDependencyGeneratePcm arm64 /Users/factoreal/Downloads/yaam/build/CleanDerivedData/ModuleCache.noindex/libDER-AA842QHIOHVG5VMCURID9M53I.pcm

SwiftExplicitDependencyGeneratePcm arm64 /Users/factoreal/Downloads/yaam/build/CleanDerivedData/ModuleCache.noindex/_DarwinFoundation3-E2TZAQJTW8I54GSKQ0WMB10LO.pcm

SwiftExplicitDependencyGeneratePcm arm64 /Users/factoreal/Downloads/yaam/build/CleanDerivedData/ModuleCache.noindex/OpenGL-RF4DRCNB64C74KULK41ZGBHE.pcm

SwiftExplicitDependencyGeneratePcm arm64 /Users/factoreal/Downloads/yaam/build/CleanDerivedData/ModuleCache.noindex/_Builtin_intrinsics-7ZUUAH5UZW2GR540SA9TWM60K.pcm

SwiftExplicitDependencyGeneratePcm arm64 /Users/factoreal/Downloads/yaam/build/CleanDerivedData/ModuleCache.noindex/_Builtin_stdatomic-D8Y5SLQIJ6DXNNKELK51XO8VN.pcm

SwiftExplicitDependencyGeneratePcm arm64 /Users/factoreal/Downloads/yaam/build/CleanDerivedData/ModuleCache.noindex/_Builtin_inttypes-E6C9R6YMO3OCON3RNXHFWGA6H.pcm

SwiftExplicitDependencyGeneratePcm arm64 /Users/factoreal/Downloads/yaam/build/CleanDerivedData/ModuleCache.noindex/Darwin-AOCQ0G4MGMJ865C1GDEDOYBMX.pcm

SwiftExplicitDependencyGeneratePcm arm64 /Users/factoreal/Downloads/yaam/build/CleanDerivedData/ModuleCache.noindex/simd-E5FCNS4FBTTUYB9YJ22VXA438.pcm

SwiftExplicitDependencyGeneratePcm arm64 /Users/factoreal/Downloads/yaam/build/CleanDerivedData/ModuleCache.noindex/launch-BFRJ5B1MU23DH2JK304336HRX.pcm

SwiftExplicitDependencyGeneratePcm arm64 /Users/factoreal/Downloads/yaam/build/CleanDerivedData/ModuleCache.noindex/CUPS-67NF45F7D28T5CQ4DVLSVKBSV.pcm

SwiftExplicitDependencyGeneratePcm arm64 /Users/factoreal/Downloads/yaam/build/CleanDerivedData/ModuleCache.noindex/MachO-ASVMBNK4VGUG6W6FACUPAQ3YC.pcm

SwiftExplicitDependencyGeneratePcm arm64 /Users/factoreal/Downloads/yaam/build/CleanDerivedData/ModuleCache.noindex/libkern-895U9Q1RK8LHF2Q82F8T17SLF.pcm

SwiftExplicitDependencyGeneratePcm arm64 /Users/factoreal/Downloads/yaam/build/CleanDerivedData/ModuleCache.noindex/Spatial-674ZVU9EWI5B4ZHNGB4XZMENZ.pcm

SwiftExplicitDependencyGeneratePcm arm64 /Users/factoreal/Downloads/yaam/build/CleanDerivedData/ModuleCache.noindex/ObjectiveC-1L22VFME7P6O7AB4AP9ZHUSTS.pcm

SwiftExplicitDependencyGeneratePcm arm64 /Users/factoreal/Downloads/yaam/build/CleanDerivedData/ModuleCache.noindex/os_object-5YNWNHK70Z6U4XDR94UKJI8B9.pcm

SwiftExplicitDependencyGeneratePcm arm64 /Users/factoreal/Downloads/yaam/build/CleanDerivedData/ModuleCache.noindex/os_workgroup-3WZ5X8LUQ5BTS0IC6DWQB8PUR.pcm

SwiftExplicitDependencyGeneratePcm arm64 /Users/factoreal/Downloads/yaam/build/CleanDerivedData/ModuleCache.noindex/Dispatch-335G4NK85G4M7JYPEKRSMU0GF.pcm

SwiftExplicitDependencyGeneratePcm arm64 /Users/factoreal/Downloads/yaam/build/CleanDerivedData/ModuleCache.noindex/CoreFoundation-BG0RG03UFMQMXN78T0O7JQH4.pcm

SwiftExplicitDependencyGeneratePcm arm64 /Users/factoreal/Downloads/yaam/build/CleanDerivedData/ModuleCache.noindex/XPC-3LJUR80DM084ET8WZOK1RFRRO.pcm

SwiftExplicitDependencyGeneratePcm arm64 /Users/factoreal/Downloads/yaam/build/CleanDerivedData/ModuleCache.noindex/dnssd-CM5UZYJTQR6SSAEAR24U8ER86.pcm

SwiftExplicitDependencyGeneratePcm arm64 /Users/factoreal/Downloads/yaam/build/CleanDerivedData/ModuleCache.noindex/os-7F37YVCDNE8G3BIID7OTJ3F57.pcm

SwiftExplicitDependencyGeneratePcm arm64 /Users/factoreal/Downloads/yaam/build/CleanDerivedData/ModuleCache.noindex/ColorSync-EIUVV5KWRGI9ITN77JX5I58J.pcm

SwiftExplicitDependencyGeneratePcm arm64 /Users/factoreal/Downloads/yaam/build/CleanDerivedData/ModuleCache.noindex/CoreAudioTypes-WCSKT1O39G709G8NIHS35766.pcm

SwiftExplicitDependencyGeneratePcm arm64 /Users/factoreal/Downloads/yaam/build/CleanDerivedData/ModuleCache.noindex/Security-EFKLSA9DTPGYSZX85VXR1H03S.pcm

SwiftExplicitDependencyGeneratePcm arm64 /Users/factoreal/Downloads/yaam/build/CleanDerivedData/ModuleCache.noindex/CFNetwork-7HKSJSLO1ZPNTJLS4VBOF907Q.pcm

SwiftExplicitDependencyGeneratePcm arm64 /Users/factoreal/Downloads/yaam/build/CleanDerivedData/ModuleCache.noindex/IOKit-5A18SLCKSX63FT0IN6QSCGRAW.pcm

SwiftExplicitDependencyGeneratePcm arm64 /Users/factoreal/Downloads/yaam/build/CleanDerivedData/ModuleCache.noindex/DiskArbitration-10W9NM6RUY0HZ3EHMAW65V9F9.pcm

SwiftExplicitDependencyGeneratePcm arm64 /Users/factoreal/Downloads/yaam/build/CleanDerivedData/ModuleCache.noindex/CoreGraphics-77HY2BODM8ZXG3S5O45WSBPD4.pcm

SwiftExplicitDependencyGeneratePcm arm64 /Users/factoreal/Downloads/yaam/build/CleanDerivedData/ModuleCache.noindex/CoreServices-5DU96D8DLR0BDX9B2E6RYTWXL.pcm

SwiftExplicitDependencyGeneratePcm arm64 /Users/factoreal/Downloads/yaam/build/CleanDerivedData/ModuleCache.noindex/CoreText-795MFO3MJOTBQJGAF6B420EFU.pcm

SwiftExplicitDependencyGeneratePcm arm64 /Users/factoreal/Downloads/yaam/build/CleanDerivedData/ModuleCache.noindex/ImageIO-56E9DPARJIAP8HLET2HGBEG2O.pcm

SwiftExplicitDependencyGeneratePcm arm64 /Users/factoreal/Downloads/yaam/build/CleanDerivedData/ModuleCache.noindex/Foundation-2NGNVFE5Y4DXGI9FAMJ9LWSN5.pcm

SwiftExplicitDependencyGeneratePcm arm64 /Users/factoreal/Downloads/yaam/build/CleanDerivedData/ModuleCache.noindex/CoreData-DNYZD38TI2X01Q9SPD4YS3ZM5.pcm

SwiftExplicitDependencyGeneratePcm arm64 /Users/factoreal/Downloads/yaam/build/CleanDerivedData/ModuleCache.noindex/CoreTransferable-9KVXP46WUHU9USND0GHRUGV6U.pcm

SwiftExplicitDependencyGeneratePcm arm64 /Users/factoreal/Downloads/yaam/build/CleanDerivedData/ModuleCache.noindex/Network-1AGMV2U6VB2TODVPUXBN1X848.pcm

SwiftExplicitDependencyGeneratePcm arm64 /Users/factoreal/Downloads/yaam/build/CleanDerivedData/ModuleCache.noindex/CoreMIDI-A0LM1QJ4PQXDS4J4BT5S7SM79.pcm

SwiftExplicitDependencyGeneratePcm arm64 /Users/factoreal/Downloads/yaam/build/CleanDerivedData/ModuleCache.noindex/_LocationEssentials-17ZS4CQGI26H7QJYUSSETJE6D.pcm

SwiftExplicitDependencyGeneratePcm arm64 /Users/factoreal/Downloads/yaam/build/CleanDerivedData/ModuleCache.noindex/UserNotifications-DR9NRQAG0E9LCRM2ZWOEFRJ3Q.pcm

SwiftExplicitDependencyGeneratePcm arm64 /Users/factoreal/Downloads/yaam/build/CleanDerivedData/ModuleCache.noindex/Accessibility-1CHD2KGVEHHKV0SK805QKN1MB.pcm

SwiftExplicitDependencyGeneratePcm arm64 /Users/factoreal/Downloads/yaam/build/CleanDerivedData/ModuleCache.noindex/OSLog-2XKFTYDT5LQL0NHUG74XJOH4M.pcm

SwiftExplicitDependencyGeneratePcm arm64 /Users/factoreal/Downloads/yaam/build/CleanDerivedData/ModuleCache.noindex/ModelIO-DLFZ6C2ZVC0KGUXU7M80O9LWQ.pcm

SwiftExplicitDependencyGeneratePcm arm64 /Users/factoreal/Downloads/yaam/build/CleanDerivedData/ModuleCache.noindex/IOSurface-1PDJ7MUGUAWGK1QQGSMEB683E.pcm

SwiftExplicitDependencyGeneratePcm arm64 /Users/factoreal/Downloads/yaam/build/CleanDerivedData/ModuleCache.noindex/JavaScriptCore-6S5PUXJ63RM7FWM74ZDF240XT.pcm

SwiftExplicitDependencyGeneratePcm arm64 /Users/factoreal/Downloads/yaam/build/CleanDerivedData/ModuleCache.noindex/LocalAuthentication-AFCMMZ5Q7GS58GUIRBHLSKAQD.pcm

SwiftExplicitDependencyGeneratePcm arm64 /Users/factoreal/Downloads/yaam/build/CleanDerivedData/ModuleCache.noindex/ApplicationServices-C90601FMFL2X1XFBXN89LS2I9.pcm

SwiftExplicitDependencyGeneratePcm arm64 /Users/factoreal/Downloads/yaam/build/CleanDerivedData/ModuleCache.noindex/DataDetection-2I8F7A1DE6B6KNKG49MNUXK69.pcm

SwiftExplicitDependencyGeneratePcm arm64 /Users/factoreal/Downloads/yaam/build/CleanDerivedData/ModuleCache.noindex/RelevanceKit-8OWT708O2P0I4W7O1MEZCXA8J.pcm

SwiftExplicitDependencyGeneratePcm arm64 /Users/factoreal/Downloads/yaam/build/CleanDerivedData/ModuleCache.noindex/CoreLocation-DTJZ923BCIICCCJM3LIFOH4G4.pcm

SwiftExplicitDependencyGeneratePcm arm64 /Users/factoreal/Downloads/yaam/build/CleanDerivedData/ModuleCache.noindex/CoreAudio-9UE4GSEESGFBUIQ4EEYOGI93U.pcm

SwiftExplicitDependencyGeneratePcm arm64 /Users/factoreal/Downloads/yaam/build/CleanDerivedData/ModuleCache.noindex/AppIntents-A33TQY1OR16FPE7ZCMN6J7IP6.pcm

SwiftExplicitDependencyGeneratePcm arm64 /Users/factoreal/Downloads/yaam/build/CleanDerivedData/ModuleCache.noindex/UniformTypeIdentifiers-BF3EW8OUTTOHV7DUKT1AIUVP5.pcm

SwiftExplicitDependencyGeneratePcm arm64 /Users/factoreal/Downloads/yaam/build/CleanDerivedData/ModuleCache.noindex/Symbols-C42IOQTCU0SP7JMNV047SY324.pcm

SwiftExplicitDependencyGeneratePcm arm64 /Users/factoreal/Downloads/yaam/build/CleanDerivedData/ModuleCache.noindex/Metal-5X1TQA119MYE0PZFKWM44O556.pcm

SwiftExplicitDependencyGeneratePcm arm64 /Users/factoreal/Downloads/yaam/build/CleanDerivedData/ModuleCache.noindex/CoreSpotlight-BXRCM461OFPBCIMNVPU7COSM5.pcm

SwiftExplicitDependencyGeneratePcm arm64 /Users/factoreal/Downloads/yaam/build/CleanDerivedData/ModuleCache.noindex/Carbon-3GKMW1DVPY3YQNHIGTSUAC19.pcm

SwiftExplicitDependencyGeneratePcm arm64 /Users/factoreal/Downloads/yaam/build/CleanDerivedData/ModuleCache.noindex/CoreVideo-DHW3TEPWK1KQDY28J2R7NLDOF.pcm

SwiftExplicitDependencyGeneratePcm arm64 /Users/factoreal/Downloads/yaam/build/CleanDerivedData/ModuleCache.noindex/AudioToolbox-CK0D5WPC71HU36SPY201Q23SK.pcm

SwiftExplicitDependencyGeneratePcm arm64 /Users/factoreal/Downloads/yaam/build/CleanDerivedData/ModuleCache.noindex/CoreImage-4FPOG9BDLWWEJWMXBWR6L7WF8.pcm

SwiftExplicitDependencyGeneratePcm arm64 /Users/factoreal/Downloads/yaam/build/CleanDerivedData/ModuleCache.noindex/CoreMedia-5I7RJJBYXQTJKOGZU9FTEUJ0A.pcm

SwiftExplicitDependencyGeneratePcm arm64 /Users/factoreal/Downloads/yaam/build/CleanDerivedData/ModuleCache.noindex/QuartzCore-7PEAYLGQNOQPL3GJXNN7WBGB0.pcm

SwiftExplicitDependencyGeneratePcm arm64 /Users/factoreal/Downloads/yaam/build/CleanDerivedData/ModuleCache.noindex/Accelerate-DFHGGWVBER81C1GB7BAJL97HH.pcm

SwiftExplicitDependencyGeneratePcm arm64 /Users/factoreal/Downloads/yaam/build/CleanDerivedData/ModuleCache.noindex/CoreML-CJ4UILR2ILTAY243AKVEGDNDC.pcm

SwiftExplicitDependencyGeneratePcm arm64 /Users/factoreal/Downloads/yaam/build/CleanDerivedData/ModuleCache.noindex/SwiftUICore-2CGD9BNLF1C1QJ5P7QTCI7BG7.pcm

SwiftExplicitDependencyGeneratePcm arm64 /Users/factoreal/Downloads/yaam/build/CleanDerivedData/ModuleCache.noindex/Vision-804DCBBJ5H6P7PG8X73PZKLOK.pcm

SwiftExplicitDependencyGeneratePcm arm64 /Users/factoreal/Downloads/yaam/build/CleanDerivedData/ModuleCache.noindex/AppKit-1XZGPR4XBLLXQE9ZIAS7Y6UZ2.pcm

SwiftExplicitDependencyGeneratePcm arm64 /Users/factoreal/Downloads/yaam/build/CleanDerivedData/ModuleCache.noindex/AVFAudio-E4WENI9XZKWDRNEQBQX6YDQKI.pcm

SwiftExplicitDependencyGeneratePcm arm64 /Users/factoreal/Downloads/yaam/build/CleanDerivedData/ModuleCache.noindex/MediaToolbox-2EVNC88CF4GKM9TWBHRMSWQEC.pcm

SwiftExplicitDependencyGeneratePcm arm64 /Users/factoreal/Downloads/yaam/build/CleanDerivedData/ModuleCache.noindex/AVFoundation-9AVSHWNS4X7680VMXJXZUU7P7.pcm

SwiftExplicitDependencyGeneratePcm arm64 /Users/factoreal/Downloads/yaam/build/CleanDerivedData/ModuleCache.noindex/MapKit-8N8K7FJV9PG3AU7DFMFGAF877.pcm

SwiftExplicitDependencyGeneratePcm arm64 /Users/factoreal/Downloads/yaam/build/CleanDerivedData/ModuleCache.noindex/Cocoa-D4VVNTB1NXFCHA4ANRDEI06JC.pcm

SwiftExplicitDependencyGeneratePcm arm64 /Users/factoreal/Downloads/yaam/build/CleanDerivedData/ModuleCache.noindex/GLKit-72OQ3154E8URZJF8KLV7UWY6B.pcm

SwiftExplicitDependencyGeneratePcm arm64 /Users/factoreal/Downloads/yaam/build/CleanDerivedData/ModuleCache.noindex/SwiftUI-38GGYFD8P6KQWHSLTXE8RNM0W.pcm

SwiftExplicitDependencyGeneratePcm arm64 /Users/factoreal/Downloads/yaam/build/CleanDerivedData/ModuleCache.noindex/WebKit-EVUE7IDVLMAEATDLJDTCTNWWB.pcm

SwiftExplicitDependencyGeneratePcm arm64 /Users/factoreal/Downloads/yaam/build/CleanDerivedData/ModuleCache.noindex/PDFKit-DZO09P114T20MPQGCUMCBUM01.pcm

SwiftExplicitDependencyGeneratePcm arm64 /Users/factoreal/Downloads/yaam/build/CleanDerivedData/ModuleCache.noindex/SceneKit-C747ZTZVSPTKT3I3EUQ68AXBE.pcm

SwiftEmitModule normal arm64 Emitting\ module\ for\ YAAM (in target 'YAAM' from project 'YAAM')
EmitSwiftModule normal arm64 (in target 'YAAM' from project 'YAAM')
    cd /Users/factoreal/Downloads/yaam
    

SwiftCompile normal arm64 Compiling\ RoverModeEngine.swift,\ RoverModePillView.swift,\ RTTYCrossedEllipsesScopeView.swift,\ SatelliteTrackingEngine.swift,\ SDOSolarImageEngine.swift,\ SDRControlMergeEngine.swift,\ SerialKeyerDriver.swift,\ SerialPortService.swift,\ SettingsView.swift,\ ShackClockEngine.swift,\ SixMeterPropagationEngine.swift,\ SixMeterWatchView.swift,\ SpotArchiveDatabase.swift,\ SpotArchiveView.swift /Users/factoreal/Downloads/yaam/YAAM/RoverModeEngine.swift /Users/factoreal/Downloads/yaam/YAAM/RoverModePillView.swift /Users/factoreal/Downloads/yaam/YAAM/RTTYCrossedEllipsesScopeView.swift /Users/factoreal/Downloads/yaam/YAAM/SatelliteTrackingEngine.swift /Users/factoreal/Downloads/yaam/YAAM/SDOSolarImageEngine.swift /Users/factoreal/Downloads/yaam/YAAM/SDRControlMergeEngine.swift /Users/factoreal/Downloads/yaam/YAAM/SerialKeyerDriver.swift /Users/factoreal/Downloads/yaam/YAAM/SerialPortService.swift /Users/factoreal/Downloads/yaam/YAAM/SettingsView.swift /Users/factoreal/Downloads/yaam/YAAM/ShackClockEngine.swift /Users/factoreal/Downloads/yaam/YAAM/SixMeterPropagationEngine.swift /Users/factoreal/Downloads/yaam/YAAM/SixMeterWatchView.swift /Users/factoreal/Downloads/yaam/YAAM/SpotArchiveDatabase.swift /Users/factoreal/Downloads/yaam/YAAM/SpotArchiveView.swift (in target 'YAAM' from project 'YAAM')
SwiftCompile normal arm64 /Users/factoreal/Downloads/yaam/YAAM/RoverModeEngine.swift (in target 'YAAM' from project 'YAAM')
    cd /Users/factoreal/Downloads/yaam
    

SwiftCompile normal arm64 /Users/factoreal/Downloads/yaam/YAAM/RoverModePillView.swift (in target 'YAAM' from project 'YAAM')
    cd /Users/factoreal/Downloads/yaam
    

SwiftCompile normal arm64 /Users/factoreal/Downloads/yaam/YAAM/RTTYCrossedEllipsesScopeView.swift (in target 'YAAM' from project 'YAAM')
    cd /Users/factoreal/Downloads/yaam
    

SwiftCompile normal arm64 /Users/factoreal/Downloads/yaam/YAAM/SatelliteTrackingEngine.swift (in target 'YAAM' from project 'YAAM')
    cd /Users/factoreal/Downloads/yaam
    

SwiftCompile normal arm64 /Users/factoreal/Downloads/yaam/YAAM/SDOSolarImageEngine.swift (in target 'YAAM' from project 'YAAM')
    cd /Users/factoreal/Downloads/yaam
    

SwiftCompile normal arm64 /Users/factoreal/Downloads/yaam/YAAM/SDRControlMergeEngine.swift (in target 'YAAM' from project 'YAAM')
    cd /Users/factoreal/Downloads/yaam
    

SwiftCompile normal arm64 /Users/factoreal/Downloads/yaam/YAAM/SerialKeyerDriver.swift (in target 'YAAM' from project 'YAAM')
    cd /Users/factoreal/Downloads/yaam
    

SwiftCompile normal arm64 /Users/factoreal/Downloads/yaam/YAAM/SerialPortService.swift (in target 'YAAM' from project 'YAAM')
    cd /Users/factoreal/Downloads/yaam
    

SwiftCompile normal arm64 /Users/factoreal/Downloads/yaam/YAAM/SettingsView.swift (in target 'YAAM' from project 'YAAM')
    cd /Users/factoreal/Downloads/yaam
    

SwiftCompile normal arm64 /Users/factoreal/Downloads/yaam/YAAM/ShackClockEngine.swift (in target 'YAAM' from project 'YAAM')
    cd /Users/factoreal/Downloads/yaam
    

SwiftCompile normal arm64 /Users/factoreal/Downloads/yaam/YAAM/SixMeterPropagationEngine.swift (in target 'YAAM' from project 'YAAM')
    cd /Users/factoreal/Downloads/yaam
    

SwiftCompile normal arm64 /Users/factoreal/Downloads/yaam/YAAM/SixMeterWatchView.swift (in target 'YAAM' from project 'YAAM')
    cd /Users/factoreal/Downloads/yaam
    

SwiftCompile normal arm64 /Users/factoreal/Downloads/yaam/YAAM/SpotArchiveDatabase.swift (in target 'YAAM' from project 'YAAM')
    cd /Users/factoreal/Downloads/yaam
    

SwiftCompile normal arm64 /Users/factoreal/Downloads/yaam/YAAM/SpotArchiveView.swift (in target 'YAAM' from project 'YAAM')
    cd /Users/factoreal/Downloads/yaam
    

SwiftCompile normal arm64 Compiling\ QSLLabelEngine.swift,\ QSLSyncEngine.swift,\ QSOIdentity.swift,\ QSOMetadataFormatter.swift,\ RadioContestViews.swift,\ RankEnrichment.swift,\ ResizablePresentation.swift,\ RigControlClient.swift,\ RigControlEngine.swift,\ RigControlToolbarView.swift,\ RotatorControlEngine.swift,\ RotatorService.swift,\ RotatorToolbarWidgetView.swift,\ RoverModeControlSheet.swift /Users/factoreal/Downloads/yaam/YAAM/QSLLabelEngine.swift /Users/factoreal/Downloads/yaam/YAAM/QSLSyncEngine.swift /Users/factoreal/Downloads/yaam/YAAM/QSOIdentity.swift /Users/factoreal/Downloads/yaam/YAAM/QSOMetadataFormatter.swift /Users/factoreal/Downloads/yaam/YAAM/RadioContestViews.swift /Users/factoreal/Downloads/yaam/YAAM/RankEnrichment.swift /Users/factoreal/Downloads/yaam/YAAM/ResizablePresentation.swift /Users/factoreal/Downloads/yaam/YAAM/RigControlClient.swift /Users/factoreal/Downloads/yaam/YAAM/RigControlEngine.swift /Users/factoreal/Downloads/yaam/YAAM/RigControlToolbarView.swift /Users/factoreal/Downloads/yaam/YAAM/RotatorControlEngine.swift /Users/factoreal/Downloads/yaam/YAAM/RotatorService.swift /Users/factoreal/Downloads/yaam/YAAM/RotatorToolbarWidgetView.swift /Users/factoreal/Downloads/yaam/YAAM/RoverModeControlSheet.swift (in target 'YAAM' from project 'YAAM')

SwiftCompile normal arm64 /Users/factoreal/Downloads/yaam/YAAM/QSLLabelEngine.swift (in target 'YAAM' from project 'YAAM')
    cd /Users/factoreal/Downloads/yaam
    

SwiftCompile normal arm64 /Users/factoreal/Downloads/yaam/YAAM/QSLSyncEngine.swift (in target 'YAAM' from project 'YAAM')
    cd /Users/factoreal/Downloads/yaam
    

SwiftCompile normal arm64 /Users/factoreal/Downloads/yaam/YAAM/QSOIdentity.swift (in target 'YAAM' from project 'YAAM')
    cd /Users/factoreal/Downloads/yaam
    

SwiftCompile normal arm64 /Users/factoreal/Downloads/yaam/YAAM/QSOMetadataFormatter.swift (in target 'YAAM' from project 'YAAM')
    cd /Users/factoreal/Downloads/yaam
    

SwiftCompile normal arm64 /Users/factoreal/Downloads/yaam/YAAM/RadioContestViews.swift (in target 'YAAM' from project 'YAAM')
    cd /Users/factoreal/Downloads/yaam
    

SwiftCompile normal arm64 /Users/factoreal/Downloads/yaam/YAAM/RankEnrichment.swift (in target 'YAAM' from project 'YAAM')
    cd /Users/factoreal/Downloads/yaam
    

SwiftCompile normal arm64 /Users/factoreal/Downloads/yaam/YAAM/ResizablePresentation.swift (in target 'YAAM' from project 'YAAM')
    cd /Users/factoreal/Downloads/yaam
    

SwiftCompile normal arm64 /Users/factoreal/Downloads/yaam/YAAM/RigControlClient.swift (in target 'YAAM' from project 'YAAM')
    cd /Users/factoreal/Downloads/yaam
    

SwiftCompile normal arm64 /Users/factoreal/Downloads/yaam/YAAM/RigControlEngine.swift (in target 'YAAM' from project 'YAAM')
    cd /Users/factoreal/Downloads/yaam
    

SwiftCompile normal arm64 /Users/factoreal/Downloads/yaam/YAAM/RigControlToolbarView.swift (in target 'YAAM' from project 'YAAM')
    cd /Users/factoreal/Downloads/yaam
    

SwiftCompile normal arm64 /Users/factoreal/Downloads/yaam/YAAM/RotatorControlEngine.swift (in target 'YAAM' from project 'YAAM')
    cd /Users/factoreal/Downloads/yaam
    

SwiftCompile normal arm64 /Users/factoreal/Downloads/yaam/YAAM/RotatorService.swift (in target 'YAAM' from project 'YAAM')
    cd /Users/factoreal/Downloads/yaam
    

SwiftCompile normal arm64 /Users/factoreal/Downloads/yaam/YAAM/RotatorToolbarWidgetView.swift (in target 'YAAM' from project 'YAAM')
    cd /Users/factoreal/Downloads/yaam
    

SwiftCompile normal arm64 /Users/factoreal/Downloads/yaam/YAAM/RoverModeControlSheet.swift (in target 'YAAM' from project 'YAAM')
    cd /Users/factoreal/Downloads/yaam
    

SwiftCompile normal arm64 Compiling\ TCIControlView.swift,\ TodayConfirmedQSLDispatchView.swift,\ TQSLService.swift,\ VisualAnalyticsView.swift,\ WavelogClient.swift,\ WavelogSyncEngine.swift,\ WinKeyerDriver.swift,\ WinKeyerView.swift,\ WorldVectorGeography.swift,\ WSJTXListener.swift,\ WSJTXLiveStreamView.swift,\ YAAMApp.swift,\ ZeroClickCloudUploadDaemon.swift,\ GeneratedAssetSymbols.swift /Users/factoreal/Downloads/yaam/YAAM/TCIControlView.swift /Users/factoreal/Downloads/yaam/YAAM/TodayConfirmedQSLDispatchView.swift /Users/factoreal/Downloads/yaam/YAAM/TQSLService.swift /Users/factoreal/Downloads/yaam/YAAM/VisualAnalyticsView.swift /Users/factoreal/Downloads/yaam/YAAM/WavelogClient.swift /Users/factoreal/Downloads/yaam/YAAM/WavelogSyncEngine.swift /Users/factoreal/Downloads/yaam/YAAM/WinKeyerDriver.swift /Users/factoreal/Downloads/yaam/YAAM/WinKeyerView.swift /Users/factoreal/Downloads/yaam/YAAM/WorldVectorGeography.swift /Users/factoreal/Downloads/yaam/YAAM/WSJTXListener.swift /Users/factoreal/Downloads/yaam/YAAM/WSJTXLiveStreamView.swift /Users/factoreal/Downloads/yaam/YAAM/YAAMApp.swift /Users/factoreal/Downloads/yaam/YAAM/ZeroClickCloudUploadDaemon.swift /Users/factoreal/Downloads/yaam/build/CleanDerivedData/Build/Intermediates.noindex/YAAM.build/Debug/YAAM.build/DerivedSources/GeneratedAssetSymbols.swift (in target 'YAAM' from project 'YAAM')

SwiftCompile normal arm64 /Users/factoreal/Downloads/yaam/YAAM/TCIControlView.swift (in target 'YAAM' from project 'YAAM')
    cd /Users/factoreal/Downloads/yaam
    

SwiftCompile normal arm64 /Users/factoreal/Downloads/yaam/YAAM/TodayConfirmedQSLDispatchView.swift (in target 'YAAM' from project 'YAAM')
    cd /Users/factoreal/Downloads/yaam
    

SwiftCompile normal arm64 /Users/factoreal/Downloads/yaam/YAAM/TQSLService.swift (in target 'YAAM' from project 'YAAM')
    cd /Users/factoreal/Downloads/yaam
    

SwiftCompile normal arm64 /Users/factoreal/Downloads/yaam/YAAM/VisualAnalyticsView.swift (in target 'YAAM' from project 'YAAM')
    cd /Users/factoreal/Downloads/yaam
    

SwiftCompile normal arm64 /Users/factoreal/Downloads/yaam/YAAM/WavelogClient.swift (in target 'YAAM' from project 'YAAM')
    cd /Users/factoreal/Downloads/yaam
    

SwiftCompile normal arm64 /Users/factoreal/Downloads/yaam/YAAM/WavelogSyncEngine.swift (in target 'YAAM' from project 'YAAM')
    cd /Users/factoreal/Downloads/yaam
    

SwiftCompile normal arm64 /Users/factoreal/Downloads/yaam/YAAM/WinKeyerDriver.swift (in target 'YAAM' from project 'YAAM')
    cd /Users/factoreal/Downloads/yaam
    

SwiftCompile normal arm64 /Users/factoreal/Downloads/yaam/YAAM/WinKeyerView.swift (in target 'YAAM' from project 'YAAM')
    cd /Users/factoreal/Downloads/yaam
    

SwiftCompile normal arm64 /Users/factoreal/Downloads/yaam/YAAM/WorldVectorGeography.swift (in target 'YAAM' from project 'YAAM')
    cd /Users/factoreal/Downloads/yaam
    

SwiftCompile normal arm64 /Users/factoreal/Downloads/yaam/YAAM/WSJTXListener.swift (in target 'YAAM' from project 'YAAM')
    cd /Users/factoreal/Downloads/yaam
    

SwiftCompile normal arm64 /Users/factoreal/Downloads/yaam/YAAM/WSJTXLiveStreamView.swift (in target 'YAAM' from project 'YAAM')
    cd /Users/factoreal/Downloads/yaam
    

SwiftCompile normal arm64 /Users/factoreal/Downloads/yaam/YAAM/YAAMApp.swift (in target 'YAAM' from project 'YAAM')
    cd /Users/factoreal/Downloads/yaam
    

SwiftCompile normal arm64 /Users/factoreal/Downloads/yaam/YAAM/ZeroClickCloudUploadDaemon.swift (in target 'YAAM' from project 'YAAM')
    cd /Users/factoreal/Downloads/yaam
    

SwiftCompile normal arm64 /Users/factoreal/Downloads/yaam/build/CleanDerivedData/Build/Intermediates.noindex/YAAM.build/Debug/YAAM.build/DerivedSources/GeneratedAssetSymbols.swift (in target 'YAAM' from project 'YAAM')
    cd /Users/factoreal/Downloads/yaam
    

SwiftCompile normal arm64 Compiling\ IcomNetworkServer.swift,\ ImportReview.swift,\ ImportReviewView.swift,\ JS8Engine.swift,\ JS8StationView.swift,\ KeychainStore.swift,\ LeaderboardView.swift,\ LocalActivityMatrixView.swift,\ LocalClusterServer.swift,\ LogbookDatabase.swift,\ LogExportEngine.swift,\ LogFileReader.swift,\ LogSearchEngine.swift,\ LogTableView.swift /Users/factoreal/Downloads/yaam/YAAM/IcomNetworkServer.swift /Users/factoreal/Downloads/yaam/YAAM/ImportReview.swift /Users/factoreal/Downloads/yaam/YAAM/ImportReviewView.swift /Users/factoreal/Downloads/yaam/YAAM/JS8Engine.swift /Users/factoreal/Downloads/yaam/YAAM/JS8StationView.swift /Users/factoreal/Downloads/yaam/YAAM/KeychainStore.swift /Users/factoreal/Downloads/yaam/YAAM/LeaderboardView.swift /Users/factoreal/Downloads/yaam/YAAM/LocalActivityMatrixView.swift /Users/factoreal/Downloads/yaam/YAAM/LocalClusterServer.swift /Users/factoreal/Downloads/yaam/YAAM/LogbookDatabase.swift /Users/factoreal/Downloads/yaam/YAAM/LogExportEngine.swift /Users/factoreal/Downloads/yaam/YAAM/LogFileReader.swift /Users/factoreal/Downloads/yaam/YAAM/LogSearchEngine.swift /Users/factoreal/Downloads/yaam/YAAM/LogTableView.swift (in target 'YAAM' from project 'YAAM')
SwiftCompile normal arm64 /Users/factoreal/Downloads/yaam/YAAM/IcomNetworkServer.swift (in target 'YAAM' from project 'YAAM')
    cd /Users/factoreal/Downloads/yaam
    

SwiftCompile normal arm64 /Users/factoreal/Downloads/yaam/YAAM/ImportReview.swift (in target 'YAAM' from project 'YAAM')
    cd /Users/factoreal/Downloads/yaam
    

SwiftCompile normal arm64 /Users/factoreal/Downloads/yaam/YAAM/ImportReviewView.swift (in target 'YAAM' from project 'YAAM')
    cd /Users/factoreal/Downloads/yaam
    

SwiftCompile normal arm64 /Users/factoreal/Downloads/yaam/YAAM/JS8Engine.swift (in target 'YAAM' from project 'YAAM')
    cd /Users/factoreal/Downloads/yaam
    
/Users/factoreal/Downloads/yaam/YAAM/JS8Engine.swift:139:33: warning: main actor-isolated property 'speed' can not be referenced from a Sendable closure
            let duration = self.speed.frameSeconds
                                ^
/Users/factoreal/Downloads/yaam/YAAM/JS8Engine.swift:96:27: note: property declared here
    @Published public var speed: JS8Speed = .normal
                          ^
/Users/factoreal/Downloads/yaam/YAAM/JS8Engine.swift:141:18: warning: main actor-isolated property 'slotProgress' can not be mutated from a Sendable closure
            self.slotProgress = elapsed / duration
                 ^
/Users/factoreal/Downloads/yaam/YAAM/JS8Engine.swift:104:27: note: mutation of this property is only permitted within the actor
    @Published public var slotProgress: Double = 0.0
                          ^
/Users/factoreal/Downloads/yaam/YAAM/JS8Engine.swift:142:18: warning: main actor-isolated property 'secondsRemaining' can not be mutated from a Sendable closure
            self.secondsRemaining = duration - elapsed
                 ^
/Users/factoreal/Downloads/yaam/YAAM/JS8Engine.swift:105:27: note: mutation of this property is only permitted within the actor
    @Published public var secondsRemaining: Double = 15.0
                          ^
/Users/factoreal/Downloads/yaam/YAAM/JS8Engine.swift:276:28: warning: consider using asynchronous alternative function
                    player.scheduleBuffer(buffer) { continuation.resume() }
                           ^
AVFAudio.AVAudioPlayerNode.scheduleBuffer:2:11: note: 'scheduleBuffer' declared here
open func scheduleBuffer(_ buffer: AVAudioPCMBuffer) async}
          ^

SwiftCompile normal arm64 /Users/factoreal/Downloads/yaam/YAAM/JS8StationView.swift (in target 'YAAM' from project 'YAAM')
    cd /Users/factoreal/Downloads/yaam
    

SwiftCompile normal arm64 /Users/factoreal/Downloads/yaam/YAAM/KeychainStore.swift (in target 'YAAM' from project 'YAAM')
    cd /Users/factoreal/Downloads/yaam
    

SwiftCompile normal arm64 /Users/factoreal/Downloads/yaam/YAAM/LeaderboardView.swift (in target 'YAAM' from project 'YAAM')
    cd /Users/factoreal/Downloads/yaam
    

SwiftCompile normal arm64 /Users/factoreal/Downloads/yaam/YAAM/LocalActivityMatrixView.swift (in target 'YAAM' from project 'YAAM')
    cd /Users/factoreal/Downloads/yaam
    

SwiftCompile normal arm64 /Users/factoreal/Downloads/yaam/YAAM/LocalClusterServer.swift (in target 'YAAM' from project 'YAAM')
    cd /Users/factoreal/Downloads/yaam
    

SwiftCompile normal arm64 /Users/factoreal/Downloads/yaam/YAAM/LogbookDatabase.swift (in target 'YAAM' from project 'YAAM')
    cd /Users/factoreal/Downloads/yaam
    

SwiftCompile normal arm64 /Users/factoreal/Downloads/yaam/YAAM/LogExportEngine.swift (in target 'YAAM' from project 'YAAM')
    cd /Users/factoreal/Downloads/yaam
    

SwiftCompile normal arm64 /Users/factoreal/Downloads/yaam/YAAM/LogFileReader.swift (in target 'YAAM' from project 'YAAM')
    cd /Users/factoreal/Downloads/yaam
    

SwiftCompile normal arm64 /Users/factoreal/Downloads/yaam/YAAM/LogSearchEngine.swift (in target 'YAAM' from project 'YAAM')
    cd /Users/factoreal/Downloads/yaam
    

SwiftCompile normal arm64 /Users/factoreal/Downloads/yaam/YAAM/LogTableView.swift (in target 'YAAM' from project 'YAAM')
    cd /Users/factoreal/Downloads/yaam
    

SwiftCompile normal arm64 Compiling\ DuplicateReviewView.swift,\ DXAdvisorView.swift,\ DXCCDatabase.swift,\ DXClusterClient.swift,\ DXNewsAndIntelligenceView.swift,\ DXpeditionService.swift,\ EQSLCardModalView.swift,\ EQSLService.swift,\ FeedbackView.swift,\ FilterSheetView.swift,\ FLRigClient.swift,\ FT8EngineService.swift,\ FT8StationView.swift,\ Globe3DMapView.swift /Users/factoreal/Downloads/yaam/YAAM/DuplicateReviewView.swift /Users/factoreal/Downloads/yaam/YAAM/DXAdvisorView.swift /Users/factoreal/Downloads/yaam/YAAM/DXCCDatabase.swift /Users/factoreal/Downloads/yaam/YAAM/DXClusterClient.swift /Users/factoreal/Downloads/yaam/YAAM/DXNewsAndIntelligenceView.swift /Users/factoreal/Downloads/yaam/YAAM/DXpeditionService.swift /Users/factoreal/Downloads/yaam/YAAM/EQSLCardModalView.swift /Users/factoreal/Downloads/yaam/YAAM/EQSLService.swift /Users/factoreal/Downloads/yaam/YAAM/FeedbackView.swift /Users/factoreal/Downloads/yaam/YAAM/FilterSheetView.swift /Users/factoreal/Downloads/yaam/YAAM/FLRigClient.swift /Users/factoreal/Downloads/yaam/YAAM/FT8EngineService.swift /Users/factoreal/Downloads/yaam/YAAM/FT8StationView.swift /Users/factoreal/Downloads/yaam/YAAM/Globe3DMapView.swift (in target 'YAAM' from project 'YAAM')

SwiftCompile normal arm64 /Users/factoreal/Downloads/yaam/YAAM/DuplicateReviewView.swift (in target 'YAAM' from project 'YAAM')
    cd /Users/factoreal/Downloads/yaam
    

SwiftCompile normal arm64 /Users/factoreal/Downloads/yaam/YAAM/DXAdvisorView.swift (in target 'YAAM' from project 'YAAM')
    cd /Users/factoreal/Downloads/yaam
    

SwiftCompile normal arm64 /Users/factoreal/Downloads/yaam/YAAM/DXCCDatabase.swift (in target 'YAAM' from project 'YAAM')
    cd /Users/factoreal/Downloads/yaam
    

SwiftCompile normal arm64 /Users/factoreal/Downloads/yaam/YAAM/DXClusterClient.swift (in target 'YAAM' from project 'YAAM')
    cd /Users/factoreal/Downloads/yaam
    

SwiftCompile normal arm64 /Users/factoreal/Downloads/yaam/YAAM/DXNewsAndIntelligenceView.swift (in target 'YAAM' from project 'YAAM')
    cd /Users/factoreal/Downloads/yaam
    

SwiftCompile normal arm64 /Users/factoreal/Downloads/yaam/YAAM/DXpeditionService.swift (in target 'YAAM' from project 'YAAM')
    cd /Users/factoreal/Downloads/yaam
    

SwiftCompile normal arm64 /Users/factoreal/Downloads/yaam/YAAM/EQSLCardModalView.swift (in target 'YAAM' from project 'YAAM')
    cd /Users/factoreal/Downloads/yaam
    

SwiftCompile normal arm64 /Users/factoreal/Downloads/yaam/YAAM/EQSLService.swift (in target 'YAAM' from project 'YAAM')
    cd /Users/factoreal/Downloads/yaam
    

SwiftCompile normal arm64 /Users/factoreal/Downloads/yaam/YAAM/FeedbackView.swift (in target 'YAAM' from project 'YAAM')
    cd /Users/factoreal/Downloads/yaam
    

SwiftCompile normal arm64 /Users/factoreal/Downloads/yaam/YAAM/FilterSheetView.swift (in target 'YAAM' from project 'YAAM')
    cd /Users/factoreal/Downloads/yaam
    

SwiftCompile normal arm64 /Users/factoreal/Downloads/yaam/YAAM/FLRigClient.swift (in target 'YAAM' from project 'YAAM')
    cd /Users/factoreal/Downloads/yaam
    

SwiftCompile normal arm64 /Users/factoreal/Downloads/yaam/YAAM/FT8EngineService.swift (in target 'YAAM' from project 'YAAM')
    cd /Users/factoreal/Downloads/yaam
    

SwiftCompile normal arm64 /Users/factoreal/Downloads/yaam/YAAM/FT8StationView.swift (in target 'YAAM' from project 'YAAM')
    cd /Users/factoreal/Downloads/yaam
    

SwiftCompile normal arm64 /Users/factoreal/Downloads/yaam/YAAM/Globe3DMapView.swift (in target 'YAAM' from project 'YAAM')
    cd /Users/factoreal/Downloads/yaam
    

SwiftCompile normal arm64 Compiling\ SpotterDistanceEngine.swift,\ SSTVEngine.swift,\ SSTVStudioView.swift,\ StationProfile.swift,\ StationProfilesSettingsView.swift,\ StationWeatherRadarView.swift,\ StationWeatherSafetyEngine.swift,\ StatisticsView.swift,\ SuperCheckPartialEngine.swift,\ SyntheticRFSignalEngine.swift,\ TableColumnPolicy.swift,\ TacticalBandAdvisor.swift,\ TacticalPilotHUDView.swift,\ TCIClient.swift /Users/factoreal/Downloads/yaam/YAAM/SpotterDistanceEngine.swift /Users/factoreal/Downloads/yaam/YAAM/SSTVEngine.swift /Users/factoreal/Downloads/yaam/YAAM/SSTVStudioView.swift /Users/factoreal/Downloads/yaam/YAAM/StationProfile.swift /Users/factoreal/Downloads/yaam/YAAM/StationProfilesSettingsView.swift /Users/factoreal/Downloads/yaam/YAAM/StationWeatherRadarView.swift /Users/factoreal/Downloads/yaam/YAAM/StationWeatherSafetyEngine.swift /Users/factoreal/Downloads/yaam/YAAM/StatisticsView.swift /Users/factoreal/Downloads/yaam/YAAM/SuperCheckPartialEngine.swift /Users/factoreal/Downloads/yaam/YAAM/SyntheticRFSignalEngine.swift /Users/factoreal/Downloads/yaam/YAAM/TableColumnPolicy.swift /Users/factoreal/Downloads/yaam/YAAM/TacticalBandAdvisor.swift /Users/factoreal/Downloads/yaam/YAAM/TacticalPilotHUDView.swift /Users/factoreal/Downloads/yaam/YAAM/TCIClient.swift (in target 'YAAM' from project 'YAAM')
SwiftCompile normal arm64 /Users/factoreal/Downloads/yaam/YAAM/SpotterDistanceEngine.swift (in target 'YAAM' from project 'YAAM')
    cd /Users/factoreal/Downloads/yaam
    

SwiftCompile normal arm64 /Users/factoreal/Downloads/yaam/YAAM/SSTVEngine.swift (in target 'YAAM' from project 'YAAM')
    cd /Users/factoreal/Downloads/yaam
    
/Users/factoreal/Downloads/yaam/YAAM/SSTVEngine.swift:400:28: warning: consider using asynchronous alternative function
                    player.scheduleBuffer(buffer) { continuation.resume() }
                           ^
AVFAudio.AVAudioPlayerNode.scheduleBuffer:2:11: note: 'scheduleBuffer' declared here
open func scheduleBuffer(_ buffer: AVAudioPCMBuffer) async}
          ^

SwiftCompile normal arm64 /Users/factoreal/Downloads/yaam/YAAM/SSTVStudioView.swift (in target 'YAAM' from project 'YAAM')
    cd /Users/factoreal/Downloads/yaam
    

SwiftCompile normal arm64 /Users/factoreal/Downloads/yaam/YAAM/StationProfile.swift (in target 'YAAM' from project 'YAAM')
    cd /Users/factoreal/Downloads/yaam
    

SwiftCompile normal arm64 /Users/factoreal/Downloads/yaam/YAAM/StationProfilesSettingsView.swift (in target 'YAAM' from project 'YAAM')
    cd /Users/factoreal/Downloads/yaam
    

SwiftCompile normal arm64 /Users/factoreal/Downloads/yaam/YAAM/StationWeatherRadarView.swift (in target 'YAAM' from project 'YAAM')
    cd /Users/factoreal/Downloads/yaam
    

SwiftCompile normal arm64 /Users/factoreal/Downloads/yaam/YAAM/StationWeatherSafetyEngine.swift (in target 'YAAM' from project 'YAAM')
    cd /Users/factoreal/Downloads/yaam
    

SwiftCompile normal arm64 /Users/factoreal/Downloads/yaam/YAAM/StatisticsView.swift (in target 'YAAM' from project 'YAAM')
    cd /Users/factoreal/Downloads/yaam
    

SwiftCompile normal arm64 /Users/factoreal/Downloads/yaam/YAAM/SuperCheckPartialEngine.swift (in target 'YAAM' from project 'YAAM')
    cd /Users/factoreal/Downloads/yaam
    

SwiftCompile normal arm64 /Users/factoreal/Downloads/yaam/YAAM/SyntheticRFSignalEngine.swift (in target 'YAAM' from project 'YAAM')
    cd /Users/factoreal/Downloads/yaam
    
/Users/factoreal/Downloads/yaam/YAAM/SyntheticRFSignalEngine.swift:441:13: warning: variable 'imagIn' was never mutated; consider changing to 'let' constant
        var imagIn = [Float](repeating: 0.0, count: fftSize)
        ~~~ ^
        let

SwiftCompile normal arm64 /Users/factoreal/Downloads/yaam/YAAM/TableColumnPolicy.swift (in target 'YAAM' from project 'YAAM')
    cd /Users/factoreal/Downloads/yaam
    

SwiftCompile normal arm64 /Users/factoreal/Downloads/yaam/YAAM/TacticalBandAdvisor.swift (in target 'YAAM' from project 'YAAM')
    cd /Users/factoreal/Downloads/yaam
    

SwiftCompile normal arm64 /Users/factoreal/Downloads/yaam/YAAM/TacticalPilotHUDView.swift (in target 'YAAM' from project 'YAAM')
    cd /Users/factoreal/Downloads/yaam
    

SwiftCompile normal arm64 /Users/factoreal/Downloads/yaam/YAAM/TCIClient.swift (in target 'YAAM' from project 'YAAM')
    cd /Users/factoreal/Downloads/yaam
    

SwiftCompile normal arm64 Compiling\ DigitalAudioAlertEngine.swift,\ DigitalAudioWaterfallView.swift,\ DigitalCallRosterEngine.swift,\ DigitalCallRosterView.swift,\ DigitalContestBandMatrixView.swift,\ DigitalContestCabrilloExportView.swift,\ DigitalContestCabrilloService.swift,\ DigitalContestEngine.swift,\ DigitalMasterStationView.swift,\ DigitalModemEngine.swift,\ DigitalModemStationView.swift,\ DigitalTargetQueueEngine.swift,\ DRAPAbsorptionEngine.swift,\ DuplicateReview.swift /Users/factoreal/Downloads/yaam/YAAM/DigitalAudioAlertEngine.swift /Users/factoreal/Downloads/yaam/YAAM/DigitalAudioWaterfallView.swift /Users/factoreal/Downloads/yaam/YAAM/DigitalCallRosterEngine.swift /Users/factoreal/Downloads/yaam/YAAM/DigitalCallRosterView.swift /Users/factoreal/Downloads/yaam/YAAM/DigitalContestBandMatrixView.swift /Users/factoreal/Downloads/yaam/YAAM/DigitalContestCabrilloExportView.swift /Users/factoreal/Downloads/yaam/YAAM/DigitalContestCabrilloService.swift /Users/factoreal/Downloads/yaam/YAAM/DigitalContestEngine.swift /Users/factoreal/Downloads/yaam/YAAM/DigitalMasterStationView.swift /Users/factoreal/Downloads/yaam/YAAM/DigitalModemEngine.swift /Users/factoreal/Downloads/yaam/YAAM/DigitalModemStationView.swift /Users/factoreal/Downloads/yaam/YAAM/DigitalTargetQueueEngine.swift /Users/factoreal/Downloads/yaam/YAAM/DRAPAbsorptionEngine.swift /Users/factoreal/Downloads/yaam/YAAM/DuplicateReview.swift (in target 'YAAM' from project 'YAAM')

SwiftCompile normal arm64 /Users/factoreal/Downloads/yaam/YAAM/DigitalAudioAlertEngine.swift (in target 'YAAM' from project 'YAAM')
    cd /Users/factoreal/Downloads/yaam
    

SwiftCompile normal arm64 /Users/factoreal/Downloads/yaam/YAAM/DigitalAudioWaterfallView.swift (in target 'YAAM' from project 'YAAM')
    cd /Users/factoreal/Downloads/yaam
    

SwiftCompile normal arm64 /Users/factoreal/Downloads/yaam/YAAM/DigitalCallRosterEngine.swift (in target 'YAAM' from project 'YAAM')
    cd /Users/factoreal/Downloads/yaam
    

SwiftCompile normal arm64 /Users/factoreal/Downloads/yaam/YAAM/DigitalCallRosterView.swift (in target 'YAAM' from project 'YAAM')
    cd /Users/factoreal/Downloads/yaam
    

SwiftCompile normal arm64 /Users/factoreal/Downloads/yaam/YAAM/DigitalContestBandMatrixView.swift (in target 'YAAM' from project 'YAAM')
    cd /Users/factoreal/Downloads/yaam
    

SwiftCompile normal arm64 /Users/factoreal/Downloads/yaam/YAAM/DigitalContestCabrilloExportView.swift (in target 'YAAM' from project 'YAAM')
    cd /Users/factoreal/Downloads/yaam
    

SwiftCompile normal arm64 /Users/factoreal/Downloads/yaam/YAAM/DigitalContestCabrilloService.swift (in target 'YAAM' from project 'YAAM')
    cd /Users/factoreal/Downloads/yaam
    

SwiftCompile normal arm64 /Users/factoreal/Downloads/yaam/YAAM/DigitalContestEngine.swift (in target 'YAAM' from project 'YAAM')
    cd /Users/factoreal/Downloads/yaam
    

SwiftCompile normal arm64 /Users/factoreal/Downloads/yaam/YAAM/DigitalMasterStationView.swift (in target 'YAAM' from project 'YAAM')
    cd /Users/factoreal/Downloads/yaam
    

SwiftCompile normal arm64 /Users/factoreal/Downloads/yaam/YAAM/DigitalModemEngine.swift (in target 'YAAM' from project 'YAAM')
    cd /Users/factoreal/Downloads/yaam
    
/Users/factoreal/Downloads/yaam/YAAM/DigitalModemEngine.swift:921:20: warning: no 'async' operations occur within 'await' expression
        let mode = await operatingMode
                   ^
/Users/factoreal/Downloads/yaam/YAAM/DigitalModemEngine.swift:922:21: warning: no 'async' operations occur within 'await' expression
        let markF = await effectiveMarkFrequency
                    ^
/Users/factoreal/Downloads/yaam/YAAM/DigitalModemEngine.swift:923:22: warning: no 'async' operations occur within 'await' expression
        let spaceF = await effectiveSpaceFrequency
                     ^
/Users/factoreal/Downloads/yaam/YAAM/DigitalModemEngine.swift:924:21: warning: no 'async' operations occur within 'await' expression
        let sRate = await sampleRate
                    ^
/Users/factoreal/Downloads/yaam/YAAM/DigitalModemEngine.swift:927:25: warning: no 'async' operations occur within 'await' expression
            var state = await baudotState
                        ^
/Users/factoreal/Downloads/yaam/YAAM/DigitalModemEngine.swift:983:28: warning: consider using asynchronous alternative function
                    player.scheduleBuffer(buffer) {
                           ^
AVFAudio.AVAudioPlayerNode.scheduleBuffer:2:11: note: 'scheduleBuffer' declared here
open func scheduleBuffer(_ buffer: AVAudioPCMBuffer) async}
          ^
/Users/factoreal/Downloads/yaam/YAAM/DigitalModemEngine.swift:1011:28: warning: consider using asynchronous alternative function
                    player.scheduleBuffer(buffer) {
                           ^
AVFAudio.AVAudioPlayerNode.scheduleBuffer:2:11: note: 'scheduleBuffer' declared here
open func scheduleBuffer(_ buffer: AVAudioPCMBuffer) async}
          ^
/Users/factoreal/Downloads/yaam/YAAM/DigitalModemEngine.swift:1054:22: warning: call to main actor-isolated instance method 'appendDecodedText' in a synchronous nonisolated context
                self.appendDecodedText(String(ch))
                     ^
/Users/factoreal/Downloads/yaam/YAAM/DigitalModemEngine.swift:792:17: note: calls to instance method 'appendDecodedText' from outside of its actor context are implicitly asynchronous
    public func appendDecodedText(_ text: String) {
                ^
/Users/factoreal/Downloads/yaam/YAAM/DigitalModemEngine.swift:1056:18: warning: call to main actor-isolated instance method 'appendDecodedText' in a synchronous nonisolated context
            self.appendDecodedText("\r\n")
                 ^
/Users/factoreal/Downloads/yaam/YAAM/DigitalModemEngine.swift:792:17: note: calls to instance method 'appendDecodedText' from outside of its actor context are implicitly asynchronous
    public func appendDecodedText(_ text: String) {
                ^
/Users/factoreal/Downloads/yaam/YAAM/DigitalModemEngine.swift:1069:18: warning: main actor-isolated property 'scopeSamples' can not be mutated from a Sendable closure
            self.scopeSamples = simScope
                 ^
/Users/factoreal/Downloads/yaam/YAAM/DigitalModemEngine.swift:373:27: note: mutation of this property is only permitted within the actor
    @Published public var scopeSamples: [DigitalScopeSample] = []
                          ^
/Users/factoreal/Downloads/yaam/YAAM/DigitalModemEngine.swift:1070:18: warning: main actor-isolated property 'markLevel' can not be mutated from a Sendable closure
            self.markLevel = 0.78
                 ^
/Users/factoreal/Downloads/yaam/YAAM/DigitalModemEngine.swift:359:27: note: mutation of this property is only permitted within the actor
    @Published public var markLevel: Float = 0.0
                          ^
/Users/factoreal/Downloads/yaam/YAAM/DigitalModemEngine.swift:1071:18: warning: main actor-isolated property 'spaceLevel' can not be mutated from a Sendable closure
            self.spaceLevel = 0.75
                 ^
/Users/factoreal/Downloads/yaam/YAAM/DigitalModemEngine.swift:360:27: note: mutation of this property is only permitted within the actor
    @Published public var spaceLevel: Float = 0.0
                          ^
/Users/factoreal/Downloads/yaam/YAAM/DigitalModemEngine.swift:1072:18: warning: main actor-isolated property 'signalToNoiseRatioDb' can not be mutated from a Sendable closure
            self.signalToNoiseRatioDb = 24.5
                 ^
/Users/factoreal/Downloads/yaam/YAAM/DigitalModemEngine.swift:358:27: note: mutation of this property is only permitted within the actor
    @Published public var signalToNoiseRatioDb: Double = 0.0
                          ^
/Users/factoreal/Downloads/yaam/YAAM/DigitalModemEngine.swift:1073:18: warning: main actor-isolated property 'audioInputLevel' can not be mutated from a Sendable closure
            self.audioInputLevel = 0.72
                 ^
/Users/factoreal/Downloads/yaam/YAAM/DigitalModemEngine.swift:357:27: note: mutation of this property is only permitted within the actor
    @Published public var audioInputLevel: Float = 0.0
                          ^
/Users/factoreal/Downloads/yaam/YAAM/DigitalModemEngine.swift:1077:39: warning: main actor-isolated property 'centerFrequencyHz' can not be referenced from a Sendable closure
            let centerBin = Int((self.centerFrequencyHz - 300.0) / (3200.0 - 300.0) * 128.0)
                                      ^
/Users/factoreal/Downloads/yaam/YAAM/DigitalModemEngine.swift:346:27: note: property declared here
    @Published public var centerFrequencyHz: Double = 1500.0
                          ^
/Users/factoreal/Downloads/yaam/YAAM/DigitalModemEngine.swift:1082:18: warning: main actor-isolated property 'waterfallSpectrum' can not be mutated from a Sendable closure
            self.waterfallSpectrum = simSpec
                 ^
/Users/factoreal/Downloads/yaam/YAAM/DigitalModemEngine.swift:374:27: note: mutation of this property is only permitted within the actor
    @Published public var waterfallSpectrum: [Float] = Array(repeating: 0.0, count: 128)
                          ^

SwiftCompile normal arm64 /Users/factoreal/Downloads/yaam/YAAM/DigitalModemStationView.swift (in target 'YAAM' from project 'YAAM')
    cd /Users/factoreal/Downloads/yaam
    

SwiftCompile normal arm64 /Users/factoreal/Downloads/yaam/YAAM/DigitalTargetQueueEngine.swift (in target 'YAAM' from project 'YAAM')
    cd /Users/factoreal/Downloads/yaam
    

SwiftCompile normal arm64 /Users/factoreal/Downloads/yaam/YAAM/DRAPAbsorptionEngine.swift (in target 'YAAM' from project 'YAAM')
    cd /Users/factoreal/Downloads/yaam
    

SwiftCompile normal arm64 /Users/factoreal/Downloads/yaam/YAAM/DuplicateReview.swift (in target 'YAAM' from project 'YAAM')
    cd /Users/factoreal/Downloads/yaam
    

SwiftCompile normal arm64 Compiling\ CompetitorProgressViews.swift,\ CompetitorTrackingEngine.swift,\ ConfirmationOpportunity.swift,\ ConfirmationSync.swift,\ ConnectivityServices.swift,\ ContentView.swift,\ ContestCalendarAndPropagationView.swift,\ ContestCalendarService.swift,\ ContestESMControlView.swift,\ ContestESMEngine.swift,\ ContestWorkspace.swift,\ CountryFlagEngine.swift,\ CountryNameNormalizer.swift,\ CTYDatabaseManager.swift /Users/factoreal/Downloads/yaam/YAAM/CompetitorProgressViews.swift /Users/factoreal/Downloads/yaam/YAAM/CompetitorTrackingEngine.swift /Users/factoreal/Downloads/yaam/YAAM/ConfirmationOpportunity.swift /Users/factoreal/Downloads/yaam/YAAM/ConfirmationSync.swift /Users/factoreal/Downloads/yaam/YAAM/ConnectivityServices.swift /Users/factoreal/Downloads/yaam/YAAM/ContentView.swift /Users/factoreal/Downloads/yaam/YAAM/ContestCalendarAndPropagationView.swift /Users/factoreal/Downloads/yaam/YAAM/ContestCalendarService.swift /Users/factoreal/Downloads/yaam/YAAM/ContestESMControlView.swift /Users/factoreal/Downloads/yaam/YAAM/ContestESMEngine.swift /Users/factoreal/Downloads/yaam/YAAM/ContestWorkspace.swift /Users/factoreal/Downloads/yaam/YAAM/CountryFlagEngine.swift /Users/factoreal/Downloads/yaam/YAAM/CountryNameNormalizer.swift /Users/factoreal/Downloads/yaam/YAAM/CTYDatabaseManager.swift (in target 'YAAM' from project 'YAAM')

SwiftCompile normal arm64 /Users/factoreal/Downloads/yaam/YAAM/CompetitorProgressViews.swift (in target 'YAAM' from project 'YAAM')
    cd /Users/factoreal/Downloads/yaam
    

SwiftCompile normal arm64 /Users/factoreal/Downloads/yaam/YAAM/CompetitorTrackingEngine.swift (in target 'YAAM' from project 'YAAM')
    cd /Users/factoreal/Downloads/yaam
    

SwiftCompile normal arm64 /Users/factoreal/Downloads/yaam/YAAM/ConfirmationOpportunity.swift (in target 'YAAM' from project 'YAAM')
    cd /Users/factoreal/Downloads/yaam
    

SwiftCompile normal arm64 /Users/factoreal/Downloads/yaam/YAAM/ConfirmationSync.swift (in target 'YAAM' from project 'YAAM')
    cd /Users/factoreal/Downloads/yaam
    

SwiftCompile normal arm64 /Users/factoreal/Downloads/yaam/YAAM/ConnectivityServices.swift (in target 'YAAM' from project 'YAAM')
    cd /Users/factoreal/Downloads/yaam
    

SwiftCompile normal arm64 /Users/factoreal/Downloads/yaam/YAAM/ContentView.swift (in target 'YAAM' from project 'YAAM')
    cd /Users/factoreal/Downloads/yaam
    

SwiftCompile normal arm64 /Users/factoreal/Downloads/yaam/YAAM/ContestCalendarAndPropagationView.swift (in target 'YAAM' from project 'YAAM')
    cd /Users/factoreal/Downloads/yaam
    

SwiftCompile normal arm64 /Users/factoreal/Downloads/yaam/YAAM/ContestCalendarService.swift (in target 'YAAM' from project 'YAAM')
    cd /Users/factoreal/Downloads/yaam
    

SwiftCompile normal arm64 /Users/factoreal/Downloads/yaam/YAAM/ContestESMControlView.swift (in target 'YAAM' from project 'YAAM')
    cd /Users/factoreal/Downloads/yaam
    

SwiftCompile normal arm64 /Users/factoreal/Downloads/yaam/YAAM/ContestESMEngine.swift (in target 'YAAM' from project 'YAAM')
    cd /Users/factoreal/Downloads/yaam
    

SwiftCompile normal arm64 /Users/factoreal/Downloads/yaam/YAAM/ContestWorkspace.swift (in target 'YAAM' from project 'YAAM')
    cd /Users/factoreal/Downloads/yaam
    

SwiftCompile normal arm64 /Users/factoreal/Downloads/yaam/YAAM/CountryFlagEngine.swift (in target 'YAAM' from project 'YAAM')
    cd /Users/factoreal/Downloads/yaam
    

SwiftCompile normal arm64 /Users/factoreal/Downloads/yaam/YAAM/CountryNameNormalizer.swift (in target 'YAAM' from project 'YAAM')
    cd /Users/factoreal/Downloads/yaam
    

SwiftCompile normal arm64 /Users/factoreal/Downloads/yaam/YAAM/CTYDatabaseManager.swift (in target 'YAAM' from project 'YAAM')
    cd /Users/factoreal/Downloads/yaam
    

SwiftCompile normal arm64 Compiling\ CWAcademyEngine.swift,\ CWAcademyView.swift,\ CWAdaptiveAssistant.swift,\ CWAudioDecoderEngine.swift,\ CWDecoderView.swift,\ CWESMEngine.swift,\ CWHardwareSetupSheet.swift,\ CWKeyerService.swift,\ CWKeyerView.swift,\ CWPileupSimulatorEngine.swift,\ CWPileupSimulatorView.swift,\ CWReferenceDatabase.swift,\ CWReferenceDeskView.swift,\ DataSafetySettingsView.swift /Users/factoreal/Downloads/yaam/YAAM/CWAcademyEngine.swift /Users/factoreal/Downloads/yaam/YAAM/CWAcademyView.swift /Users/factoreal/Downloads/yaam/YAAM/CWAdaptiveAssistant.swift /Users/factoreal/Downloads/yaam/YAAM/CWAudioDecoderEngine.swift /Users/factoreal/Downloads/yaam/YAAM/CWDecoderView.swift /Users/factoreal/Downloads/yaam/YAAM/CWESMEngine.swift /Users/factoreal/Downloads/yaam/YAAM/CWHardwareSetupSheet.swift /Users/factoreal/Downloads/yaam/YAAM/CWKeyerService.swift /Users/factoreal/Downloads/yaam/YAAM/CWKeyerView.swift /Users/factoreal/Downloads/yaam/YAAM/CWPileupSimulatorEngine.swift /Users/factoreal/Downloads/yaam/YAAM/CWPileupSimulatorView.swift /Users/factoreal/Downloads/yaam/YAAM/CWReferenceDatabase.swift /Users/factoreal/Downloads/yaam/YAAM/CWReferenceDeskView.swift /Users/factoreal/Downloads/yaam/YAAM/DataSafetySettingsView.swift (in target 'YAAM' from project 'YAAM')

SwiftCompile normal arm64 /Users/factoreal/Downloads/yaam/YAAM/CWAcademyEngine.swift (in target 'YAAM' from project 'YAAM')
    cd /Users/factoreal/Downloads/yaam
    

SwiftCompile normal arm64 /Users/factoreal/Downloads/yaam/YAAM/CWAcademyView.swift (in target 'YAAM' from project 'YAAM')
    cd /Users/factoreal/Downloads/yaam
    

SwiftCompile normal arm64 /Users/factoreal/Downloads/yaam/YAAM/CWAdaptiveAssistant.swift (in target 'YAAM' from project 'YAAM')
    cd /Users/factoreal/Downloads/yaam
    

SwiftCompile normal arm64 /Users/factoreal/Downloads/yaam/YAAM/CWAudioDecoderEngine.swift (in target 'YAAM' from project 'YAAM')
    cd /Users/factoreal/Downloads/yaam
    

SwiftCompile normal arm64 /Users/factoreal/Downloads/yaam/YAAM/CWDecoderView.swift (in target 'YAAM' from project 'YAAM')
    cd /Users/factoreal/Downloads/yaam
    

SwiftCompile normal arm64 /Users/factoreal/Downloads/yaam/YAAM/CWESMEngine.swift (in target 'YAAM' from project 'YAAM')
    cd /Users/factoreal/Downloads/yaam
    

SwiftCompile normal arm64 /Users/factoreal/Downloads/yaam/YAAM/CWHardwareSetupSheet.swift (in target 'YAAM' from project 'YAAM')
    cd /Users/factoreal/Downloads/yaam
    

SwiftCompile normal arm64 /Users/factoreal/Downloads/yaam/YAAM/CWKeyerService.swift (in target 'YAAM' from project 'YAAM')
    cd /Users/factoreal/Downloads/yaam
    

SwiftCompile normal arm64 /Users/factoreal/Downloads/yaam/YAAM/CWKeyerView.swift (in target 'YAAM' from project 'YAAM')
    cd /Users/factoreal/Downloads/yaam
    

SwiftCompile normal arm64 /Users/factoreal/Downloads/yaam/YAAM/CWPileupSimulatorEngine.swift (in target 'YAAM' from project 'YAAM')
    cd /Users/factoreal/Downloads/yaam
    

SwiftCompile normal arm64 /Users/factoreal/Downloads/yaam/YAAM/CWPileupSimulatorView.swift (in target 'YAAM' from project 'YAAM')
    cd /Users/factoreal/Downloads/yaam
    
/Users/factoreal/Downloads/yaam/YAAM/CWPileupSimulatorView.swift:373:26: warning: 'onChange(of:perform:)' was deprecated in macOS 14.0: Use `onChange` with a two or zero parameter action closure instead.
                        .onChange(of: sim.draftCallsign) { newValue in
                         ^

SwiftCompile normal arm64 /Users/factoreal/Downloads/yaam/YAAM/CWReferenceDatabase.swift (in target 'YAAM' from project 'YAAM')
    cd /Users/factoreal/Downloads/yaam
    

SwiftCompile normal arm64 /Users/factoreal/Downloads/yaam/YAAM/CWReferenceDeskView.swift (in target 'YAAM' from project 'YAAM')
    cd /Users/factoreal/Downloads/yaam
    

SwiftCompile normal arm64 /Users/factoreal/Downloads/yaam/YAAM/DataSafetySettingsView.swift (in target 'YAAM' from project 'YAAM')
    cd /Users/factoreal/Downloads/yaam
    

SwiftCompile normal arm64 Compiling\ OperatorDeskView.swift,\ OperatorModels.swift,\ PortableActivity.swift,\ QRZAwardsScraper.swift,\ QRZAwardsView.swift,\ QRZIncomingAndAssistant.swift,\ QRZLoginView.swift,\ QRZRankAPIContract.swift,\ QRZRankService.swift,\ QSLCardView.swift,\ QSLHub.swift,\ QSLHubStudioView.swift,\ QSLInboxEngine.swift,\ QSLLabelDesignerView.swift /Users/factoreal/Downloads/yaam/YAAM/OperatorDeskView.swift /Users/factoreal/Downloads/yaam/YAAM/OperatorModels.swift /Users/factoreal/Downloads/yaam/YAAM/PortableActivity.swift /Users/factoreal/Downloads/yaam/YAAM/QRZAwardsScraper.swift /Users/factoreal/Downloads/yaam/YAAM/QRZAwardsView.swift /Users/factoreal/Downloads/yaam/YAAM/QRZIncomingAndAssistant.swift /Users/factoreal/Downloads/yaam/YAAM/QRZLoginView.swift /Users/factoreal/Downloads/yaam/YAAM/QRZRankAPIContract.swift /Users/factoreal/Downloads/yaam/YAAM/QRZRankService.swift /Users/factoreal/Downloads/yaam/YAAM/QSLCardView.swift /Users/factoreal/Downloads/yaam/YAAM/QSLHub.swift /Users/factoreal/Downloads/yaam/YAAM/QSLHubStudioView.swift /Users/factoreal/Downloads/yaam/YAAM/QSLInboxEngine.swift /Users/factoreal/Downloads/yaam/YAAM/QSLLabelDesignerView.swift (in target 'YAAM' from project 'YAAM')
SwiftCompile normal arm64 /Users/factoreal/Downloads/yaam/YAAM/OperatorDeskView.swift (in target 'YAAM' from project 'YAAM')
    cd /Users/factoreal/Downloads/yaam
    

SwiftCompile normal arm64 /Users/factoreal/Downloads/yaam/YAAM/OperatorModels.swift (in target 'YAAM' from project 'YAAM')
    cd /Users/factoreal/Downloads/yaam
    

SwiftCompile normal arm64 /Users/factoreal/Downloads/yaam/YAAM/PortableActivity.swift (in target 'YAAM' from project 'YAAM')
    cd /Users/factoreal/Downloads/yaam
    

SwiftCompile normal arm64 /Users/factoreal/Downloads/yaam/YAAM/QRZAwardsScraper.swift (in target 'YAAM' from project 'YAAM')
    cd /Users/factoreal/Downloads/yaam
    

SwiftCompile normal arm64 /Users/factoreal/Downloads/yaam/YAAM/QRZAwardsView.swift (in target 'YAAM' from project 'YAAM')
    cd /Users/factoreal/Downloads/yaam
    

SwiftCompile normal arm64 /Users/factoreal/Downloads/yaam/YAAM/QRZIncomingAndAssistant.swift (in target 'YAAM' from project 'YAAM')
    cd /Users/factoreal/Downloads/yaam
    

SwiftCompile normal arm64 /Users/factoreal/Downloads/yaam/YAAM/QRZLoginView.swift (in target 'YAAM' from project 'YAAM')
    cd /Users/factoreal/Downloads/yaam
    

SwiftCompile normal arm64 /Users/factoreal/Downloads/yaam/YAAM/QRZRankAPIContract.swift (in target 'YAAM' from project 'YAAM')
    cd /Users/factoreal/Downloads/yaam
    

SwiftCompile normal arm64 /Users/factoreal/Downloads/yaam/YAAM/QRZRankService.swift (in target 'YAAM' from project 'YAAM')
    cd /Users/factoreal/Downloads/yaam
    

SwiftCompile normal arm64 /Users/factoreal/Downloads/yaam/YAAM/QSLCardView.swift (in target 'YAAM' from project 'YAAM')
    cd /Users/factoreal/Downloads/yaam
    

SwiftCompile normal arm64 /Users/factoreal/Downloads/yaam/YAAM/QSLHub.swift (in target 'YAAM' from project 'YAAM')
    cd /Users/factoreal/Downloads/yaam
    

SwiftCompile normal arm64 /Users/factoreal/Downloads/yaam/YAAM/QSLHubStudioView.swift (in target 'YAAM' from project 'YAAM')
    cd /Users/factoreal/Downloads/yaam
    

SwiftCompile normal arm64 /Users/factoreal/Downloads/yaam/YAAM/QSLInboxEngine.swift (in target 'YAAM' from project 'YAAM')
    cd /Users/factoreal/Downloads/yaam
    

SwiftCompile normal arm64 /Users/factoreal/Downloads/yaam/YAAM/QSLLabelDesignerView.swift (in target 'YAAM' from project 'YAAM')
    cd /Users/factoreal/Downloads/yaam
    

SwiftCompile normal arm64 Compiling\ AboutView.swift,\ ActivityConsoleView.swift,\ ADIFParser.swift,\ AmateurBandSettings.swift,\ AmateurBandsSettingsView.swift,\ AppState.swift,\ AppStateConnectivity.swift,\ AppStateContestCalendar.swift,\ AppStateOperatorFeatures.swift,\ AppStatePersistence.swift,\ AppStateQSLHub.swift,\ AppStateRadioContestFeatures.swift,\ AppStateSyncCenter.swift,\ APRSBalloonTrackingEngine.swift,\ AstronomicalSolarEngine.swift /Users/factoreal/Downloads/yaam/YAAM/AboutView.swift /Users/factoreal/Downloads/yaam/YAAM/ActivityConsoleView.swift /Users/factoreal/Downloads/yaam/YAAM/ADIFParser.swift /Users/factoreal/Downloads/yaam/YAAM/AmateurBandSettings.swift /Users/factoreal/Downloads/yaam/YAAM/AmateurBandsSettingsView.swift /Users/factoreal/Downloads/yaam/YAAM/AppState.swift /Users/factoreal/Downloads/yaam/YAAM/AppStateConnectivity.swift /Users/factoreal/Downloads/yaam/YAAM/AppStateContestCalendar.swift /Users/factoreal/Downloads/yaam/YAAM/AppStateOperatorFeatures.swift /Users/factoreal/Downloads/yaam/YAAM/AppStatePersistence.swift /Users/factoreal/Downloads/yaam/YAAM/AppStateQSLHub.swift /Users/factoreal/Downloads/yaam/YAAM/AppStateRadioContestFeatures.swift /Users/factoreal/Downloads/yaam/YAAM/AppStateSyncCenter.swift /Users/factoreal/Downloads/yaam/YAAM/APRSBalloonTrackingEngine.swift /Users/factoreal/Downloads/yaam/YAAM/AstronomicalSolarEngine.swift (in target 'YAAM' from project 'YAAM')

SwiftCompile normal arm64 /Users/factoreal/Downloads/yaam/YAAM/AboutView.swift (in target 'YAAM' from project 'YAAM')
    cd /Users/factoreal/Downloads/yaam
    

SwiftCompile normal arm64 /Users/factoreal/Downloads/yaam/YAAM/ActivityConsoleView.swift (in target 'YAAM' from project 'YAAM')
    cd /Users/factoreal/Downloads/yaam
    

SwiftCompile normal arm64 /Users/factoreal/Downloads/yaam/YAAM/ADIFParser.swift (in target 'YAAM' from project 'YAAM')
    cd /Users/factoreal/Downloads/yaam
    

SwiftCompile normal arm64 /Users/factoreal/Downloads/yaam/YAAM/AmateurBandSettings.swift (in target 'YAAM' from project 'YAAM')
    cd /Users/factoreal/Downloads/yaam
    

SwiftCompile normal arm64 /Users/factoreal/Downloads/yaam/YAAM/AmateurBandsSettingsView.swift (in target 'YAAM' from project 'YAAM')
    cd /Users/factoreal/Downloads/yaam
    

SwiftCompile normal arm64 /Users/factoreal/Downloads/yaam/YAAM/AppState.swift (in target 'YAAM' from project 'YAAM')
    cd /Users/factoreal/Downloads/yaam
    

SwiftCompile normal arm64 /Users/factoreal/Downloads/yaam/YAAM/AppStateConnectivity.swift (in target 'YAAM' from project 'YAAM')
    cd /Users/factoreal/Downloads/yaam
    

SwiftCompile normal arm64 /Users/factoreal/Downloads/yaam/YAAM/AppStateContestCalendar.swift (in target 'YAAM' from project 'YAAM')
    cd /Users/factoreal/Downloads/yaam
    

SwiftCompile normal arm64 /Users/factoreal/Downloads/yaam/YAAM/AppStateOperatorFeatures.swift (in target 'YAAM' from project 'YAAM')
    cd /Users/factoreal/Downloads/yaam
    

SwiftCompile normal arm64 /Users/factoreal/Downloads/yaam/YAAM/AppStatePersistence.swift (in target 'YAAM' from project 'YAAM')
    cd /Users/factoreal/Downloads/yaam
    

SwiftCompile normal arm64 /Users/factoreal/Downloads/yaam/YAAM/AppStateQSLHub.swift (in target 'YAAM' from project 'YAAM')
    cd /Users/factoreal/Downloads/yaam
    

SwiftCompile normal arm64 /Users/factoreal/Downloads/yaam/YAAM/AppStateRadioContestFeatures.swift (in target 'YAAM' from project 'YAAM')
    cd /Users/factoreal/Downloads/yaam
    

SwiftCompile normal arm64 /Users/factoreal/Downloads/yaam/YAAM/AppStateSyncCenter.swift (in target 'YAAM' from project 'YAAM')
    cd /Users/factoreal/Downloads/yaam
    

SwiftCompile normal arm64 /Users/factoreal/Downloads/yaam/YAAM/APRSBalloonTrackingEngine.swift (in target 'YAAM' from project 'YAAM')
    cd /Users/factoreal/Downloads/yaam
    

SwiftCompile normal arm64 /Users/factoreal/Downloads/yaam/YAAM/AstronomicalSolarEngine.swift (in target 'YAAM' from project 'YAAM')
    cd /Users/factoreal/Downloads/yaam
    

SwiftCompile normal arm64 Compiling\ AuditLogger.swift,\ AuroralOvalEngine.swift,\ AwardEngine.swift,\ AzimuthalAndFlatMapCanvas.swift,\ BandmapEngine.swift,\ BandmapView.swift,\ CallIntelligenceEngine.swift,\ CallIntelligencePanelView.swift,\ CallsignLookupService.swift,\ ClubLogAwardsService.swift,\ ClubLogLoginView.swift,\ ClubLogSpotsService.swift,\ ClubLogSpotsView.swift,\ ClubMembershipEngine.swift,\ ClubMembershipView.swift /Users/factoreal/Downloads/yaam/YAAM/AuditLogger.swift /Users/factoreal/Downloads/yaam/YAAM/AuroralOvalEngine.swift /Users/factoreal/Downloads/yaam/YAAM/AwardEngine.swift /Users/factoreal/Downloads/yaam/YAAM/AzimuthalAndFlatMapCanvas.swift /Users/factoreal/Downloads/yaam/YAAM/BandmapEngine.swift /Users/factoreal/Downloads/yaam/YAAM/BandmapView.swift /Users/factoreal/Downloads/yaam/YAAM/CallIntelligenceEngine.swift /Users/factoreal/Downloads/yaam/YAAM/CallIntelligencePanelView.swift /Users/factoreal/Downloads/yaam/YAAM/CallsignLookupService.swift /Users/factoreal/Downloads/yaam/YAAM/ClubLogAwardsService.swift /Users/factoreal/Downloads/yaam/YAAM/ClubLogLoginView.swift /Users/factoreal/Downloads/yaam/YAAM/ClubLogSpotsService.swift /Users/factoreal/Downloads/yaam/YAAM/ClubLogSpotsView.swift /Users/factoreal/Downloads/yaam/YAAM/ClubMembershipEngine.swift /Users/factoreal/Downloads/yaam/YAAM/ClubMembershipView.swift (in target 'YAAM' from project 'YAAM')

SwiftCompile normal arm64 /Users/factoreal/Downloads/yaam/YAAM/AuditLogger.swift (in target 'YAAM' from project 'YAAM')
    cd /Users/factoreal/Downloads/yaam
    

SwiftCompile normal arm64 /Users/factoreal/Downloads/yaam/YAAM/AuroralOvalEngine.swift (in target 'YAAM' from project 'YAAM')
    cd /Users/factoreal/Downloads/yaam
    

SwiftCompile normal arm64 /Users/factoreal/Downloads/yaam/YAAM/AwardEngine.swift (in target 'YAAM' from project 'YAAM')
    cd /Users/factoreal/Downloads/yaam
    

SwiftCompile normal arm64 /Users/factoreal/Downloads/yaam/YAAM/AzimuthalAndFlatMapCanvas.swift (in target 'YAAM' from project 'YAAM')
    cd /Users/factoreal/Downloads/yaam
    
/Users/factoreal/Downloads/yaam/YAAM/AzimuthalAndFlatMapCanvas.swift:1513:13: warning: initialization of immutable value 'homePt' was never used; consider replacing with assignment to '_' or removing it
        let homePt = toScreen(home.latitude, home.longitude)
        ~~~~^~~~~~
        _

SwiftCompile normal arm64 /Users/factoreal/Downloads/yaam/YAAM/BandmapEngine.swift (in target 'YAAM' from project 'YAAM')
    cd /Users/factoreal/Downloads/yaam
    

SwiftCompile normal arm64 /Users/factoreal/Downloads/yaam/YAAM/BandmapView.swift (in target 'YAAM' from project 'YAAM')
    cd /Users/factoreal/Downloads/yaam
    

SwiftCompile normal arm64 /Users/factoreal/Downloads/yaam/YAAM/CallIntelligenceEngine.swift (in target 'YAAM' from project 'YAAM')
    cd /Users/factoreal/Downloads/yaam
    

SwiftCompile normal arm64 /Users/factoreal/Downloads/yaam/YAAM/CallIntelligencePanelView.swift (in target 'YAAM' from project 'YAAM')
    cd /Users/factoreal/Downloads/yaam
    

SwiftCompile normal arm64 /Users/factoreal/Downloads/yaam/YAAM/CallsignLookupService.swift (in target 'YAAM' from project 'YAAM')
    cd /Users/factoreal/Downloads/yaam
    

SwiftCompile normal arm64 /Users/factoreal/Downloads/yaam/YAAM/ClubLogAwardsService.swift (in target 'YAAM' from project 'YAAM')
    cd /Users/factoreal/Downloads/yaam
    

SwiftCompile normal arm64 /Users/factoreal/Downloads/yaam/YAAM/ClubLogLoginView.swift (in target 'YAAM' from project 'YAAM')
    cd /Users/factoreal/Downloads/yaam
    

SwiftCompile normal arm64 /Users/factoreal/Downloads/yaam/YAAM/ClubLogSpotsService.swift (in target 'YAAM' from project 'YAAM')
    cd /Users/factoreal/Downloads/yaam
    

SwiftCompile normal arm64 /Users/factoreal/Downloads/yaam/YAAM/ClubLogSpotsView.swift (in target 'YAAM' from project 'YAAM')
    cd /Users/factoreal/Downloads/yaam
    

SwiftCompile normal arm64 /Users/factoreal/Downloads/yaam/YAAM/ClubMembershipEngine.swift (in target 'YAAM' from project 'YAAM')
    cd /Users/factoreal/Downloads/yaam
    

SwiftCompile normal arm64 /Users/factoreal/Downloads/yaam/YAAM/ClubMembershipView.swift (in target 'YAAM' from project 'YAAM')
    cd /Users/factoreal/Downloads/yaam
    

SwiftCompile normal arm64 Compiling\ LoTWActivityDatabase.swift,\ MacCalendarService.swift,\ MaidenheadGridEngine.swift,\ MailAndSettingsViews.swift,\ NetworkTransceiverAutomatedTester.swift,\ NetworkTransceiverEmulatorEngine.swift,\ NetworkTransceiverEmulatorView.swift,\ OliviaMFSKEngine.swift,\ OliviaMFSKView.swift,\ ON4KSTClient.swift,\ ON4KSTView.swift,\ OnTheAirMonitorService.swift,\ OnTheAirRadarView.swift,\ OperationsCenterViews.swift /Users/factoreal/Downloads/yaam/YAAM/LoTWActivityDatabase.swift /Users/factoreal/Downloads/yaam/YAAM/MacCalendarService.swift /Users/factoreal/Downloads/yaam/YAAM/MaidenheadGridEngine.swift /Users/factoreal/Downloads/yaam/YAAM/MailAndSettingsViews.swift /Users/factoreal/Downloads/yaam/YAAM/NetworkTransceiverAutomatedTester.swift /Users/factoreal/Downloads/yaam/YAAM/NetworkTransceiverEmulatorEngine.swift /Users/factoreal/Downloads/yaam/YAAM/NetworkTransceiverEmulatorView.swift /Users/factoreal/Downloads/yaam/YAAM/OliviaMFSKEngine.swift /Users/factoreal/Downloads/yaam/YAAM/OliviaMFSKView.swift /Users/factoreal/Downloads/yaam/YAAM/ON4KSTClient.swift /Users/factoreal/Downloads/yaam/YAAM/ON4KSTView.swift /Users/factoreal/Downloads/yaam/YAAM/OnTheAirMonitorService.swift /Users/factoreal/Downloads/yaam/YAAM/OnTheAirRadarView.swift /Users/factoreal/Downloads/yaam/YAAM/OperationsCenterViews.swift (in target 'YAAM' from project 'YAAM')

SwiftCompile normal arm64 /Users/factoreal/Downloads/yaam/YAAM/LoTWActivityDatabase.swift (in target 'YAAM' from project 'YAAM')
    cd /Users/factoreal/Downloads/yaam
    

SwiftCompile normal arm64 /Users/factoreal/Downloads/yaam/YAAM/MacCalendarService.swift (in target 'YAAM' from project 'YAAM')
    cd /Users/factoreal/Downloads/yaam
    

SwiftCompile normal arm64 /Users/factoreal/Downloads/yaam/YAAM/MaidenheadGridEngine.swift (in target 'YAAM' from project 'YAAM')
    cd /Users/factoreal/Downloads/yaam
    

SwiftCompile normal arm64 /Users/factoreal/Downloads/yaam/YAAM/MailAndSettingsViews.swift (in target 'YAAM' from project 'YAAM')
    cd /Users/factoreal/Downloads/yaam
    

SwiftCompile normal arm64 /Users/factoreal/Downloads/yaam/YAAM/NetworkTransceiverAutomatedTester.swift (in target 'YAAM' from project 'YAAM')
    cd /Users/factoreal/Downloads/yaam
    

SwiftCompile normal arm64 /Users/factoreal/Downloads/yaam/YAAM/NetworkTransceiverEmulatorEngine.swift (in target 'YAAM' from project 'YAAM')
    cd /Users/factoreal/Downloads/yaam
    

SwiftCompile normal arm64 /Users/factoreal/Downloads/yaam/YAAM/NetworkTransceiverEmulatorView.swift (in target 'YAAM' from project 'YAAM')
    cd /Users/factoreal/Downloads/yaam
    

SwiftCompile normal arm64 /Users/factoreal/Downloads/yaam/YAAM/OliviaMFSKEngine.swift (in target 'YAAM' from project 'YAAM')
    cd /Users/factoreal/Downloads/yaam
    
/Users/factoreal/Downloads/yaam/YAAM/OliviaMFSKEngine.swift:122:13: warning: initialization of immutable value 'n' was never used; consider replacing with assignment to '_' or removing it
        let n = config.toneCount
        ~~~~^
        _
/Users/factoreal/Downloads/yaam/YAAM/OliviaMFSKEngine.swift:356:24: warning: no 'async' operations occur within 'await' expression
        let numTones = await config.toneCount
                       ^
/Users/factoreal/Downloads/yaam/YAAM/OliviaMFSKEngine.swift:357:37: warning: no 'async' operations occur within 'await' expression
        let symbolDuration = 1.0 / (await config.baudRate)
                                    ^
/Users/factoreal/Downloads/yaam/YAAM/OliviaMFSKEngine.swift:358:21: warning: no 'async' operations occur within 'await' expression
        let sRate = await sampleRate
                    ^
/Users/factoreal/Downloads/yaam/YAAM/OliviaMFSKEngine.swift:364:24: warning: no 'async' operations occur within 'await' expression
            let freq = await toneFrequency(at: toneIdx)
                       ^
/Users/factoreal/Downloads/yaam/YAAM/OliviaMFSKEngine.swift:393:28: warning: consider using asynchronous alternative function
                    player.scheduleBuffer(buffer) { continuation.resume() }
                           ^
AVFAudio.AVAudioPlayerNode.scheduleBuffer:2:11: note: 'scheduleBuffer' declared here
open func scheduleBuffer(_ buffer: AVAudioPCMBuffer) async}
          ^

SwiftCompile normal arm64 /Users/factoreal/Downloads/yaam/YAAM/OliviaMFSKView.swift (in target 'YAAM' from project 'YAAM')
    cd /Users/factoreal/Downloads/yaam
    

SwiftCompile normal arm64 /Users/factoreal/Downloads/yaam/YAAM/ON4KSTClient.swift (in target 'YAAM' from project 'YAAM')
    cd /Users/factoreal/Downloads/yaam
    

SwiftCompile normal arm64 /Users/factoreal/Downloads/yaam/YAAM/ON4KSTView.swift (in target 'YAAM' from project 'YAAM')
    cd /Users/factoreal/Downloads/yaam
    

SwiftCompile normal arm64 /Users/factoreal/Downloads/yaam/YAAM/OnTheAirMonitorService.swift (in target 'YAAM' from project 'YAAM')
    cd /Users/factoreal/Downloads/yaam
    

SwiftCompile normal arm64 /Users/factoreal/Downloads/yaam/YAAM/OnTheAirRadarView.swift (in target 'YAAM' from project 'YAAM')
    cd /Users/factoreal/Downloads/yaam
    

SwiftCompile normal arm64 /Users/factoreal/Downloads/yaam/YAAM/OperationsCenterViews.swift (in target 'YAAM' from project 'YAAM')
    cd /Users/factoreal/Downloads/yaam
    

LinkAssetCatalog /Users/factoreal/Downloads/yaam/YAAM/Assets.xcassets (in target 'YAAM' from project 'YAAM')
    cd /Users/factoreal/Downloads/yaam
    builtin-linkAssetCatalog --thinned /Users/factoreal/Downloads/yaam/build/CleanDerivedData/Build/Intermediates.noindex/YAAM.build/Debug/YAAM.build/assetcatalog_output/thinned --thinned-dependencies /Users/factoreal/Downloads/yaam/build/CleanDerivedData/Build/Intermediates.noindex/YAAM.build/Debug/YAAM.build/assetcatalog_dependencies_thinned --thinned-info-plist-content /Users/factoreal/Downloads/yaam/build/CleanDerivedData/Build/Intermediates.noindex/YAAM.build/Debug/YAAM.build/assetcatalog_generated_info.plist_thinned --unthinned /Users/factoreal/Downloads/yaam/build/CleanDerivedData/Build/Intermediates.noindex/YAAM.build/Debug/YAAM.build/assetcatalog_output/unthinned --unthinned-dependencies /Users/factoreal/Downloads/yaam/build/CleanDerivedData/Build/Intermediates.noindex/YAAM.build/Debug/YAAM.build/assetcatalog_dependencies_unthinned --unthinned-info-plist-content /Users/factoreal/Downloads/yaam/build/CleanDerivedData/Build/Intermediates.noindex/YAAM.build/Debug/YAAM.build/assetcatalog_generated_info.plist_unthinned --output /Users/factoreal/Downloads/yaam/build/CleanDerivedData/Build/Products/Debug/YAAM.app/Contents/Resources --plist-output /Users/factoreal/Downloads/yaam/build/CleanDerivedData/Build/Intermediates.noindex/YAAM.build/Debug/YAAM.build/assetcatalog_generated_info.plist
note: Emplaced /Users/factoreal/Downloads/yaam/build/CleanDerivedData/Build/Products/Debug/YAAM.app/Contents/Resources/AppIcon.icns (in target 'YAAM' from project 'YAAM')
note: Emplaced /Users/factoreal/Downloads/yaam/build/CleanDerivedData/Build/Products/Debug/YAAM.app/Contents/Resources/Assets.car (in target 'YAAM' from project 'YAAM')

SwiftDriverJobDiscovery normal arm64 Emitting module for YAAM (in target 'YAAM' from project 'YAAM')

SwiftDriver\ Compilation\ Requirements YAAM normal arm64 com.apple.xcode.tools.swift.compiler (in target 'YAAM' from project 'YAAM')
    cd /Users/factoreal/Downloads/yaam
    builtin-Swift-Compilation-Requirements -- /Applications/Xcode.app/Contents/Developer/Toolchains/XcodeDefault.xctoolchain/usr/bin/swiftc -module-name YAAM -Onone @/Users/factoreal/Downloads/yaam/build/CleanDerivedData/Build/Intermediates.noindex/YAAM.build/Debug/YAAM.build/Objects-normal/arm64/YAAM.SwiftFileList -DDEBUG -default-isolation\=MainActor -enable-bare-slash-regex -enable-upcoming-feature DisableOutwardActorInference -enable-upcoming-feature InferSendableFromCaptures -enable-upcoming-feature GlobalActorIsolatedTypesUsability -enable-upcoming-feature MemberImportVisibility -enable-upcoming-feature InferIsolatedConformances -enable-upcoming-feature NonisolatedNonsendingByDefault -enable-experimental-feature DebugDescriptionMacro -sdk /Applications/Xcode.app/Contents/Developer/Platforms/MacOSX.platform/Developer/SDKs/MacOSX26.5.sdk -target arm64-apple-macos15.6 -g -module-cache-path /Users/factoreal/Downloads/yaam/build/CleanDerivedData/ModuleCache.noindex -Xfrontend -serialize-debugging-options -enable-testing -index-store-path /Users/factoreal/Downloads/yaam/build/CleanDerivedData/Index.noindex/DataStore -Xcc -D_LIBCPP_HARDENING_MODE\=_LIBCPP_HARDENING_MODE_DEBUG -swift-version 5 -I /Users/factoreal/Downloads/yaam/build/CleanDerivedData/Build/Products/Debug -F /Users/factoreal/Downloads/yaam/build/CleanDerivedData/Build/Products/Debug/PackageFrameworks -F /Users/factoreal/Downloads/yaam/build/CleanDerivedData/Build/Products/Debug/PackageFrameworks -F /Users/factoreal/Downloads/yaam/build/CleanDerivedData/Build/Products/Debug/PackageFrameworks -F /Users/factoreal/Downloads/yaam/build/CleanDerivedData/Build/Products/Debug -emit-localized-strings -emit-localized-strings-path /Users/factoreal/Downloads/yaam/build/CleanDerivedData/Build/Intermediates.noindex/YAAM.build/Debug/YAAM.build/Objects-normal/arm64 -c -j14 -enable-batch-mode -incremental -Xcc -ivfsstatcache -Xcc /Users/factoreal/Downloads/yaam/build/CleanDerivedData/SDKStatCaches.noindex/macosx26.5-25F70-e082c4a02f00227109f4ed75e425c832.sdkstatcache -output-file-map /Users/factoreal/Downloads/yaam/build/CleanDerivedData/Build/Intermediates.noindex/YAAM.build/Debug/YAAM.build/Objects-normal/arm64/YAAM-OutputFileMap.json -use-frontend-parseable-output -save-temps -no-color-diagnostics -explicit-module-build -module-cache-path /Users/factoreal/Downloads/yaam/build/CleanDerivedData/Build/Intermediates.noindex/SwiftExplicitPrecompiledModules -clang-scanner-module-cache-path /Users/factoreal/Downloads/yaam/build/CleanDerivedData/ModuleCache.noindex -sdk-module-cache-path /Users/factoreal/Downloads/yaam/build/CleanDerivedData/ModuleCache.noindex -serialize-diagnostics -emit-dependencies -emit-module -emit-module-path /Users/factoreal/Downloads/yaam/build/CleanDerivedData/Build/Intermediates.noindex/YAAM.build/Debug/YAAM.build/Objects-normal/arm64/YAAM.swiftmodule -validate-clang-modules-once -clang-build-session-file /Users/factoreal/Downloads/yaam/build/CleanDerivedData/ModuleCache.noindex/Session.modulevalidation -Xcc -I/Users/factoreal/Downloads/yaam/build/CleanDerivedData/Build/Intermediates.noindex/YAAM.build/Debug/YAAM.build/swift-overrides.hmap -emit-const-values -Xfrontend -const-gather-protocols-file -Xfrontend /Users/factoreal/Downloads/yaam/build/CleanDerivedData/Build/Intermediates.noindex/YAAM.build/Debug/YAAM.build/Objects-normal/arm64/YAAM_const_extract_protocols.json -Xcc -iquote -Xcc /Users/factoreal/Downloads/yaam/build/CleanDerivedData/Build/Intermediates.noindex/YAAM.build/Debug/YAAM.build/YAAM-generated-files.hmap -Xcc -I/Users/factoreal/Downloads/yaam/build/CleanDerivedData/Build/Intermediates.noindex/YAAM.build/Debug/YAAM.build/YAAM-own-target-headers.hmap -Xcc -I/Users/factoreal/Downloads/yaam/build/CleanDerivedData/Build/Intermediates.noindex/YAAM.build/Debug/YAAM.build/YAAM-all-non-framework-target-headers.hmap -Xcc -ivfsoverlay -Xcc /Users/factoreal/Downloads/yaam/build/CleanDerivedData/Build/Intermediates.noindex/YAAM.build/Debug/YAAM-9e204e6b454e3d379328f661e50d2b22-VFS/all-product-headers.yaml -Xcc -iquote -Xcc /Users/factoreal/Downloads/yaam/build/CleanDerivedData/Build/Intermediates.noindex/YAAM.build/Debug/YAAM.build/YAAM-project-headers.hmap -Xcc -I/Users/factoreal/Downloads/yaam/build/CleanDerivedData/SourcePackages/checkouts/ft8-808/Sources/CFT8/include -Xcc -I/Users/factoreal/Downloads/yaam/build/CleanDerivedData/Build/Products/Debug/include -Xcc -I/Users/factoreal/Downloads/yaam/build/CleanDerivedData/Build/Intermediates.noindex/YAAM.build/Debug/YAAM.build/DerivedSources-normal/arm64 -Xcc -I/Users/factoreal/Downloads/yaam/build/CleanDerivedData/Build/Intermediates.noindex/YAAM.build/Debug/YAAM.build/DerivedSources/arm64 -Xcc -I/Users/factoreal/Downloads/yaam/build/CleanDerivedData/Build/Intermediates.noindex/YAAM.build/Debug/YAAM.build/DerivedSources -Xcc -DDEBUG\=1 -emit-objc-header -emit-objc-header-path /Users/factoreal/Downloads/yaam/build/CleanDerivedData/Build/Intermediates.noindex/YAAM.build/Debug/YAAM.build/Objects-normal/arm64/YAAM-Swift.h -working-directory /Users/factoreal/Downloads/yaam -experimental-emit-module-separately -disable-cmo

ProcessInfoPlistFile /Users/factoreal/Downloads/yaam/build/CleanDerivedData/Build/Products/Debug/YAAM.app/Contents/Info.plist /Users/factoreal/Downloads/yaam/build/CleanDerivedData/Build/Intermediates.noindex/YAAM.build/Debug/YAAM.build/empty-YAAM.plist (in target 'YAAM' from project 'YAAM')
    cd /Users/factoreal/Downloads/yaam
    builtin-infoPlistUtility /Users/factoreal/Downloads/yaam/build/CleanDerivedData/Build/Intermediates.noindex/YAAM.build/Debug/YAAM.build/empty-YAAM.plist -producttype com.apple.product-type.application -genpkginfo /Users/factoreal/Downloads/yaam/build/CleanDerivedData/Build/Products/Debug/YAAM.app/Contents/PkgInfo -expandbuildsettings -platform macosx -additionalcontentfile /Users/factoreal/Downloads/yaam/build/CleanDerivedData/Build/Intermediates.noindex/YAAM.build/Debug/YAAM.build/assetcatalog_generated_info.plist -o /Users/factoreal/Downloads/yaam/build/CleanDerivedData/Build/Products/Debug/YAAM.app/Contents/Info.plist

SwiftMergeGeneratedHeaders /Users/factoreal/Downloads/yaam/build/CleanDerivedData/Build/Intermediates.noindex/YAAM.build/Debug/YAAM.build/DerivedSources/YAAM-Swift.h /Users/factoreal/Downloads/yaam/build/CleanDerivedData/Build/Intermediates.noindex/YAAM.build/Debug/YAAM.build/Objects-normal/arm64/YAAM-Swift.h (in target 'YAAM' from project 'YAAM')
    cd /Users/factoreal/Downloads/yaam
    builtin-swiftHeaderTool -arch arm64 /Users/factoreal/Downloads/yaam/build/CleanDerivedData/Build/Intermediates.noindex/YAAM.build/Debug/YAAM.build/Objects-normal/arm64/YAAM-Swift.h -o /Users/factoreal/Downloads/yaam/build/CleanDerivedData/Build/Intermediates.noindex/YAAM.build/Debug/YAAM.build/DerivedSources/YAAM-Swift.h

Copy /Users/factoreal/Downloads/yaam/build/CleanDerivedData/Build/Products/Debug/YAAM.swiftmodule/arm64-apple-macos.swiftmodule /Users/factoreal/Downloads/yaam/build/CleanDerivedData/Build/Intermediates.noindex/YAAM.build/Debug/YAAM.build/Objects-normal/arm64/YAAM.swiftmodule (in target 'YAAM' from project 'YAAM')
    cd /Users/factoreal/Downloads/yaam
    builtin-copy -exclude .DS_Store -exclude CVS -exclude .svn -exclude .git -exclude .hg -resolve-src-symlinks -rename /Users/factoreal/Downloads/yaam/build/CleanDerivedData/Build/Intermediates.noindex/YAAM.build/Debug/YAAM.build/Objects-normal/arm64/YAAM.swiftmodule /Users/factoreal/Downloads/yaam/build/CleanDerivedData/Build/Products/Debug/YAAM.swiftmodule/arm64-apple-macos.swiftmodule

Copy /Users/factoreal/Downloads/yaam/build/CleanDerivedData/Build/Products/Debug/YAAM.swiftmodule/arm64-apple-macos.swiftdoc /Users/factoreal/Downloads/yaam/build/CleanDerivedData/Build/Intermediates.noindex/YAAM.build/Debug/YAAM.build/Objects-normal/arm64/YAAM.swiftdoc (in target 'YAAM' from project 'YAAM')
    cd /Users/factoreal/Downloads/yaam
    builtin-copy -exclude .DS_Store -exclude CVS -exclude .svn -exclude .git -exclude .hg -resolve-src-symlinks -rename /Users/factoreal/Downloads/yaam/build/CleanDerivedData/Build/Intermediates.noindex/YAAM.build/Debug/YAAM.build/Objects-normal/arm64/YAAM.swiftdoc /Users/factoreal/Downloads/yaam/build/CleanDerivedData/Build/Products/Debug/YAAM.swiftmodule/arm64-apple-macos.swiftdoc

Copy /Users/factoreal/Downloads/yaam/build/CleanDerivedData/Build/Products/Debug/YAAM.swiftmodule/arm64-apple-macos.abi.json /Users/factoreal/Downloads/yaam/build/CleanDerivedData/Build/Intermediates.noindex/YAAM.build/Debug/YAAM.build/Objects-normal/arm64/YAAM.abi.json (in target 'YAAM' from project 'YAAM')
    cd /Users/factoreal/Downloads/yaam
    builtin-copy -exclude .DS_Store -exclude CVS -exclude .svn -exclude .git -exclude .hg -resolve-src-symlinks -rename /Users/factoreal/Downloads/yaam/build/CleanDerivedData/Build/Intermediates.noindex/YAAM.build/Debug/YAAM.build/Objects-normal/arm64/YAAM.abi.json /Users/factoreal/Downloads/yaam/build/CleanDerivedData/Build/Products/Debug/YAAM.swiftmodule/arm64-apple-macos.abi.json

Copy /Users/factoreal/Downloads/yaam/build/CleanDerivedData/Build/Products/Debug/YAAM.swiftmodule/Project/arm64-apple-macos.swiftsourceinfo /Users/factoreal/Downloads/yaam/build/CleanDerivedData/Build/Intermediates.noindex/YAAM.build/Debug/YAAM.build/Objects-normal/arm64/YAAM.swiftsourceinfo (in target 'YAAM' from project 'YAAM')
    cd /Users/factoreal/Downloads/yaam
    builtin-copy -exclude .DS_Store -exclude CVS -exclude .svn -exclude .git -exclude .hg -resolve-src-symlinks -rename /Users/factoreal/Downloads/yaam/build/CleanDerivedData/Build/Intermediates.noindex/YAAM.build/Debug/YAAM.build/Objects-normal/arm64/YAAM.swiftsourceinfo /Users/factoreal/Downloads/yaam/build/CleanDerivedData/Build/Products/Debug/YAAM.swiftmodule/Project/arm64-apple-macos.swiftsourceinfo

SwiftCompile normal arm64 Compiling\ Globe3DView.swift,\ GridLocator.swift,\ GridMapViews.swift,\ GridTrackerMapView.swift,\ HamClockRemoteWebServer.swift,\ HamClockShackView.swift,\ HamlibRigctldServer.swift,\ HamQTHUploadClient.swift,\ HellschreiberEngine.swift,\ HellschreiberView.swift,\ HelpView.swift,\ HFPointToPointPropagationEngine.swift,\ HRDLogClient.swift,\ IcomNetworkRadio.swift /Users/factoreal/Downloads/yaam/YAAM/Globe3DView.swift /Users/factoreal/Downloads/yaam/YAAM/GridLocator.swift /Users/factoreal/Downloads/yaam/YAAM/GridMapViews.swift /Users/factoreal/Downloads/yaam/YAAM/GridTrackerMapView.swift /Users/factoreal/Downloads/yaam/YAAM/HamClockRemoteWebServer.swift /Users/factoreal/Downloads/yaam/YAAM/HamClockShackView.swift /Users/factoreal/Downloads/yaam/YAAM/HamlibRigctldServer.swift /Users/factoreal/Downloads/yaam/YAAM/HamQTHUploadClient.swift /Users/factoreal/Downloads/yaam/YAAM/HellschreiberEngine.swift /Users/factoreal/Downloads/yaam/YAAM/HellschreiberView.swift /Users/factoreal/Downloads/yaam/YAAM/HelpView.swift /Users/factoreal/Downloads/yaam/YAAM/HFPointToPointPropagationEngine.swift /Users/factoreal/Downloads/yaam/YAAM/HRDLogClient.swift /Users/factoreal/Downloads/yaam/YAAM/IcomNetworkRadio.swift (in target 'YAAM' from project 'YAAM')
SwiftCompile normal arm64 /Users/factoreal/Downloads/yaam/YAAM/Globe3DView.swift (in target 'YAAM' from project 'YAAM')
    cd /Users/factoreal/Downloads/yaam
    

SwiftCompile normal arm64 /Users/factoreal/Downloads/yaam/YAAM/GridLocator.swift (in target 'YAAM' from project 'YAAM')
    cd /Users/factoreal/Downloads/yaam
    

SwiftCompile normal arm64 /Users/factoreal/Downloads/yaam/YAAM/GridMapViews.swift (in target 'YAAM' from project 'YAAM')
    cd /Users/factoreal/Downloads/yaam
    

SwiftCompile normal arm64 /Users/factoreal/Downloads/yaam/YAAM/GridTrackerMapView.swift (in target 'YAAM' from project 'YAAM')
    cd /Users/factoreal/Downloads/yaam
    

SwiftCompile normal arm64 /Users/factoreal/Downloads/yaam/YAAM/HamClockRemoteWebServer.swift (in target 'YAAM' from project 'YAAM')
    cd /Users/factoreal/Downloads/yaam
    

SwiftCompile normal arm64 /Users/factoreal/Downloads/yaam/YAAM/HamClockShackView.swift (in target 'YAAM' from project 'YAAM')
    cd /Users/factoreal/Downloads/yaam
    

SwiftCompile normal arm64 /Users/factoreal/Downloads/yaam/YAAM/HamlibRigctldServer.swift (in target 'YAAM' from project 'YAAM')
    cd /Users/factoreal/Downloads/yaam
    

SwiftCompile normal arm64 /Users/factoreal/Downloads/yaam/YAAM/HamQTHUploadClient.swift (in target 'YAAM' from project 'YAAM')
    cd /Users/factoreal/Downloads/yaam
    

SwiftCompile normal arm64 /Users/factoreal/Downloads/yaam/YAAM/HellschreiberEngine.swift (in target 'YAAM' from project 'YAAM')
    cd /Users/factoreal/Downloads/yaam
    
/Users/factoreal/Downloads/yaam/YAAM/HellschreiberEngine.swift:319:21: warning: no 'async' operations occur within 'await' expression
        let sRate = await sampleRate
                    ^
/Users/factoreal/Downloads/yaam/YAAM/HellschreiberEngine.swift:320:20: warning: no 'async' operations occur within 'await' expression
        let freq = await centerFrequencyHz
                   ^
/Users/factoreal/Downloads/yaam/YAAM/HellschreiberEngine.swift:363:28: warning: consider using asynchronous alternative function
                    player.scheduleBuffer(buffer) { continuation.resume() }
                           ^
AVFAudio.AVAudioPlayerNode.scheduleBuffer:2:11: note: 'scheduleBuffer' declared here
open func scheduleBuffer(_ buffer: AVAudioPCMBuffer) async}
          ^
/Users/factoreal/Downloads/yaam/YAAM/HellschreiberEngine.swift:384:28: warning: consider using asynchronous alternative function
                    player.scheduleBuffer(buffer) { continuation.resume() }
                           ^
AVFAudio.AVAudioPlayerNode.scheduleBuffer:2:11: note: 'scheduleBuffer' declared here
open func scheduleBuffer(_ buffer: AVAudioPCMBuffer) async}
          ^

SwiftCompile normal arm64 /Users/factoreal/Downloads/yaam/YAAM/HellschreiberView.swift (in target 'YAAM' from project 'YAAM')
    cd /Users/factoreal/Downloads/yaam
    

SwiftCompile normal arm64 /Users/factoreal/Downloads/yaam/YAAM/HelpView.swift (in target 'YAAM' from project 'YAAM')
    cd /Users/factoreal/Downloads/yaam
    

SwiftCompile normal arm64 /Users/factoreal/Downloads/yaam/YAAM/HFPointToPointPropagationEngine.swift (in target 'YAAM' from project 'YAAM')
    cd /Users/factoreal/Downloads/yaam
    

SwiftCompile normal arm64 /Users/factoreal/Downloads/yaam/YAAM/HRDLogClient.swift (in target 'YAAM' from project 'YAAM')
    cd /Users/factoreal/Downloads/yaam
    

SwiftCompile normal arm64 /Users/factoreal/Downloads/yaam/YAAM/IcomNetworkRadio.swift (in target 'YAAM' from project 'YAAM')
    cd /Users/factoreal/Downloads/yaam
    

SwiftDriverJobDiscovery normal arm64 Compiling CWAcademyEngine.swift, CWAcademyView.swift, CWAdaptiveAssistant.swift, CWAudioDecoderEngine.swift, CWDecoderView.swift, CWESMEngine.swift, CWHardwareSetupSheet.swift, CWKeyerService.swift, CWKeyerView.swift, CWPileupSimulatorEngine.swift, CWPileupSimulatorView.swift, CWReferenceDatabase.swift, CWReferenceDeskView.swift, DataSafetySettingsView.swift (in target 'YAAM' from project 'YAAM')

SwiftDriverJobDiscovery normal arm64 Compiling DigitalAudioAlertEngine.swift, DigitalAudioWaterfallView.swift, DigitalCallRosterEngine.swift, DigitalCallRosterView.swift, DigitalContestBandMatrixView.swift, DigitalContestCabrilloExportView.swift, DigitalContestCabrilloService.swift, DigitalContestEngine.swift, DigitalMasterStationView.swift, DigitalModemEngine.swift, DigitalModemStationView.swift, DigitalTargetQueueEngine.swift, DRAPAbsorptionEngine.swift, DuplicateReview.swift (in target 'YAAM' from project 'YAAM')

SwiftDriverJobDiscovery normal arm64 Compiling QSLLabelEngine.swift, QSLSyncEngine.swift, QSOIdentity.swift, QSOMetadataFormatter.swift, RadioContestViews.swift, RankEnrichment.swift, ResizablePresentation.swift, RigControlClient.swift, RigControlEngine.swift, RigControlToolbarView.swift, RotatorControlEngine.swift, RotatorService.swift, RotatorToolbarWidgetView.swift, RoverModeControlSheet.swift (in target 'YAAM' from project 'YAAM')

SwiftDriverJobDiscovery normal arm64 Compiling TCIControlView.swift, TodayConfirmedQSLDispatchView.swift, TQSLService.swift, VisualAnalyticsView.swift, WavelogClient.swift, WavelogSyncEngine.swift, WinKeyerDriver.swift, WinKeyerView.swift, WorldVectorGeography.swift, WSJTXListener.swift, WSJTXLiveStreamView.swift, YAAMApp.swift, ZeroClickCloudUploadDaemon.swift, GeneratedAssetSymbols.swift (in target 'YAAM' from project 'YAAM')

SwiftDriverJobDiscovery normal arm64 Compiling AboutView.swift, ActivityConsoleView.swift, ADIFParser.swift, AmateurBandSettings.swift, AmateurBandsSettingsView.swift, AppState.swift, AppStateConnectivity.swift, AppStateContestCalendar.swift, AppStateOperatorFeatures.swift, AppStatePersistence.swift, AppStateQSLHub.swift, AppStateRadioContestFeatures.swift, AppStateSyncCenter.swift, APRSBalloonTrackingEngine.swift, AstronomicalSolarEngine.swift (in target 'YAAM' from project 'YAAM')

SwiftDriverJobDiscovery normal arm64 Compiling RoverModeEngine.swift, RoverModePillView.swift, RTTYCrossedEllipsesScopeView.swift, SatelliteTrackingEngine.swift, SDOSolarImageEngine.swift, SDRControlMergeEngine.swift, SerialKeyerDriver.swift, SerialPortService.swift, SettingsView.swift, ShackClockEngine.swift, SixMeterPropagationEngine.swift, SixMeterWatchView.swift, SpotArchiveDatabase.swift, SpotArchiveView.swift (in target 'YAAM' from project 'YAAM')

SwiftDriverJobDiscovery normal arm64 Compiling AuditLogger.swift, AuroralOvalEngine.swift, AwardEngine.swift, AzimuthalAndFlatMapCanvas.swift, BandmapEngine.swift, BandmapView.swift, CallIntelligenceEngine.swift, CallIntelligencePanelView.swift, CallsignLookupService.swift, ClubLogAwardsService.swift, ClubLogLoginView.swift, ClubLogSpotsService.swift, ClubLogSpotsView.swift, ClubMembershipEngine.swift, ClubMembershipView.swift (in target 'YAAM' from project 'YAAM')

SwiftDriverJobDiscovery normal arm64 Compiling LoTWActivityDatabase.swift, MacCalendarService.swift, MaidenheadGridEngine.swift, MailAndSettingsViews.swift, NetworkTransceiverAutomatedTester.swift, NetworkTransceiverEmulatorEngine.swift, NetworkTransceiverEmulatorView.swift, OliviaMFSKEngine.swift, OliviaMFSKView.swift, ON4KSTClient.swift, ON4KSTView.swift, OnTheAirMonitorService.swift, OnTheAirRadarView.swift, OperationsCenterViews.swift (in target 'YAAM' from project 'YAAM')

SwiftDriverJobDiscovery normal arm64 Compiling CompetitorProgressViews.swift, CompetitorTrackingEngine.swift, ConfirmationOpportunity.swift, ConfirmationSync.swift, ConnectivityServices.swift, ContentView.swift, ContestCalendarAndPropagationView.swift, ContestCalendarService.swift, ContestESMControlView.swift, ContestESMEngine.swift, ContestWorkspace.swift, CountryFlagEngine.swift, CountryNameNormalizer.swift, CTYDatabaseManager.swift (in target 'YAAM' from project 'YAAM')

SwiftDriverJobDiscovery normal arm64 Compiling DuplicateReviewView.swift, DXAdvisorView.swift, DXCCDatabase.swift, DXClusterClient.swift, DXNewsAndIntelligenceView.swift, DXpeditionService.swift, EQSLCardModalView.swift, EQSLService.swift, FeedbackView.swift, FilterSheetView.swift, FLRigClient.swift, FT8EngineService.swift, FT8StationView.swift, Globe3DMapView.swift (in target 'YAAM' from project 'YAAM')

SwiftDriverJobDiscovery normal arm64 Compiling IcomNetworkServer.swift, ImportReview.swift, ImportReviewView.swift, JS8Engine.swift, JS8StationView.swift, KeychainStore.swift, LeaderboardView.swift, LocalActivityMatrixView.swift, LocalClusterServer.swift, LogbookDatabase.swift, LogExportEngine.swift, LogFileReader.swift, LogSearchEngine.swift, LogTableView.swift (in target 'YAAM' from project 'YAAM')

SwiftDriverJobDiscovery normal arm64 Compiling SpotterDistanceEngine.swift, SSTVEngine.swift, SSTVStudioView.swift, StationProfile.swift, StationProfilesSettingsView.swift, StationWeatherRadarView.swift, StationWeatherSafetyEngine.swift, StatisticsView.swift, SuperCheckPartialEngine.swift, SyntheticRFSignalEngine.swift, TableColumnPolicy.swift, TacticalBandAdvisor.swift, TacticalPilotHUDView.swift, TCIClient.swift (in target 'YAAM' from project 'YAAM')

SwiftDriverJobDiscovery normal arm64 Compiling OperatorDeskView.swift, OperatorModels.swift, PortableActivity.swift, QRZAwardsScraper.swift, QRZAwardsView.swift, QRZIncomingAndAssistant.swift, QRZLoginView.swift, QRZRankAPIContract.swift, QRZRankService.swift, QSLCardView.swift, QSLHub.swift, QSLHubStudioView.swift, QSLInboxEngine.swift, QSLLabelDesignerView.swift (in target 'YAAM' from project 'YAAM')

SwiftDriverJobDiscovery normal arm64 Compiling Globe3DView.swift, GridLocator.swift, GridMapViews.swift, GridTrackerMapView.swift, HamClockRemoteWebServer.swift, HamClockShackView.swift, HamlibRigctldServer.swift, HamQTHUploadClient.swift, HellschreiberEngine.swift, HellschreiberView.swift, HelpView.swift, HFPointToPointPropagationEngine.swift, HRDLogClient.swift, IcomNetworkRadio.swift (in target 'YAAM' from project 'YAAM')

SwiftDriver\ Compilation YAAM normal arm64 com.apple.xcode.tools.swift.compiler (in target 'YAAM' from project 'YAAM')
    cd /Users/factoreal/Downloads/yaam
    builtin-Swift-Compilation -- /Applications/Xcode.app/Contents/Developer/Toolchains/XcodeDefault.xctoolchain/usr/bin/swiftc -module-name YAAM -Onone @/Users/factoreal/Downloads/yaam/build/CleanDerivedData/Build/Intermediates.noindex/YAAM.build/Debug/YAAM.build/Objects-normal/arm64/YAAM.SwiftFileList -DDEBUG -default-isolation\=MainActor -enable-bare-slash-regex -enable-upcoming-feature DisableOutwardActorInference -enable-upcoming-feature InferSendableFromCaptures -enable-upcoming-feature GlobalActorIsolatedTypesUsability -enable-upcoming-feature MemberImportVisibility -enable-upcoming-feature InferIsolatedConformances -enable-upcoming-feature NonisolatedNonsendingByDefault -enable-experimental-feature DebugDescriptionMacro -sdk /Applications/Xcode.app/Contents/Developer/Platforms/MacOSX.platform/Developer/SDKs/MacOSX26.5.sdk -target arm64-apple-macos15.6 -g -module-cache-path /Users/factoreal/Downloads/yaam/build/CleanDerivedData/ModuleCache.noindex -Xfrontend -serialize-debugging-options -enable-testing -index-store-path /Users/factoreal/Downloads/yaam/build/CleanDerivedData/Index.noindex/DataStore -Xcc -D_LIBCPP_HARDENING_MODE\=_LIBCPP_HARDENING_MODE_DEBUG -swift-version 5 -I /Users/factoreal/Downloads/yaam/build/CleanDerivedData/Build/Products/Debug -F /Users/factoreal/Downloads/yaam/build/CleanDerivedData/Build/Products/Debug/PackageFrameworks -F /Users/factoreal/Downloads/yaam/build/CleanDerivedData/Build/Products/Debug/PackageFrameworks -F /Users/factoreal/Downloads/yaam/build/CleanDerivedData/Build/Products/Debug/PackageFrameworks -F /Users/factoreal/Downloads/yaam/build/CleanDerivedData/Build/Products/Debug -emit-localized-strings -emit-localized-strings-path /Users/factoreal/Downloads/yaam/build/CleanDerivedData/Build/Intermediates.noindex/YAAM.build/Debug/YAAM.build/Objects-normal/arm64 -c -j14 -enable-batch-mode -incremental -Xcc -ivfsstatcache -Xcc /Users/factoreal/Downloads/yaam/build/CleanDerivedData/SDKStatCaches.noindex/macosx26.5-25F70-e082c4a02f00227109f4ed75e425c832.sdkstatcache -output-file-map /Users/factoreal/Downloads/yaam/build/CleanDerivedData/Build/Intermediates.noindex/YAAM.build/Debug/YAAM.build/Objects-normal/arm64/YAAM-OutputFileMap.json -use-frontend-parseable-output -save-temps -no-color-diagnostics -explicit-module-build -module-cache-path /Users/factoreal/Downloads/yaam/build/CleanDerivedData/Build/Intermediates.noindex/SwiftExplicitPrecompiledModules -clang-scanner-module-cache-path /Users/factoreal/Downloads/yaam/build/CleanDerivedData/ModuleCache.noindex -sdk-module-cache-path /Users/factoreal/Downloads/yaam/build/CleanDerivedData/ModuleCache.noindex -serialize-diagnostics -emit-dependencies -emit-module -emit-module-path /Users/factoreal/Downloads/yaam/build/CleanDerivedData/Build/Intermediates.noindex/YAAM.build/Debug/YAAM.build/Objects-normal/arm64/YAAM.swiftmodule -validate-clang-modules-once -clang-build-session-file /Users/factoreal/Downloads/yaam/build/CleanDerivedData/ModuleCache.noindex/Session.modulevalidation -Xcc -I/Users/factoreal/Downloads/yaam/build/CleanDerivedData/Build/Intermediates.noindex/YAAM.build/Debug/YAAM.build/swift-overrides.hmap -emit-const-values -Xfrontend -const-gather-protocols-file -Xfrontend /Users/factoreal/Downloads/yaam/build/CleanDerivedData/Build/Intermediates.noindex/YAAM.build/Debug/YAAM.build/Objects-normal/arm64/YAAM_const_extract_protocols.json -Xcc -iquote -Xcc /Users/factoreal/Downloads/yaam/build/CleanDerivedData/Build/Intermediates.noindex/YAAM.build/Debug/YAAM.build/YAAM-generated-files.hmap -Xcc -I/Users/factoreal/Downloads/yaam/build/CleanDerivedData/Build/Intermediates.noindex/YAAM.build/Debug/YAAM.build/YAAM-own-target-headers.hmap -Xcc -I/Users/factoreal/Downloads/yaam/build/CleanDerivedData/Build/Intermediates.noindex/YAAM.build/Debug/YAAM.build/YAAM-all-non-framework-target-headers.hmap -Xcc -ivfsoverlay -Xcc /Users/factoreal/Downloads/yaam/build/CleanDerivedData/Build/Intermediates.noindex/YAAM.build/Debug/YAAM-9e204e6b454e3d379328f661e50d2b22-VFS/all-product-headers.yaml -Xcc -iquote -Xcc /Users/factoreal/Downloads/yaam/build/CleanDerivedData/Build/Intermediates.noindex/YAAM.build/Debug/YAAM.build/YAAM-project-headers.hmap -Xcc -I/Users/factoreal/Downloads/yaam/build/CleanDerivedData/SourcePackages/checkouts/ft8-808/Sources/CFT8/include -Xcc -I/Users/factoreal/Downloads/yaam/build/CleanDerivedData/Build/Products/Debug/include -Xcc -I/Users/factoreal/Downloads/yaam/build/CleanDerivedData/Build/Intermediates.noindex/YAAM.build/Debug/YAAM.build/DerivedSources-normal/arm64 -Xcc -I/Users/factoreal/Downloads/yaam/build/CleanDerivedData/Build/Intermediates.noindex/YAAM.build/Debug/YAAM.build/DerivedSources/arm64 -Xcc -I/Users/factoreal/Downloads/yaam/build/CleanDerivedData/Build/Intermediates.noindex/YAAM.build/Debug/YAAM.build/DerivedSources -Xcc -DDEBUG\=1 -emit-objc-header -emit-objc-header-path /Users/factoreal/Downloads/yaam/build/CleanDerivedData/Build/Intermediates.noindex/YAAM.build/Debug/YAAM.build/Objects-normal/arm64/YAAM-Swift.h -working-directory /Users/factoreal/Downloads/yaam -experimental-emit-module-separately -disable-cmo

Ld /Users/factoreal/Downloads/yaam/build/CleanDerivedData/Build/Products/Debug/YAAM.app/Contents/MacOS/YAAM.debug.dylib normal (in target 'YAAM' from project 'YAAM')
    cd /Users/factoreal/Downloads/yaam
    /Applications/Xcode.app/Contents/Developer/Toolchains/XcodeDefault.xctoolchain/usr/bin/clang -Xlinker -reproducible -target arm64-apple-macos15.6 -dynamiclib -isysroot /Applications/Xcode.app/Contents/Developer/Platforms/MacOSX.platform/Developer/SDKs/MacOSX26.5.sdk -O0 -L/Users/factoreal/Downloads/yaam/build/CleanDerivedData/Build/Intermediates.noindex/EagerLinkingTBDs/Debug -L/Users/factoreal/Downloads/yaam/build/CleanDerivedData/Build/Products/Debug -F/Users/factoreal/Downloads/yaam/build/CleanDerivedData/Build/Intermediates.noindex/EagerLinkingTBDs/Debug -F/Users/factoreal/Downloads/yaam/build/CleanDerivedData/Build/Products/Debug/PackageFrameworks -F/Users/factoreal/Downloads/yaam/build/CleanDerivedData/Build/Products/Debug/PackageFrameworks -F/Users/factoreal/Downloads/yaam/build/CleanDerivedData/Build/Products/Debug/PackageFrameworks -F/Users/factoreal/Downloads/yaam/build/CleanDerivedData/Build/Products/Debug -filelist /Users/factoreal/Downloads/yaam/build/CleanDerivedData/Build/Intermediates.noindex/YAAM.build/Debug/YAAM.build/Objects-normal/arm64/YAAM.LinkFileList -install_name @rpath/YAAM.debug.dylib -Xlinker -rpath -Xlinker /usr/lib/swift -Xlinker -rpath -Xlinker /Users/factoreal/Downloads/yaam/build/CleanDerivedData/Build/Products/Debug/PackageFrameworks -Xlinker -rpath -Xlinker @executable_path/../Frameworks -Xlinker -object_path_lto -Xlinker /Users/factoreal/Downloads/yaam/build/CleanDerivedData/Build/Intermediates.noindex/YAAM.build/Debug/YAAM.build/Objects-normal/arm64/YAAM_lto.o -rdynamic -Xlinker -no_deduplicate -Xlinker -dependency_info -Xlinker /Users/factoreal/Downloads/yaam/build/CleanDerivedData/Build/Intermediates.noindex/YAAM.build/Debug/YAAM.build/Objects-normal/arm64/YAAM_dependency_info.dat -fobjc-link-runtime -L/Applications/Xcode.app/Contents/Developer/Toolchains/XcodeDefault.xctoolchain/usr/lib/swift/macosx -L/usr/lib/swift -Xlinker -add_ast_path -Xlinker /Users/factoreal/Downloads/yaam/build/CleanDerivedData/Build/Intermediates.noindex/YAAM.build/Debug/YAAM.build/Objects-normal/arm64/YAAM.swiftmodule @/Users/factoreal/Downloads/yaam/build/CleanDerivedData/Build/Intermediates.noindex/YAAM.build/Debug/YAAM.build/Objects-normal/arm64/YAAM-linker-args.resp -Wl,-no_warn_duplicate_libraries -Wl,-no_warn_duplicate_libraries -Wl,-no_warn_duplicate_libraries -Xlinker -alias -Xlinker _main -Xlinker ___debug_main_executable_dylib_entry_point -Xlinker -no_adhoc_codesign -o /Users/factoreal/Downloads/yaam/build/CleanDerivedData/Build/Products/Debug/YAAM.app/Contents/MacOS/YAAM.debug.dylib -Xlinker -add_ast_path -Xlinker /Users/factoreal/Downloads/yaam/build/CleanDerivedData/Build/Intermediates.noindex/FT8808.build/Debug/FT8Codec.build/Objects-normal/arm64/FT8Codec.swiftmodule @/Users/factoreal/Downloads/yaam/build/CleanDerivedData/Build/Intermediates.noindex/FT8808.build/Debug/FT8Codec.build/Objects-normal/arm64/FT8Codec-linker-args.resp -Xlinker -add_ast_path -Xlinker /Users/factoreal/Downloads/yaam/build/CleanDerivedData/Build/Intermediates.noindex/FT8808.build/Debug/FT8808Engine.build/Objects-normal/arm64/FT8808Engine.swiftmodule @/Users/factoreal/Downloads/yaam/build/CleanDerivedData/Build/Intermediates.noindex/FT8808.build/Debug/FT8808Engine.build/Objects-normal/arm64/FT8808Engine-linker-args.resp

ConstructStubExecutorLinkFileList /Users/factoreal/Downloads/yaam/build/CleanDerivedData/Build/Intermediates.noindex/YAAM.build/Debug/YAAM.build/YAAM-ExecutorLinkFileList-normal-arm64.txt (in target 'YAAM' from project 'YAAM')
    cd /Users/factoreal/Downloads/yaam
    construct-stub-executor-link-file-list /Users/factoreal/Downloads/yaam/build/CleanDerivedData/Build/Products/Debug/YAAM.app/Contents/MacOS/YAAM.debug.dylib /Applications/Xcode.app/Contents/Developer/Platforms/MacOSX.platform/Developer/usr/lib/libPreviewsJITStubExecutor_no_swift_entry_point.a /Applications/Xcode.app/Contents/Developer/Platforms/MacOSX.platform/Developer/usr/lib/libPreviewsJITStubExecutor.a --output /Users/factoreal/Downloads/yaam/build/CleanDerivedData/Build/Intermediates.noindex/YAAM.build/Debug/YAAM.build/YAAM-ExecutorLinkFileList-normal-arm64.txt
note: Using stub executor library with Swift entry point. (in target 'YAAM' from project 'YAAM')

Ld /Users/factoreal/Downloads/yaam/build/CleanDerivedData/Build/Products/Debug/YAAM.app/Contents/MacOS/YAAM normal (in target 'YAAM' from project 'YAAM')
    cd /Users/factoreal/Downloads/yaam
    /Applications/Xcode.app/Contents/Developer/Toolchains/XcodeDefault.xctoolchain/usr/bin/clang -Xlinker -reproducible -target arm64-apple-macos15.6 -isysroot /Applications/Xcode.app/Contents/Developer/Platforms/MacOSX.platform/Developer/SDKs/MacOSX26.5.sdk -O0 -L/Users/factoreal/Downloads/yaam/build/CleanDerivedData/Build/Products/Debug -F/Users/factoreal/Downloads/yaam/build/CleanDerivedData/Build/Products/Debug/PackageFrameworks -F/Users/factoreal/Downloads/yaam/build/CleanDerivedData/Build/Products/Debug/PackageFrameworks -F/Users/factoreal/Downloads/yaam/build/CleanDerivedData/Build/Products/Debug/PackageFrameworks -F/Users/factoreal/Downloads/yaam/build/CleanDerivedData/Build/Products/Debug -Xlinker -rpath -Xlinker @executable_path -Xlinker -rpath -Xlinker /Users/factoreal/Downloads/yaam/build/CleanDerivedData/Build/Products/Debug/PackageFrameworks -Xlinker -rpath -Xlinker @executable_path/../Frameworks -rdynamic -Xlinker -no_deduplicate -e ___debug_blank_executor_main -Xlinker -sectcreate -Xlinker __TEXT -Xlinker __debug_dylib -Xlinker /Users/factoreal/Downloads/yaam/build/CleanDerivedData/Build/Intermediates.noindex/YAAM.build/Debug/YAAM.build/YAAM-DebugDylibPath-normal-arm64.txt -Xlinker -sectcreate -Xlinker __TEXT -Xlinker __debug_instlnm -Xlinker /Users/factoreal/Downloads/yaam/build/CleanDerivedData/Build/Intermediates.noindex/YAAM.build/Debug/YAAM.build/YAAM-DebugDylibInstallName-normal-arm64.txt -Xlinker -filelist -Xlinker /Users/factoreal/Downloads/yaam/build/CleanDerivedData/Build/Intermediates.noindex/YAAM.build/Debug/YAAM.build/YAAM-ExecutorLinkFileList-normal-arm64.txt /Users/factoreal/Downloads/yaam/build/CleanDerivedData/Build/Products/Debug/YAAM.app/Contents/MacOS/YAAM.debug.dylib -Xlinker -no_adhoc_codesign -o /Users/factoreal/Downloads/yaam/build/CleanDerivedData/Build/Products/Debug/YAAM.app/Contents/MacOS/YAAM

CopySwiftLibs /Users/factoreal/Downloads/yaam/build/CleanDerivedData/Build/Products/Debug/YAAM.app (in target 'YAAM' from project 'YAAM')
    cd /Users/factoreal/Downloads/yaam
    builtin-swiftStdLibTool --copy --verbose --sign - --scan-executable /Users/factoreal/Downloads/yaam/build/CleanDerivedData/Build/Products/Debug/YAAM.app/Contents/MacOS/YAAM.debug.dylib --scan-folder /Users/factoreal/Downloads/yaam/build/CleanDerivedData/Build/Products/Debug/YAAM.app/Contents/Frameworks --scan-folder /Users/factoreal/Downloads/yaam/build/CleanDerivedData/Build/Products/Debug/YAAM.app/Contents/PlugIns --scan-folder /Users/factoreal/Downloads/yaam/build/CleanDerivedData/Build/Products/Debug/YAAM.app/Contents/Library/SystemExtensions --scan-folder /Users/factoreal/Downloads/yaam/build/CleanDerivedData/Build/Products/Debug/YAAM.app/Contents/Extensions --platform macosx --toolchain /Applications/Xcode.app/Contents/Developer/Toolchains/XcodeDefault.xctoolchain --destination /Users/factoreal/Downloads/yaam/build/CleanDerivedData/Build/Products/Debug/YAAM.app/Contents/Frameworks --strip-bitcode --strip-bitcode-tool /Applications/Xcode.app/Contents/Developer/Toolchains/XcodeDefault.xctoolchain/usr/bin/bitcode_strip --emit-dependency-info /Users/factoreal/Downloads/yaam/build/CleanDerivedData/Build/Intermediates.noindex/YAAM.build/Debug/YAAM.build/SwiftStdLibToolInputDependencies.dep --filter-for-swift-os --back-deploy-swift-span

ExtractAppIntentsMetadata (in target 'YAAM' from project 'YAAM')
    cd /Users/factoreal/Downloads/yaam
    /Applications/Xcode.app/Contents/Developer/Toolchains/XcodeDefault.xctoolchain/usr/bin/appintentsmetadataprocessor --toolchain-dir /Applications/Xcode.app/Contents/Developer/Toolchains/XcodeDefault.xctoolchain --module-name YAAM --sdk-root /Applications/Xcode.app/Contents/Developer/Platforms/MacOSX.platform/Developer/SDKs/MacOSX26.5.sdk --xcode-version 17F113 --platform-family macOS --deployment-target 15.6 --bundle-identifier ASIS.YAAM --output /Users/factoreal/Downloads/yaam/build/CleanDerivedData/Build/Products/Debug/YAAM.app/Contents/Resources --target-triple arm64-apple-macos15.6 --binary-file /Users/factoreal/Downloads/yaam/build/CleanDerivedData/Build/Products/Debug/YAAM.app/Contents/MacOS/YAAM --dependency-file /Users/factoreal/Downloads/yaam/build/CleanDerivedData/Build/Intermediates.noindex/YAAM.build/Debug/YAAM.build/Objects-normal/arm64/YAAM_dependency_info.dat --stringsdata-file /Users/factoreal/Downloads/yaam/build/CleanDerivedData/Build/Intermediates.noindex/YAAM.build/Debug/YAAM.build/Objects-normal/arm64/ExtractedAppShortcutsMetadata.stringsdata --source-file-list /Users/factoreal/Downloads/yaam/build/CleanDerivedData/Build/Intermediates.noindex/YAAM.build/Debug/YAAM.build/Objects-normal/arm64/YAAM.SwiftFileList --metadata-file-list /Users/factoreal/Downloads/yaam/build/CleanDerivedData/Build/Intermediates.noindex/YAAM.build/Debug/YAAM.build/YAAM.DependencyMetadataFileList --static-metadata-file-list /Users/factoreal/Downloads/yaam/build/CleanDerivedData/Build/Intermediates.noindex/YAAM.build/Debug/YAAM.build/YAAM.DependencyStaticMetadataFileList --swift-const-vals-list /Users/factoreal/Downloads/yaam/build/CleanDerivedData/Build/Intermediates.noindex/YAAM.build/Debug/YAAM.build/Objects-normal/arm64/YAAM.SwiftConstValuesFileList --compile-time-extraction --deployment-aware-processing --validate-assistant-intents --no-app-shortcuts-localization
2026-09-13 15:56:01.852 appintentsmetadataprocessor[48142:13965820] Starting appintentsmetadataprocessor export
2026-09-13 15:56:01.871 appintentsmetadataprocessor[48142:13965820] Extracted no relevant App Intents symbols, skipping writing output

CodeSign /Users/factoreal/Downloads/yaam/build/CleanDerivedData/Build/Products/Debug/YAAM.app/Contents/MacOS/YAAM.debug.dylib (in target 'YAAM' from project 'YAAM')
    cd /Users/factoreal/Downloads/yaam
    
    Signing Identity:     "Sign to Run Locally"
    
    /usr/bin/codesign --force --sign - --timestamp\=none --generate-entitlement-der /Users/factoreal/Downloads/yaam/build/CleanDerivedData/Build/Products/Debug/YAAM.app/Contents/MacOS/YAAM.debug.dylib

CodeSign /Users/factoreal/Downloads/yaam/build/CleanDerivedData/Build/Products/Debug/YAAM.app/Contents/MacOS/__preview.dylib (in target 'YAAM' from project 'YAAM')
    cd /Users/factoreal/Downloads/yaam
    
    Signing Identity:     "Sign to Run Locally"
    
    /usr/bin/codesign --force --sign - --timestamp\=none --generate-entitlement-der /Users/factoreal/Downloads/yaam/build/CleanDerivedData/Build/Products/Debug/YAAM.app/Contents/MacOS/__preview.dylib

CodeSign /Users/factoreal/Downloads/yaam/build/CleanDerivedData/Build/Products/Debug/YAAM.app (in target 'YAAM' from project 'YAAM')
    cd /Users/factoreal/Downloads/yaam
    
    Signing Identity:     "Sign to Run Locally"
    
    /usr/bin/codesign --force --sign - --entitlements /Users/factoreal/Downloads/yaam/build/CleanDerivedData/Build/Intermediates.noindex/YAAM.build/Debug/YAAM.build/YAAM.app.xcent --timestamp\=none --generate-entitlement-der /Users/factoreal/Downloads/yaam/build/CleanDerivedData/Build/Products/Debug/YAAM.app

RegisterExecutionPolicyException /Users/factoreal/Downloads/yaam/build/CleanDerivedData/Build/Products/Debug/YAAM.app (in target 'YAAM' from project 'YAAM')
    cd /Users/factoreal/Downloads/yaam
    builtin-RegisterExecutionPolicyException /Users/factoreal/Downloads/yaam/build/CleanDerivedData/Build/Products/Debug/YAAM.app

Validate /Users/factoreal/Downloads/yaam/build/CleanDerivedData/Build/Products/Debug/YAAM.app (in target 'YAAM' from project 'YAAM')
    cd /Users/factoreal/Downloads/yaam
    builtin-validationUtility /Users/factoreal/Downloads/yaam/build/CleanDerivedData/Build/Products/Debug/YAAM.app -no-validate-extension -infoplist-subpath Contents/Info.plist

Touch /Users/factoreal/Downloads/yaam/build/CleanDerivedData/Build/Products/Debug/YAAM.app (in target 'YAAM' from project 'YAAM')
    cd /Users/factoreal/Downloads/yaam
    /usr/bin/touch -c /Users/factoreal/Downloads/yaam/build/CleanDerivedData/Build/Products/Debug/YAAM.app

RegisterWithLaunchServices /Users/factoreal/Downloads/yaam/build/CleanDerivedData/Build/Products/Debug/YAAM.app (in target 'YAAM' from project 'YAAM')
    cd /Users/factoreal/Downloads/yaam
    /System/Library/Frameworks/CoreServices.framework/Versions/Current/Frameworks/LaunchServices.framework/Versions/Current/Support/lsregister -f -R -trusted /Users/factoreal/Downloads/yaam/build/CleanDerivedData/Build/Products/Debug/YAAM.app

** BUILD SUCCEEDED **

